Archive member included to satisfy reference by file (symbol)

d:/stm32cubeide_1.9.0/stm32cubeide/plugins/com.st.stm32cube.ide.mcu.externaltools.gnu-tools-for-stm32.10.3-2021.10.win32_1.0.0.202111181127/tools/bin/../lib/gcc/arm-none-eabi/10.3.1/../../../../arm-none-eabi/lib/thumb/v7e-m+fp/hard\libc_nano.a(lib_a-errno.o)
                              ./Core/Src/syscalls.o (__errno)
d:/stm32cubeide_1.9.0/stm32cubeide/plugins/com.st.stm32cube.ide.mcu.externaltools.gnu-tools-for-stm32.10.3-2021.10.win32_1.0.0.202111181127/tools/bin/../lib/gcc/arm-none-eabi/10.3.1/../../../../arm-none-eabi/lib/thumb/v7e-m+fp/hard\libc_nano.a(lib_a-exit.o)
                              d:/stm32cubeide_1.9.0/stm32cubeide/plugins/com.st.stm32cube.ide.mcu.externaltools.gnu-tools-for-stm32.10.3-2021.10.win32_1.0.0.202111181127/tools/bin/../lib/gcc/arm-none-eabi/10.3.1/../../../../arm-none-eabi/lib/thumb/v7e-m+fp/hard/crt0.o (exit)
d:/stm32cubeide_1.9.0/stm32cubeide/plugins/com.st.stm32cube.ide.mcu.externaltools.gnu-tools-for-stm32.10.3-2021.10.win32_1.0.0.202111181127/tools/bin/../lib/gcc/arm-none-eabi/10.3.1/../../../../arm-none-eabi/lib/thumb/v7e-m+fp/hard\libc_nano.a(lib_a-impure.o)
                              d:/stm32cubeide_1.9.0/stm32cubeide/plugins/com.st.stm32cube.ide.mcu.externaltools.gnu-tools-for-stm32.10.3-2021.10.win32_1.0.0.202111181127/tools/bin/../lib/gcc/arm-none-eabi/10.3.1/../../../../arm-none-eabi/lib/thumb/v7e-m+fp/hard\libc_nano.a(lib_a-exit.o) (_global_impure_ptr)
d:/stm32cubeide_1.9.0/stm32cubeide/plugins/com.st.stm32cube.ide.mcu.externaltools.gnu-tools-for-stm32.10.3-2021.10.win32_1.0.0.202111181127/tools/bin/../lib/gcc/arm-none-eabi/10.3.1/../../../../arm-none-eabi/lib/thumb/v7e-m+fp/hard\libc_nano.a(lib_a-init.o)
                              d:/stm32cubeide_1.9.0/stm32cubeide/plugins/com.st.stm32cube.ide.mcu.externaltools.gnu-tools-for-stm32.10.3-2021.10.win32_1.0.0.202111181127/tools/bin/../lib/gcc/arm-none-eabi/10.3.1/../../../../arm-none-eabi/lib/thumb/v7e-m+fp/hard/crt0.o (__libc_init_array)
d:/stm32cubeide_1.9.0/stm32cubeide/plugins/com.st.stm32cube.ide.mcu.externaltools.gnu-tools-for-stm32.10.3-2021.10.win32_1.0.0.202111181127/tools/bin/../lib/gcc/arm-none-eabi/10.3.1/../../../../arm-none-eabi/lib/thumb/v7e-m+fp/hard\libc_nano.a(lib_a-lcltime.o)
                              ./Core/Lib/Src/timer_funs.o (localtime)
d:/stm32cubeide_1.9.0/stm32cubeide/plugins/com.st.stm32cube.ide.mcu.externaltools.gnu-tools-for-stm32.10.3-2021.10.win32_1.0.0.202111181127/tools/bin/../lib/gcc/arm-none-eabi/10.3.1/../../../../arm-none-eabi/lib/thumb/v7e-m+fp/hard\libc_nano.a(lib_a-lcltime_r.o)
                              d:/stm32cubeide_1.9.0/stm32cubeide/plugins/com.st.stm32cube.ide.mcu.externaltools.gnu-tools-for-stm32.10.3-2021.10.win32_1.0.0.202111181127/tools/bin/../lib/gcc/arm-none-eabi/10.3.1/../../../../arm-none-eabi/lib/thumb/v7e-m+fp/hard\libc_nano.a(lib_a-lcltime.o) (localtime_r)
d:/stm32cubeide_1.9.0/stm32cubeide/plugins/com.st.stm32cube.ide.mcu.externaltools.gnu-tools-for-stm32.10.3-2021.10.win32_1.0.0.202111181127/tools/bin/../lib/gcc/arm-none-eabi/10.3.1/../../../../arm-none-eabi/lib/thumb/v7e-m+fp/hard\libc_nano.a(lib_a-malloc.o)
                              d:/stm32cubeide_1.9.0/stm32cubeide/plugins/com.st.stm32cube.ide.mcu.externaltools.gnu-tools-for-stm32.10.3-2021.10.win32_1.0.0.202111181127/tools/bin/../lib/gcc/arm-none-eabi/10.3.1/../../../../arm-none-eabi/lib/thumb/v7e-m+fp/hard\libc_nano.a(lib_a-lcltime.o) (malloc)
d:/stm32cubeide_1.9.0/stm32cubeide/plugins/com.st.stm32cube.ide.mcu.externaltools.gnu-tools-for-stm32.10.3-2021.10.win32_1.0.0.202111181127/tools/bin/../lib/gcc/arm-none-eabi/10.3.1/../../../../arm-none-eabi/lib/thumb/v7e-m+fp/hard\libc_nano.a(lib_a-memset.o)
                              d:/stm32cubeide_1.9.0/stm32cubeide/plugins/com.st.stm32cube.ide.mcu.externaltools.gnu-tools-for-stm32.10.3-2021.10.win32_1.0.0.202111181127/tools/bin/../lib/gcc/arm-none-eabi/10.3.1/../../../../arm-none-eabi/lib/thumb/v7e-m+fp/hard/crt0.o (memset)
d:/stm32cubeide_1.9.0/stm32cubeide/plugins/com.st.stm32cube.ide.mcu.externaltools.gnu-tools-for-stm32.10.3-2021.10.win32_1.0.0.202111181127/tools/bin/../lib/gcc/arm-none-eabi/10.3.1/../../../../arm-none-eabi/lib/thumb/v7e-m+fp/hard\libc_nano.a(lib_a-mktime.o)
                              ./Core/Lib/Src/lcd_menu.o (mktime)
d:/stm32cubeide_1.9.0/stm32cubeide/plugins/com.st.stm32cube.ide.mcu.externaltools.gnu-tools-for-stm32.10.3-2021.10.win32_1.0.0.202111181127/tools/bin/../lib/gcc/arm-none-eabi/10.3.1/../../../../arm-none-eabi/lib/thumb/v7e-m+fp/hard\libc_nano.a(lib_a-month_lengths.o)
                              d:/stm32cubeide_1.9.0/stm32cubeide/plugins/com.st.stm32cube.ide.mcu.externaltools.gnu-tools-for-stm32.10.3-2021.10.win32_1.0.0.202111181127/tools/bin/../lib/gcc/arm-none-eabi/10.3.1/../../../../arm-none-eabi/lib/thumb/v7e-m+fp/hard\libc_nano.a(lib_a-lcltime_r.o) (__month_lengths)
[...]
Memory Configuration

Name             Origin             Length             Attributes
RAM              0x0000000020000000 0x0000000000040000 xrw
FLASH            0x0000000008000000 0x0000000000080000 xr
*default*        0x0000000000000000 0xffffffffffffffff

Linker script and memory map

LOAD d:/stm32cubeide_1.9.0/stm32cubeide/plugins/com.st.stm32cube.ide.mcu.externaltools.gnu-tools-for-stm32.10.3-2021.10.win32_1.0.0.202111181127/tools/bin/../lib/gcc/arm-none-eabi/10.3.1/thumb/v7e-m+fp/hard/crti.o
LOAD d:/stm32cubeide_1.9.0/stm32cubeide/plugins/com.st.stm32cube.ide.mcu.externaltools.gnu-tools-for-stm32.10.3-2021.10.win32_1.0.0.202111181127/tools/bin/../lib/gcc/arm-none-eabi/10.3.1/thumb/v7e-m+fp/hard/crtbegin.o
LOAD d:/stm32cubeide_1.9.0/stm32cubeide/plugins/com.st.stm32cube.ide.mcu.externaltools.gnu-tools-for-stm32.10.3-2021.10.win32_1.0.0.202111181127/tools/bin/../lib/gcc/arm-none-eabi/10.3.1/../../../../arm-none-eabi/lib/thumb/v7e-m+fp/hard/crt0.o
LOAD ./Core/Lib/Src/Potentiometer.o
LOAD ./Core/Lib/Src/RTC_Functions.o
LOAD ./Core/Lib/Src/button_control.o
LOAD ./Core/Lib/Src/dht11.o
LOAD ./Core/Lib/Src/ds1302.o
LOAD ./Core/Lib/Src/esp32_dht11.o
LOAD ./Core/Lib/Src/fonts.o
LOAD ./Core/Lib/Src/lcd_menu.o
LOAD ./Core/Lib/Src/ssd1306.o
LOAD ./Core/Lib/Src/subContorl.o
LOAD ./Core/Lib/Src/timer_funs.o
LOAD ./Core/Lib/Src/timer_mode.o
LOAD ./Core/Src/alert_fs.o
LOAD ./Core/Src/g_var.o
LOAD ./Core/Src/main.o
LOAD ./Core/Src/show_clock.o
LOAD ./Core/Src/stm32f7xx_hal_msp.o
LOAD ./Core/Src/stm32f7xx_it.o
LOAD ./Core/Src/syscalls.o
LOAD ./Core/Src/sysmem.o
LOAD ./Core/Src/system_stm32f7xx.o
LOAD ./Core/Startup/startup_stm32f722zetx.o
LOAD ./Drivers/STM32F7xx_HAL_Driver/Src/stm32f7xx_hal.o
LOAD ./Drivers/STM32F7xx_HAL_Driver/Src/stm32f7xx_hal_adc.o
LOAD ./Drivers/STM32F7xx_HAL_Driver/Src/stm32f7xx_hal_adc_ex.o
LOAD ./Drivers/STM32F7xx_HAL_Driver/Src/stm32f7xx_hal_cortex.o
LOAD ./Drivers/STM32F7xx_HAL_Driver/Src/stm32f7xx_hal_dma.o
LOAD ./Drivers/STM32F7xx_HAL_Driver/Src/stm32f7xx_hal_dma_ex.o
LOAD ./Drivers/STM32F7xx_HAL_Driver/Src/stm32f7xx_hal_exti.o
LOAD ./Drivers/STM32F7xx_HAL_Driver/Src/stm32f7xx_hal_flash.o
LOAD ./Drivers/STM32F7xx_HAL_Driver/Src/stm32f7xx_hal_flash_ex.o
LOAD ./Drivers/STM32F7xx_HAL_Driver/Src/stm32f7xx_hal_gpio.o
LOAD ./Drivers/STM32F7xx_HAL_Driver/Src/stm32f7xx_hal_i2c.o
LOAD ./Drivers/STM32F7xx_HAL_Driver/Src/stm32f7xx_hal_i2c_ex.o
LOAD ./Drivers/STM32F7xx_HAL_Driver/Src/stm32f7xx_hal_pcd.o
LOAD ./Drivers/STM32F7xx_HAL_Driver/Src/stm32f7xx_hal_pcd_ex.o
LOAD ./Drivers/STM32F7xx_HAL_Driver/Src/stm32f7xx_hal_pwr.o
LOAD ./Drivers/STM32F7xx_HAL_Driver/Src/stm32f7xx_hal_pwr_ex.o
LOAD ./Drivers/STM32F7xx_HAL_Driver/Src/stm32f7xx_hal_rcc.o
LOAD ./Drivers/STM32F7xx_HAL_Driver/Src/stm32f7xx_hal_rcc_ex.o
LOAD ./Drivers/STM32F7xx_HAL_Driver/Src/stm32f7xx_hal_rtc.o
LOAD ./Drivers/STM32F7xx_HAL_Driver/Src/stm32f7xx_hal_rtc_ex.o
LOAD ./Drivers/STM32F7xx_HAL_Driver/Src/stm32f7xx_hal_tim.o
LOAD ./Drivers/STM32F7xx_HAL_Driver/Src/stm32f7xx_hal_tim_ex.o
LOAD ./Drivers/STM32F7xx_HAL_Driver/Src/stm32f7xx_hal_uart.o
LOAD ./Drivers/STM32F7xx_HAL_Driver/Src/stm32f7xx_hal_uart_ex.o
LOAD ./Drivers/STM32F7xx_HAL_Driver/Src/stm32f7xx_ll_usb.o
START GROUP
LOAD d:/stm32cubeide_1.9.0/stm32cubeide/plugins/com.st.stm32cube.ide.mcu.externaltools.gnu-tools-for-stm32.10.3-2021.10.win32_1.0.0.202111181127/tools/bin/../lib/gcc/arm-none-eabi/10.3.1/../../../../arm-none-eabi/lib/thumb/v7e-m+fp/hard\libc_nano.a
LOAD d:/stm32cubeide_1.9.0/stm32cubeide/plugins/com.st.stm32cube.ide.mcu.externaltools.gnu-tools-for-stm32.10.3-2021.10.win32_1.0.0.202111181127/tools/bin/../lib/gcc/arm-none-eabi/10.3.1/../../../../arm-none-eabi/lib/thumb/v7e-m+fp/hard\libm.a
END GROUP
START GROUP
LOAD d:/stm32cubeide_1.9.0/stm32cubeide/plugins/com.st.stm32cube.ide.mcu.externaltools.gnu-tools-for-stm32.10.3-2021.10.win32_1.0.0.202111181127/tools/bin/../lib/gcc/arm-none-eabi/10.3.1/thumb/v7e-m+fp/hard\libgcc.a
LOAD d:/stm32cubeide_1.9.0/stm32cubeide/plugins/com.st.stm32cube.ide.mcu.externaltools.gnu-tools-for-stm32.10.3-2021.10.win32_1.0.0.202111181127/tools/bin/../lib/gcc/arm-none-eabi/10.3.1/../../../../arm-none-eabi/lib/thumb/v7e-m+fp/hard\libc_nano.a
END GROUP
START GROUP
LOAD d:/stm32cubeide_1.9.0/stm32cubeide/plugins/com.st.stm32cube.ide.mcu.externaltools.gnu-tools-for-stm32.10.3-2021.10.win32_1.0.0.202111181127/tools/bin/../lib/gcc/arm-none-eabi/10.3.1/thumb/v7e-m+fp/hard\libgcc.a
LOAD d:/stm32cubeide_1.9.0/stm32cubeide/plugins/com.st.stm32cube.ide.mcu.externaltools.gnu-tools-for-stm32.10.3-2021.10.win32_1.0.0.202111181127/tools/bin/../lib/gcc/arm-none-eabi/10.3.1/../../../../arm-none-eabi/lib/thumb/v7e-m+fp/hard\libc_nano.a
LOAD d:/stm32cubeide_1.9.0/stm32cubeide/plugins/com.st.stm32cube.ide.mcu.externaltools.gnu-tools-for-stm32.10.3-2021.10.win32_1.0.0.202111181127/tools/bin/../lib/gcc/arm-none-eabi/10.3.1/../../../../arm-none-eabi/lib/thumb/v7e-m+fp/hard\libnosys.a
END GROUP
START GROUP
LOAD d:/stm32cubeide_1.9.0/stm32cubeide/plugins/com.st.stm32cube.ide.mcu.externaltools.gnu-tools-for-stm32.10.3-2021.10.win32_1.0.0.202111181127/tools/bin/../lib/gcc/arm-none-eabi/10.3.1/thumb/v7e-m+fp/hard\libgcc.a
LOAD d:/stm32cubeide_1.9.0/stm32cubeide/plugins/com.st.stm32cube.ide.mcu.externaltools.gnu-tools-for-stm32.10.3-2021.10.win32_1.0.0.202111181127/tools/bin/../lib/gcc/arm-none-eabi/10.3.1/../../../../arm-none-eabi/lib/thumb/v7e-m+fp/hard\libc_nano.a
LOAD d:/stm32cubeide_1.9.0/stm32cubeide/plugins/com.st.stm32cube.ide.mcu.externaltools.gnu-tools-for-stm32.10.3-2021.10.win32_1.0.0.202111181127/tools/bin/../lib/gcc/arm-none-eabi/10.3.1/../../../../arm-none-eabi/lib/thumb/v7e-m+fp/hard\libnosys.a
END GROUP
LOAD d:/stm32cubeide_1.9.0/stm32cubeide/plugins/com.st.stm32cube.ide.mcu.externaltools.gnu-tools-for-stm32.10.3-2021.10.win32_1.0.0.202111181127/tools/bin/../lib/gcc/arm-none-eabi/10.3.1/thumb/v7e-m+fp/hard/crtend.o
LOAD d:/stm32cubeide_1.9.0/stm32cubeide/plugins/com.st.stm32cube.ide.mcu.externaltools.gnu-tools-for-stm32.10.3-2021.10.win32_1.0.0.202111181127/tools/bin/../lib/gcc/arm-none-eabi/10.3.1/thumb/v7e-m+fp/hard/crtn.o
                0x0000000020040000                _estack = (ORIGIN (RAM) + LENGTH (RAM))
                0x0000000000000200                _Min_Heap_Size = 0x200
                0x0000000000000400                _Min_Stack_Size = 0x400

.isr_vector     0x0000000008000000      0x1e0
                0x0000000008000000                . = ALIGN (0x4)
 *(.isr_vector)
 .isr_vector    0x0000000008000000      0x1e0 ./Core/Startup/startup_stm32f722zetx.o
                0x0000000008000000                g_pfnVectors
                0x00000000080001e0                . = ALIGN (0x4)

.text           0x00000000080001e0     0xc22c
                0x00000000080001e0                . = ALIGN (0x4)
 *(.text)
 .text          0x00000000080001e0       0x40 d:/stm32cubeide_1.9.0/stm32cubeide/plugins/com.st.stm32cube.ide.mcu.externaltools.gnu-tools-for-stm32.10.3-2021.10.win32_1.0.0.202111181127/tools/bin/../lib/gcc/arm-none-eabi/10.3.1/thumb/v7e-m+fp/hard/crtbegin.o
 .text          0x0000000008000220       0x10 d:/stm32cubeide_1.9.0/stm32cubeide/plugins/com.st.stm32cube.ide.mcu.externaltools.gnu-tools-for-stm32.10.3-2021.10.win32_1.0.0.202111181127/tools/bin/../lib/gcc/arm-none-eabi/10.3.1/../../../../arm-none-eabi/lib/thumb/v7e-m+fp/hard\libc_nano.a(lib_a-strlen.o)
                0x0000000008000220                strlen
 .text          0x0000000008000230       0x14 d:/stm32cubeide_1.9.0/stm32cubeide/plugins/com.st.stm32cube.ide.mcu.externaltools.gnu-tools-for-stm32.10.3-2021.10.win32_1.0.0.202111181127/tools/bin/../lib/gcc/arm-none-eabi/10.3.1/../../../../arm-none-eabi/lib/thumb/v7e-m+fp/hard\libc_nano.a(lib_a-strcmp.o)
                0x0000000008000230                strcmp
 *fill*         0x0000000008000244        0xc 
 .text          0x0000000008000250       0xa0 d:/stm32cubeide_1.9.0/stm32cubeide/plugins/com.st.stm32cube.ide.mcu.externaltools.gnu-tools-for-stm32.10.3-2021.10.win32_1.0.0.202111181127/tools/bin/../lib/gcc/arm-none-eabi/10.3.1/../../../../arm-none-eabi/lib/thumb/v7e-m+fp/hard\libc_nano.a(lib_a-memchr.o)
                0x0000000008000250                memchr
 .text          0x00000000080002f0       0xa0 d:/stm32cubeide_1.9.0/stm32cubeide/plugins/com.st.stm32cube.ide.mcu.externaltools.gnu-tools-for-stm32.10.3-2021.10.win32_1.0.0.202111181127/tools/bin/../lib/gcc/arm-none-eabi/10.3.1/thumb/v7e-m+fp/hard\libgcc.a(_aeabi_ldivmod.o)
                0x00000000080002f0                __aeabi_ldivmod
 .text          0x0000000008000390       0x30 d:/stm32cubeide_1.9.0/stm32cubeide/plugins/com.st.stm32cube.ide.mcu.externaltools.gnu-tools-for-stm32.10.3-2021.10.win32_1.0.0.202111181127/tools/bin/../lib/gcc/arm-none-eabi/10.3.1/thumb/v7e-m+fp/hard\libgcc.a(_aeabi_uldivmod.o)
                0x0000000008000390                __aeabi_uldivmod
 .text          0x00000000080003c0      0x2d0 d:/stm32cubeide_1.9.0/stm32cubeide/plugins/com.st.stm32cube.ide.mcu.externaltools.gnu-tools-for-stm32.10.3-2021.10.win32_1.0.0.202111181127/tools/bin/../lib/gcc/arm-none-eabi/10.3.1/thumb/v7e-m+fp/hard\libgcc.a(_udivmoddi4.o)
                0x00000000080003c0                __udivmoddi4
 .text          0x0000000008000690        0x4 d:/stm32cubeide_1.9.0/stm32cubeide/plugins/com.st.stm32cube.ide.mcu.externaltools.gnu-tools-for-stm32.10.3-2021.10.win32_1.0.0.202111181127/tools/bin/../lib/gcc/arm-none-eabi/10.3.1/thumb/v7e-m+fp/hard\libgcc.a(_dvmd_tls.o)
                0x0000000008000690                __aeabi_idiv0
                0x0000000008000690                __aeabi_ldiv0
 *(.text*)
 .text.init_PotentioMeter
                0x0000000008000694       0x20 ./Core/Lib/Src/Potentiometer.o
                0x0000000008000694                init_PotentioMeter
 .text.mapping_adc
                0x00000000080006b4       0x34 ./Core/Lib/Src/Potentiometer.o
                0x00000000080006b4                mapping_adc
 .text.set_Hour
                0x00000000080006e8       0x84 ./Core/Lib/Src/Potentiometer.o
                0x00000000080006e8                set_Hour
 .text.set_Minute
                0x000000000800076c       0x94 ./Core/Lib/Src/Potentiometer.o
                0x000000000800076c                set_Minute
 .text.set_Second
                0x0000000008000800       0x6c ./Core/Lib/Src/Potentiometer.o
                0x0000000008000800                set_Second
 .text.set_Calender
                0x000000000800086c       0xec ./Core/Lib/Src/Potentiometer.o
                0x000000000800086c                set_Calender
 .text.cal_Second
                0x0000000008000958       0x58 ./Core/Lib/Src/Potentiometer.o
                0x0000000008000958                cal_Second
 .text.update_timer
                0x00000000080009b0       0x50 ./Core/Lib/Src/Potentiometer.o
                0x00000000080009b0                update_timer
 .text.check_Alarm_FLAG
                0x0000000008000a00       0x48 ./Core/Lib/Src/RTC_Functions.o
                0x0000000008000a00                check_Alarm_FLAG
 .text.set_Alarm_flag
                0x0000000008000a48       0x1c ./Core/Lib/Src/RTC_Functions.o
                0x0000000008000a48                set_Alarm_flag
 .text.get_Alarm
                0x0000000008000a64       0x3c ./Core/Lib/Src/RTC_Functions.o
                0x0000000008000a64                get_Alarm
 .text.set_Alarm
                0x0000000008000aa0       0x30 ./Core/Lib/Src/RTC_Functions.o
                0x0000000008000aa0                set_Alarm
 .text.main_Check
                0x0000000008000ad0      0x108 ./Core/Lib/Src/button_control.o
                0x0000000008000ad0                main_Check
 .text.sel_Pos_control
                0x0000000008000bd8       0xc4 ./Core/Lib/Src/button_control.o
                0x0000000008000bd8                sel_Pos_control
 .text.sub_Menu
                0x0000000008000c9c       0x36 ./Core/Lib/Src/button_control.o
                0x0000000008000c9c                sub_Menu
 *fill*         0x0000000008000cd2        0x2 
 .text.judge_timer
                0x0000000008000cd4       0x38 ./Core/Lib/Src/button_control.o
                0x0000000008000cd4                judge_timer
 .text.init_dht11
                0x0000000008000d0c       0x3c ./Core/Lib/Src/dht11.o
                0x0000000008000d0c                init_dht11
 .text.set_dht11_gpio_mode
                0x0000000008000d48       0x78 ./Core/Lib/Src/dht11.o
                0x0000000008000d48                set_dht11_gpio_mode
 .text.readDHT11
                0x0000000008000dc0      0x31c ./Core/Lib/Src/dht11.o
                0x0000000008000dc0                readDHT11
 .text.getCurrentDHTTemper
                0x00000000080010dc       0x20 ./Core/Lib/Src/dht11.o
                0x00000000080010dc                getCurrentDHTTemper
 .text.getCurrentDHTHud
                0x00000000080010fc       0x20 ./Core/Lib/Src/dht11.o
                0x00000000080010fc                getCurrentDHTHud
 .text.delayUS  0x000000000800111c       0x4c ./Core/Lib/Src/ds1302.o
                0x000000000800111c                delayUS
 .text.set_rst  0x0000000008001168       0x18 ./Core/Lib/Src/ds1302.o
 .text.set_clk  0x0000000008001180       0x18 ./Core/Lib/Src/ds1302.o
 .text.reset_clk
                0x0000000008001198       0x18 ./Core/Lib/Src/ds1302.o
 .text.reset_rst
                0x00000000080011b0       0x18 ./Core/Lib/Src/ds1302.o
 .text.set_clk_cycle
                0x00000000080011c8       0x1c ./Core/Lib/Src/ds1302.o
 .text.set_data
                0x00000000080011e4       0x18 ./Core/Lib/Src/ds1302.o
 .text.reset_data
                0x00000000080011fc       0x18 ./Core/Lib/Src/ds1302.o
 .text.set_idle_state
                0x0000000008001214       0x14 ./Core/Lib/Src/ds1302.o
 .text.ds1302_init
                0x0000000008001228       0x54 ./Core/Lib/Src/ds1302.o
                0x0000000008001228                ds1302_init
 .text.set_read_mode
                0x000000000800127c       0x30 ./Core/Lib/Src/ds1302.o
 .text.set_write_mode
                0x00000000080012ac       0x2c ./Core/Lib/Src/ds1302.o
 .text.write_cmd
                0x00000000080012d8       0x48 ./Core/Lib/Src/ds1302.o
 .text.write_data
                0x0000000008001320       0x54 ./Core/Lib/Src/ds1302.o
 .text.read_data_pin
                0x0000000008001374       0x18 ./Core/Lib/Src/ds1302.o
 .text.read_data
                0x000000000800138c       0x68 ./Core/Lib/Src/ds1302.o
 .text.ds1302_get_time
                0x00000000080013f4      0x17c ./Core/Lib/Src/ds1302.o
                0x00000000080013f4                ds1302_get_time
 .text.ds1302_set_time
                0x0000000008001570      0x1d8 ./Core/Lib/Src/ds1302.o
                0x0000000008001570                ds1302_set_time
 .text.ds1302_write_ram
                0x0000000008001748       0x44 ./Core/Lib/Src/ds1302.o
                0x0000000008001748                ds1302_write_ram
 .text.ds1302_read_ram
                0x000000000800178c       0x2e ./Core/Lib/Src/ds1302.o
                0x000000000800178c                ds1302_read_ram
 *fill*         0x00000000080017ba        0x2 
 .text.check_send
                0x00000000080017bc       0x50 ./Core/Lib/Src/esp32_dht11.o
                0x00000000080017bc                check_send
 .text.set_send_cnt
                0x000000000800180c       0x40 ./Core/Lib/Src/esp32_dht11.o
                0x000000000800180c                set_send_cnt
 .text.send_esp32
                0x000000000800184c       0x70 ./Core/Lib/Src/esp32_dht11.o
                0x000000000800184c                send_esp32
 .text.opening  0x00000000080018bc       0x74 ./Core/Lib/Src/lcd_menu.o
                0x00000000080018bc                opening
 .text.printCalender
                0x0000000008001930      0x130 ./Core/Lib/Src/lcd_menu.o
                0x0000000008001930                printCalender
 .text.printDefault
                0x0000000008001a60       0xb4 ./Core/Lib/Src/lcd_menu.o
                0x0000000008001a60                printDefault
 .text.printClock
                0x0000000008001b14      0x144 ./Core/Lib/Src/lcd_menu.o
                0x0000000008001b14                printClock
 .text.printDht
                0x0000000008001c58       0x84 ./Core/Lib/Src/lcd_menu.o
                0x0000000008001c58                printDht
 .text.print_Set_time
                0x0000000008001cdc      0x140 ./Core/Lib/Src/lcd_menu.o
                0x0000000008001cdc                print_Set_time
 .text.toggleScreen
                0x0000000008001e1c        0xc ./Core/Lib/Src/lcd_menu.o
                0x0000000008001e1c                toggleScreen
 .text.menuSelect
                0x0000000008001e28       0xf4 ./Core/Lib/Src/lcd_menu.o
                0x0000000008001e28                menuSelect
 .text.timer_cancle_lcd
                0x0000000008001f1c       0x6c ./Core/Lib/Src/lcd_menu.o
                0x0000000008001f1c                timer_cancle_lcd
 .text.timer_lcd
                0x0000000008001f88       0x7c ./Core/Lib/Src/lcd_menu.o
                0x0000000008001f88                timer_lcd
 .text.n_timer_show
                0x0000000008002004       0xc8 ./Core/Lib/Src/lcd_menu.o
                0x0000000008002004                n_timer_show
 .text.n_alarm_show
                0x00000000080020cc       0x30 ./Core/Lib/Src/lcd_menu.o
                0x00000000080020cc                n_alarm_show
 .text.n_modify_show
                0x00000000080020fc       0x30 ./Core/Lib/Src/lcd_menu.o
                0x00000000080020fc                n_modify_show
 .text.check_timer_lcd
                0x000000000800212c       0xcc ./Core/Lib/Src/lcd_menu.o
                0x000000000800212c                check_timer_lcd
 .text.check_alarm_change_lcd
                0x00000000080021f8      0x17c ./Core/Lib/Src/lcd_menu.o
                0x00000000080021f8                check_alarm_change_lcd
 .text.check_alarm_lcd
                0x0000000008002374       0x30 ./Core/Lib/Src/lcd_menu.o
                0x0000000008002374                check_alarm_lcd
 .text.alarm_lcd
                0x00000000080023a4       0x7c ./Core/Lib/Src/lcd_menu.o
                0x00000000080023a4                alarm_lcd
 .text.check_modify_lcd
                0x0000000008002420       0x30 ./Core/Lib/Src/lcd_menu.o
                0x0000000008002420                check_modify_lcd
 .text.SSD1306_Init
                0x0000000008002450      0x188 ./Core/Lib/Src/ssd1306.o
                0x0000000008002450                SSD1306_Init
 .text.SSD1306_UpdateScreen
                0x00000000080025d8       0x5c ./Core/Lib/Src/ssd1306.o
                0x00000000080025d8                SSD1306_UpdateScreen
 .text.SSD1306_Fill
                0x0000000008002634       0x30 ./Core/Lib/Src/ssd1306.o
                0x0000000008002634                SSD1306_Fill
 .text.SSD1306_DrawPixel
                0x0000000008002664       0xc0 ./Core/Lib/Src/ssd1306.o
                0x0000000008002664                SSD1306_DrawPixel
 .text.SSD1306_GotoXY
                0x0000000008002724       0x2c ./Core/Lib/Src/ssd1306.o
                0x0000000008002724                SSD1306_GotoXY
 .text.SSD1306_Putc
                0x0000000008002750      0x100 ./Core/Lib/Src/ssd1306.o
                0x0000000008002750                SSD1306_Putc
 .text.SSD1306_Puts
                0x0000000008002850       0x4a ./Core/Lib/Src/ssd1306.o
                0x0000000008002850                SSD1306_Puts
 .text.SSD1306_Clear
                0x000000000800289a       0x12 ./Core/Lib/Src/ssd1306.o
                0x000000000800289a                SSD1306_Clear
 .text.ssd1306_I2C_Init
                0x00000000080028ac       0x2c ./Core/Lib/Src/ssd1306.o
                0x00000000080028ac                ssd1306_I2C_Init
 .text.ssd1306_I2C_WriteMulti
                0x00000000080028d8       0xcc ./Core/Lib/Src/ssd1306.o
                0x00000000080028d8                ssd1306_I2C_WriteMulti
 .text.ssd1306_I2C_Write
                0x00000000080029a4       0x3c ./Core/Lib/Src/ssd1306.o
                0x00000000080029a4                ssd1306_I2C_Write
 .text.handleButtonPress
                0x00000000080029e0       0x8c ./Core/Lib/Src/subContorl.o
                0x00000000080029e0                handleButtonPress
 .text.processTimerMinute
                0x0000000008002a6c       0x2c ./Core/Lib/Src/subContorl.o
                0x0000000008002a6c                processTimerMinute
 .text.processTimerSecond
                0x0000000008002a98       0x2c ./Core/Lib/Src/subContorl.o
                0x0000000008002a98                processTimerSecond
 .text.processTimerReview
                0x0000000008002ac4       0x44 ./Core/Lib/Src/subContorl.o
                0x0000000008002ac4                processTimerReview
 .text.processAlarmChangeCheck
                0x0000000008002b08       0x30 ./Core/Lib/Src/subContorl.o
                0x0000000008002b08                processAlarmChangeCheck
 .text.processAlarmHour
                0x0000000008002b38       0x54 ./Core/Lib/Src/subContorl.o
                0x0000000008002b38                processAlarmHour
 .text.processAlarmMinute
                0x0000000008002b8c       0x54 ./Core/Lib/Src/subContorl.o
                0x0000000008002b8c                processAlarmMinute
 .text.processAlarmReview
                0x0000000008002be0       0x18 ./Core/Lib/Src/subContorl.o
                0x0000000008002be0                processAlarmReview
 .text.processAlarmFinalization
                0x0000000008002bf8       0x4c ./Core/Lib/Src/subContorl.o
                0x0000000008002bf8                processAlarmFinalization
 .text.processModifyCalender
                0x0000000008002c44       0x22 ./Core/Lib/Src/subContorl.o
                0x0000000008002c44                processModifyCalender
 .text.processModifyCheck
                0x0000000008002c66       0x1c ./Core/Lib/Src/subContorl.o
                0x0000000008002c66                processModifyCheck
 *fill*         0x0000000008002c82        0x2 
 .text.processModifyFinalization
                0x0000000008002c84       0x58 ./Core/Lib/Src/subContorl.o
                0x0000000008002c84                processModifyFinalization
 .text.timer_Process
                0x0000000008002cdc       0x34 ./Core/Lib/Src/subContorl.o
                0x0000000008002cdc                timer_Process
 .text.alarm_Process
                0x0000000008002d10       0x6c ./Core/Lib/Src/subContorl.o
                0x0000000008002d10                alarm_Process
 .text.modify_Process
                0x0000000008002d7c       0x70 ./Core/Lib/Src/subContorl.o
                0x0000000008002d7c                modify_Process
 .text.init_timer_funs
                0x0000000008002dec       0x28 ./Core/Lib/Src/timer_funs.o
                0x0000000008002dec                init_timer_funs
 .text.update_clock_value
                0x0000000008002e14       0x38 ./Core/Lib/Src/timer_funs.o
                0x0000000008002e14                update_clock_value
 .text.set_tm_strut
                0x0000000008002e4c       0x44 ./Core/Lib/Src/timer_funs.o
                0x0000000008002e4c                set_tm_strut
 .text.set_static_Time_t
                0x0000000008002e90       0x58 ./Core/Lib/Src/timer_funs.o
                0x0000000008002e90                set_static_Time_t
 .text.get_DS1302_Time_s
                0x0000000008002ee8       0x14 ./Core/Lib/Src/timer_funs.o
                0x0000000008002ee8                get_DS1302_Time_s
 .text.set_DS1302_Time_s
                0x0000000008002efc       0x68 ./Core/Lib/Src/timer_funs.o
                0x0000000008002efc                set_DS1302_Time_s
 .text.convert_time_t
                0x0000000008002f64       0x20 ./Core/Lib/Src/timer_funs.o
                0x0000000008002f64                convert_time_t
 .text.convert_tm
                0x0000000008002f84       0x2c ./Core/Lib/Src/timer_funs.o
                0x0000000008002f84                convert_tm
 .text.get_struct_tm
                0x0000000008002fb0       0x2c ./Core/Lib/Src/timer_funs.o
                0x0000000008002fb0                get_struct_tm
 .text.set_time_t
                0x0000000008002fdc       0x28 ./Core/Lib/Src/timer_funs.o
                0x0000000008002fdc                set_time_t
 .text.getMode  0x0000000008003004       0x18 ./Core/Lib/Src/timer_mode.o
                0x0000000008003004                getMode
 .text.setMode  0x000000000800301c       0x20 ./Core/Lib/Src/timer_mode.o
                0x000000000800301c                setMode
 .text.getTimerState
                0x000000000800303c       0x18 ./Core/Lib/Src/timer_mode.o
                0x000000000800303c                getTimerState
 .text.setTimerState
                0x0000000008003054       0x20 ./Core/Lib/Src/timer_mode.o
                0x0000000008003054                setTimerState
 .text.getAlarmState
                0x0000000008003074       0x18 ./Core/Lib/Src/timer_mode.o
                0x0000000008003074                getAlarmState
 .text.setAlarmState
                0x000000000800308c       0x20 ./Core/Lib/Src/timer_mode.o
                0x000000000800308c                setAlarmState
 .text.getTimerCompleted
                0x00000000080030ac       0x18 ./Core/Lib/Src/timer_mode.o
                0x00000000080030ac                getTimerCompleted
 .text.setTimerCompleted
                0x00000000080030c4       0x20 ./Core/Lib/Src/timer_mode.o
                0x00000000080030c4                setTimerCompleted
 .text.getAlarmCompleted
                0x00000000080030e4       0x18 ./Core/Lib/Src/timer_mode.o
                0x00000000080030e4                getAlarmCompleted
 .text.setAlarmCompleted
                0x00000000080030fc       0x20 ./Core/Lib/Src/timer_mode.o
                0x00000000080030fc                setAlarmCompleted
 .text.setCompleted
                0x000000000800311c       0x2a ./Core/Lib/Src/timer_mode.o
                0x000000000800311c                setCompleted
 *fill*         0x0000000008003146        0x2 
 .text.getnHour
                0x0000000008003148       0x18 ./Core/Lib/Src/timer_mode.o
                0x0000000008003148                getnHour
 .text.setnHour
                0x0000000008003160       0x28 ./Core/Lib/Src/timer_mode.o
                0x0000000008003160                setnHour
 .text.getnMinute
                0x0000000008003188       0x18 ./Core/Lib/Src/timer_mode.o
                0x0000000008003188                getnMinute
 .text.setnMinute
                0x00000000080031a0       0x20 ./Core/Lib/Src/timer_mode.o
                0x00000000080031a0                setnMinute
 .text.getnSecond
                0x00000000080031c0       0x18 ./Core/Lib/Src/timer_mode.o
                0x00000000080031c0                getnSecond
 .text.setnSecond
                0x00000000080031d8       0x20 ./Core/Lib/Src/timer_mode.o
                0x00000000080031d8                setnSecond
 .text.getnYear
                0x00000000080031f8       0x18 ./Core/Lib/Src/timer_mode.o
                0x00000000080031f8                getnYear
 .text.setnYear
                0x0000000008003210       0x20 ./Core/Lib/Src/timer_mode.o
                0x0000000008003210                setnYear
 .text.getnMonth
                0x0000000008003230       0x18 ./Core/Lib/Src/timer_mode.o
                0x0000000008003230                getnMonth
 .text.setnMonth
                0x0000000008003248       0x20 ./Core/Lib/Src/timer_mode.o
                0x0000000008003248                setnMonth
 .text.getnDay  0x0000000008003268       0x18 ./Core/Lib/Src/timer_mode.o
                0x0000000008003268                getnDay
 .text.setnDay  0x0000000008003280       0x20 ./Core/Lib/Src/timer_mode.o
                0x0000000008003280                setnDay
 .text.getPos   0x00000000080032a0       0x18 ./Core/Lib/Src/timer_mode.o
                0x00000000080032a0                getPos
 .text.setPos   0x00000000080032b8       0x34 ./Core/Lib/Src/timer_mode.o
                0x00000000080032b8                setPos
 .text.start_Boozer
                0x00000000080032ec       0x30 ./Core/Src/alert_fs.o
                0x00000000080032ec                start_Boozer
 .text.end_Boozer
                0x000000000800331c       0x40 ./Core/Src/alert_fs.o
                0x000000000800331c                end_Boozer
 .text.check_Alarm
                0x000000000800335c       0x50 ./Core/Src/alert_fs.o
                0x000000000800335c                check_Alarm
 .text.main     0x00000000080033ac       0x84 ./Core/Src/main.o
                0x00000000080033ac                main
 .text.SystemClock_Config
                0x0000000008003430       0xd8 ./Core/Src/main.o
                0x0000000008003430                SystemClock_Config
 .text.MX_ADC3_Init
                0x0000000008003508       0xa4 ./Core/Src/main.o
 .text.MX_I2C1_Init
                0x00000000080035ac       0x80 ./Core/Src/main.o
 .text.MX_RTC_Init
                0x000000000800362c       0x60 ./Core/Src/main.o
 .text.MX_TIM3_Init
                0x000000000800368c       0xa0 ./Core/Src/main.o
 .text.MX_TIM4_Init
                0x000000000800372c       0xb8 ./Core/Src/main.o
 .text.MX_TIM6_Init
                0x00000000080037e4       0x6c ./Core/Src/main.o
 .text.MX_USART3_UART_Init
                0x0000000008003850       0x60 ./Core/Src/main.o
 .text.MX_USART6_UART_Init
                0x00000000080038b0       0x60 ./Core/Src/main.o
 .text.MX_USB_OTG_FS_PCD_Init
                0x0000000008003910       0x5c ./Core/Src/main.o
 .text.MX_GPIO_Init
                0x000000000800396c      0x1e0 ./Core/Src/main.o
 .text.Error_Handler
                0x0000000008003b4c        0xa ./Core/Src/main.o
                0x0000000008003b4c                Error_Handler
 *fill*         0x0000000008003b56        0x2 
 .text.HAL_MspInit
                0x0000000008003b58       0x48 ./Core/Src/stm32f7xx_hal_msp.o
                0x0000000008003b58                HAL_MspInit
 .text.HAL_ADC_MspInit
                0x0000000008003ba0       0x80 ./Core/Src/stm32f7xx_hal_msp.o
                0x0000000008003ba0                HAL_ADC_MspInit
 .text.HAL_I2C_MspInit
                0x0000000008003c20       0xc0 ./Core/Src/stm32f7xx_hal_msp.o
                0x0000000008003c20                HAL_I2C_MspInit
 .text.HAL_RTC_MspInit
                0x0000000008003ce0       0x5c ./Core/Src/stm32f7xx_hal_msp.o
                0x0000000008003ce0                HAL_RTC_MspInit
 .text.HAL_TIM_Base_MspInit
                0x0000000008003d3c       0x74 ./Core/Src/stm32f7xx_hal_msp.o
                0x0000000008003d3c                HAL_TIM_Base_MspInit
 .text.HAL_TIM_PWM_MspInit
                0x0000000008003db0       0x40 ./Core/Src/stm32f7xx_hal_msp.o
                0x0000000008003db0                HAL_TIM_PWM_MspInit
 .text.HAL_TIM_MspPostInit
                0x0000000008003df0       0x70 ./Core/Src/stm32f7xx_hal_msp.o
                0x0000000008003df0                HAL_TIM_MspPostInit
 .text.HAL_UART_MspInit
                0x0000000008003e60      0x14c ./Core/Src/stm32f7xx_hal_msp.o
                0x0000000008003e60                HAL_UART_MspInit
 .text.HAL_PCD_MspInit
                0x0000000008003fac       0xf4 ./Core/Src/stm32f7xx_hal_msp.o
                0x0000000008003fac                HAL_PCD_MspInit
 .text.NMI_Handler
                0x00000000080040a0        0x6 ./Core/Src/stm32f7xx_it.o
                0x00000000080040a0                NMI_Handler
 .text.HardFault_Handler
                0x00000000080040a6        0x6 ./Core/Src/stm32f7xx_it.o
                0x00000000080040a6                HardFault_Handler
 .text.MemManage_Handler
                0x00000000080040ac        0x6 ./Core/Src/stm32f7xx_it.o
                0x00000000080040ac                MemManage_Handler
 .text.BusFault_Handler
                0x00000000080040b2        0x6 ./Core/Src/stm32f7xx_it.o
                0x00000000080040b2                BusFault_Handler
 .text.UsageFault_Handler
                0x00000000080040b8        0x6 ./Core/Src/stm32f7xx_it.o
                0x00000000080040b8                UsageFault_Handler
 .text.SVC_Handler
                0x00000000080040be        0xe ./Core/Src/stm32f7xx_it.o
                0x00000000080040be                SVC_Handler
 .text.DebugMon_Handler
                0x00000000080040cc        0xe ./Core/Src/stm32f7xx_it.o
                0x00000000080040cc                DebugMon_Handler
 .text.PendSV_Handler
                0x00000000080040da        0xe ./Core/Src/stm32f7xx_it.o
                0x00000000080040da                PendSV_Handler
 .text.SysTick_Handler
                0x00000000080040e8        0xc ./Core/Src/stm32f7xx_it.o
                0x00000000080040e8                SysTick_Handler
 .text.TIM3_IRQHandler
                0x00000000080040f4       0xa0 ./Core/Src/stm32f7xx_it.o
                0x00000000080040f4                TIM3_IRQHandler
 .text.EXTI15_10_IRQHandler
                0x0000000008004194       0xd0 ./Core/Src/stm32f7xx_it.o
                0x0000000008004194                EXTI15_10_IRQHandler
 .text._getpid  0x0000000008004264       0x10 ./Core/Src/syscalls.o
                0x0000000008004264                _getpid
 .text._kill    0x0000000008004274       0x20 ./Core/Src/syscalls.o
                0x0000000008004274                _kill
 .text._exit    0x0000000008004294       0x14 ./Core/Src/syscalls.o
                0x0000000008004294                _exit
 .text._read    0x00000000080042a8       0x3a ./Core/Src/syscalls.o
                0x00000000080042a8                _read
 .text._write   0x00000000080042e2       0x38 ./Core/Src/syscalls.o
                0x00000000080042e2                _write
 .text._close   0x000000000800431a       0x18 ./Core/Src/syscalls.o
                0x000000000800431a                _close
 .text._fstat   0x0000000008004332       0x20 ./Core/Src/syscalls.o
                0x0000000008004332                _fstat
 .text._isatty  0x0000000008004352       0x16 ./Core/Src/syscalls.o
                0x0000000008004352                _isatty
 .text._lseek   0x0000000008004368       0x1a ./Core/Src/syscalls.o
                0x0000000008004368                _lseek
 *fill*         0x0000000008004382        0x2 
 .text._sbrk    0x0000000008004384       0x6c ./Core/Src/sysmem.o
                0x0000000008004384                _sbrk
 .text.SystemInit
                0x00000000080043f0       0x24 ./Core/Src/system_stm32f7xx.o
                0x00000000080043f0                SystemInit
 .text.Reset_Handler
                0x0000000008004414       0x50 ./Core/Startup/startup_stm32f722zetx.o
                0x0000000008004414                Reset_Handler
 .text.Default_Handler
                0x0000000008004464        0x2 ./Core/Startup/startup_stm32f722zetx.o
                0x0000000008004464                RTC_Alarm_IRQHandler
                0x0000000008004464                EXTI2_IRQHandler
                0x0000000008004464                TIM8_CC_IRQHandler
                0x0000000008004464                UART8_IRQHandler
                0x0000000008004464                SPI4_IRQHandler
                0x0000000008004464                TIM1_CC_IRQHandler
                0x0000000008004464                DMA2_Stream5_IRQHandler
                0x0000000008004464                DMA1_Stream5_IRQHandler
                0x0000000008004464                PVD_IRQHandler
                0x0000000008004464                TAMP_STAMP_IRQHandler
                0x0000000008004464                EXTI3_IRQHandler
                0x0000000008004464                TIM8_TRG_COM_TIM14_IRQHandler
                0x0000000008004464                TIM1_UP_TIM10_IRQHandler
                0x0000000008004464                TIM8_UP_TIM13_IRQHandler
                0x0000000008004464                I2C3_ER_IRQHandler
                0x0000000008004464                EXTI0_IRQHandler
                0x0000000008004464                I2C2_EV_IRQHandler
                0x0000000008004464                DMA1_Stream2_IRQHandler
                0x0000000008004464                CAN1_RX0_IRQHandler
                0x0000000008004464                FPU_IRQHandler
                0x0000000008004464                OTG_HS_WKUP_IRQHandler
                0x0000000008004464                DMA2_Stream2_IRQHandler
                0x0000000008004464                SPI1_IRQHandler
                0x0000000008004464                TIM6_DAC_IRQHandler
                0x0000000008004464                TIM1_BRK_TIM9_IRQHandler
                0x0000000008004464                DMA2_Stream3_IRQHandler
                0x0000000008004464                SAI2_IRQHandler
                0x0000000008004464                USART6_IRQHandler
                0x0000000008004464                USART3_IRQHandler
                0x0000000008004464                CAN1_RX1_IRQHandler
                0x0000000008004464                UART5_IRQHandler
                0x0000000008004464                DMA2_Stream0_IRQHandler
                0x0000000008004464                TIM4_IRQHandler
                0x0000000008004464                QUADSPI_IRQHandler
                0x0000000008004464                I2C1_EV_IRQHandler
                0x0000000008004464                DMA1_Stream6_IRQHandler
                0x0000000008004464                DMA1_Stream1_IRQHandler
                0x0000000008004464                UART4_IRQHandler
                0x0000000008004464                RCC_IRQHandler
                0x0000000008004464                TIM8_BRK_TIM12_IRQHandler
                0x0000000008004464                Default_Handler
                0x0000000008004464                ADC_IRQHandler
                0x0000000008004464                DMA1_Stream7_IRQHandler
                0x0000000008004464                SPI5_IRQHandler
                0x0000000008004464                TIM7_IRQHandler
                0x0000000008004464                SDMMC1_IRQHandler
                0x0000000008004464                TIM5_IRQHandler
                0x0000000008004464                DMA2_Stream7_IRQHandler
                0x0000000008004464                I2C3_EV_IRQHandler
                0x0000000008004464                EXTI9_5_IRQHandler
                0x0000000008004464                RTC_WKUP_IRQHandler
                0x0000000008004464                SPI2_IRQHandler
                0x0000000008004464                OTG_HS_EP1_IN_IRQHandler
                0x0000000008004464                DMA1_Stream0_IRQHandler
                0x0000000008004464                CAN1_TX_IRQHandler
                0x0000000008004464                EXTI4_IRQHandler
                0x0000000008004464                RNG_IRQHandler
                0x0000000008004464                OTG_HS_EP1_OUT_IRQHandler
                0x0000000008004464                WWDG_IRQHandler
                0x0000000008004464                TIM2_IRQHandler
                0x0000000008004464                OTG_FS_WKUP_IRQHandler
                0x0000000008004464                TIM1_TRG_COM_TIM11_IRQHandler
                0x0000000008004464                OTG_HS_IRQHandler
                0x0000000008004464                EXTI1_IRQHandler
                0x0000000008004464                SDMMC2_IRQHandler
                0x0000000008004464                UART7_IRQHandler
                0x0000000008004464                USART2_IRQHandler
                0x0000000008004464                I2C2_ER_IRQHandler
                0x0000000008004464                DMA2_Stream1_IRQHandler
                0x0000000008004464                CAN1_SCE_IRQHandler
                0x0000000008004464                FLASH_IRQHandler
                0x0000000008004464                DMA2_Stream4_IRQHandler
                0x0000000008004464                USART1_IRQHandler
                0x0000000008004464                OTG_FS_IRQHandler
                0x0000000008004464                SPI3_IRQHandler
                0x0000000008004464                DMA1_Stream4_IRQHandler
                0x0000000008004464                I2C1_ER_IRQHandler
                0x0000000008004464                FMC_IRQHandler
                0x0000000008004464                LPTIM1_IRQHandler
                0x0000000008004464                DMA2_Stream6_IRQHandler
                0x0000000008004464                SAI1_IRQHandler
                0x0000000008004464                DMA1_Stream3_IRQHandler
 .text.HAL_Init
                0x0000000008004466       0x1a ./Drivers/STM32F7xx_HAL_Driver/Src/stm32f7xx_hal.o
                0x0000000008004466                HAL_Init
 .text.HAL_InitTick
                0x0000000008004480       0x60 ./Drivers/STM32F7xx_HAL_Driver/Src/stm32f7xx_hal.o
                0x0000000008004480                HAL_InitTick
 .text.HAL_IncTick
                0x00000000080044e0       0x28 ./Drivers/STM32F7xx_HAL_Driver/Src/stm32f7xx_hal.o
                0x00000000080044e0                HAL_IncTick
 .text.HAL_GetTick
                0x0000000008004508       0x18 ./Drivers/STM32F7xx_HAL_Driver/Src/stm32f7xx_hal.o
                0x0000000008004508                HAL_GetTick
 .text.HAL_Delay
                0x0000000008004520       0x48 ./Drivers/STM32F7xx_HAL_Driver/Src/stm32f7xx_hal.o
                0x0000000008004520                HAL_Delay
 .text.HAL_ADC_Init
                0x0000000008004568       0x88 ./Drivers/STM32F7xx_HAL_Driver/Src/stm32f7xx_hal_adc.o
                0x0000000008004568                HAL_ADC_Init
 .text.HAL_ADC_Start
                0x00000000080045f0      0x19c ./Drivers/STM32F7xx_HAL_Driver/Src/stm32f7xx_hal_adc.o
                0x00000000080045f0                HAL_ADC_Start
 .text.HAL_ADC_PollForConversion
                0x000000000800478c      0x116 ./Drivers/STM32F7xx_HAL_Driver/Src/stm32f7xx_hal_adc.o
                0x000000000800478c                HAL_ADC_PollForConversion
 .text.HAL_ADC_GetValue
                0x00000000080048a2       0x1a ./Drivers/STM32F7xx_HAL_Driver/Src/stm32f7xx_hal_adc.o
                0x00000000080048a2                HAL_ADC_GetValue
 .text.HAL_ADC_ConfigChannel
                0x00000000080048bc      0x2ac ./Drivers/STM32F7xx_HAL_Driver/Src/stm32f7xx_hal_adc.o
                0x00000000080048bc                HAL_ADC_ConfigChannel
 .text.ADC_Init
                0x0000000008004b68      0x1f4 ./Drivers/STM32F7xx_HAL_Driver/Src/stm32f7xx_hal_adc.o
 .text.__NVIC_SetPriorityGrouping
                0x0000000008004d5c       0x48 ./Drivers/STM32F7xx_HAL_Driver/Src/stm32f7xx_hal_cortex.o
 .text.__NVIC_GetPriorityGrouping
                0x0000000008004da4       0x1c ./Drivers/STM32F7xx_HAL_Driver/Src/stm32f7xx_hal_cortex.o
 .text.__NVIC_EnableIRQ
                0x0000000008004dc0       0x3c ./Drivers/STM32F7xx_HAL_Driver/Src/stm32f7xx_hal_cortex.o
 .text.__NVIC_SetPriority
                0x0000000008004dfc       0x54 ./Drivers/STM32F7xx_HAL_Driver/Src/stm32f7xx_hal_cortex.o
 .text.NVIC_EncodePriority
                0x0000000008004e50       0x66 ./Drivers/STM32F7xx_HAL_Driver/Src/stm32f7xx_hal_cortex.o
 *fill*         0x0000000008004eb6        0x2 
 .text.SysTick_Config
                0x0000000008004eb8       0x44 ./Drivers/STM32F7xx_HAL_Driver/Src/stm32f7xx_hal_cortex.o
 .text.HAL_NVIC_SetPriorityGrouping
                0x0000000008004efc       0x16 ./Drivers/STM32F7xx_HAL_Driver/Src/stm32f7xx_hal_cortex.o
                0x0000000008004efc                HAL_NVIC_SetPriorityGrouping
 .text.HAL_NVIC_SetPriority
                0x0000000008004f12       0x38 ./Drivers/STM32F7xx_HAL_Driver/Src/stm32f7xx_hal_cortex.o
                0x0000000008004f12                HAL_NVIC_SetPriority
 .text.HAL_NVIC_EnableIRQ
                0x0000000008004f4a       0x1c ./Drivers/STM32F7xx_HAL_Driver/Src/stm32f7xx_hal_cortex.o
                0x0000000008004f4a                HAL_NVIC_EnableIRQ
 .text.HAL_SYSTICK_Config
                0x0000000008004f66       0x18 ./Drivers/STM32F7xx_HAL_Driver/Src/stm32f7xx_hal_cortex.o
                0x0000000008004f66                HAL_SYSTICK_Config
 *fill*         0x0000000008004f7e        0x2 
 .text.HAL_GPIO_Init
                0x0000000008004f80      0x338 ./Drivers/STM32F7xx_HAL_Driver/Src/stm32f7xx_hal_gpio.o
                0x0000000008004f80                HAL_GPIO_Init
 .text.HAL_GPIO_ReadPin
                0x00000000080052b8       0x30 ./Drivers/STM32F7xx_HAL_Driver/Src/stm32f7xx_hal_gpio.o
                0x00000000080052b8                HAL_GPIO_ReadPin
 .text.HAL_GPIO_WritePin
                0x00000000080052e8       0x32 ./Drivers/STM32F7xx_HAL_Driver/Src/stm32f7xx_hal_gpio.o
                0x00000000080052e8                HAL_GPIO_WritePin
 *fill*         0x000000000800531a        0x2 
 .text.HAL_GPIO_EXTI_IRQHandler
                0x000000000800531c       0x30 ./Drivers/STM32F7xx_HAL_Driver/Src/stm32f7xx_hal_gpio.o
                0x000000000800531c                HAL_GPIO_EXTI_IRQHandler
 .text.HAL_GPIO_EXTI_Callback
                0x000000000800534c       0x16 ./Drivers/STM32F7xx_HAL_Driver/Src/stm32f7xx_hal_gpio.o
                0x000000000800534c                HAL_GPIO_EXTI_Callback
 *fill*         0x0000000008005362        0x2 
 .text.HAL_I2C_Init
                0x0000000008005364      0x120 ./Drivers/STM32F7xx_HAL_Driver/Src/stm32f7xx_hal_i2c.o
                0x0000000008005364                HAL_I2C_Init
 .text.HAL_I2C_Master_Transmit
                0x0000000008005484      0x1e8 ./Drivers/STM32F7xx_HAL_Driver/Src/stm32f7xx_hal_i2c.o
                0x0000000008005484                HAL_I2C_Master_Transmit
 .text.HAL_I2C_IsDeviceReady
                0x000000000800566c      0x210 ./Drivers/STM32F7xx_HAL_Driver/Src/stm32f7xx_hal_i2c.o
                0x000000000800566c                HAL_I2C_IsDeviceReady
 .text.I2C_Flush_TXDR
                0x000000000800587c       0x48 ./Drivers/STM32F7xx_HAL_Driver/Src/stm32f7xx_hal_i2c.o
 .text.I2C_WaitOnFlagUntilTimeout
                0x00000000080058c4       0x80 ./Drivers/STM32F7xx_HAL_Driver/Src/stm32f7xx_hal_i2c.o
 .text.I2C_WaitOnTXISFlagUntilTimeout
                0x0000000008005944       0x80 ./Drivers/STM32F7xx_HAL_Driver/Src/stm32f7xx_hal_i2c.o
 .text.I2C_WaitOnSTOPFlagUntilTimeout
                0x00000000080059c4       0x78 ./Drivers/STM32F7xx_HAL_Driver/Src/stm32f7xx_hal_i2c.o
 .text.I2C_IsErrorOccurred
                0x0000000008005a3c      0x1d8 ./Drivers/STM32F7xx_HAL_Driver/Src/stm32f7xx_hal_i2c.o
 .text.I2C_TransferConfig
                0x0000000008005c14       0x64 ./Drivers/STM32F7xx_HAL_Driver/Src/stm32f7xx_hal_i2c.o
 .text.HAL_I2CEx_ConfigAnalogFilter
                0x0000000008005c78       0x96 ./Drivers/STM32F7xx_HAL_Driver/Src/stm32f7xx_hal_i2c_ex.o
                0x0000000008005c78                HAL_I2CEx_ConfigAnalogFilter
 .text.HAL_I2CEx_ConfigDigitalFilter
                0x0000000008005d0e       0x98 ./Drivers/STM32F7xx_HAL_Driver/Src/stm32f7xx_hal_i2c_ex.o
                0x0000000008005d0e                HAL_I2CEx_ConfigDigitalFilter
 .text.HAL_PCD_Init
                0x0000000008005da6      0x248 ./Drivers/STM32F7xx_HAL_Driver/Src/stm32f7xx_hal_pcd.o
                0x0000000008005da6                HAL_PCD_Init
 *fill*         0x0000000008005fee        0x2 
 .text.HAL_PCDEx_ActivateLPM
                0x0000000008005ff0       0x48 ./Drivers/STM32F7xx_HAL_Driver/Src/stm32f7xx_hal_pcd_ex.o
                0x0000000008005ff0                HAL_PCDEx_ActivateLPM
 .text.HAL_PWR_EnableBkUpAccess
                0x0000000008006038       0x20 ./Drivers/STM32F7xx_HAL_Driver/Src/stm32f7xx_hal_pwr.o
                0x0000000008006038                HAL_PWR_EnableBkUpAccess
 .text.HAL_RCC_OscConfig
                0x0000000008006058      0x548 ./Drivers/STM32F7xx_HAL_Driver/Src/stm32f7xx_hal_rcc.o
                0x0000000008006058                HAL_RCC_OscConfig
 .text.HAL_RCC_ClockConfig
                0x00000000080065a0      0x1d8 ./Drivers/STM32F7xx_HAL_Driver/Src/stm32f7xx_hal_rcc.o
                0x00000000080065a0                HAL_RCC_ClockConfig
 .text.HAL_RCC_GetSysClockFreq
                0x0000000008006778      0x20c ./Drivers/STM32F7xx_HAL_Driver/Src/stm32f7xx_hal_rcc.o
                0x0000000008006778                HAL_RCC_GetSysClockFreq
 .text.HAL_RCC_GetHCLKFreq
                0x0000000008006984       0x18 ./Drivers/STM32F7xx_HAL_Driver/Src/stm32f7xx_hal_rcc.o
                0x0000000008006984                HAL_RCC_GetHCLKFreq
 .text.HAL_RCC_GetPCLK1Freq
                0x000000000800699c       0x28 ./Drivers/STM32F7xx_HAL_Driver/Src/stm32f7xx_hal_rcc.o
                0x000000000800699c                HAL_RCC_GetPCLK1Freq
 .text.HAL_RCC_GetPCLK2Freq
                0x00000000080069c4       0x28 ./Drivers/STM32F7xx_HAL_Driver/Src/stm32f7xx_hal_rcc.o
                0x00000000080069c4                HAL_RCC_GetPCLK2Freq
 .text.HAL_RCCEx_PeriphCLKConfig
                0x00000000080069ec      0x694 ./Drivers/STM32F7xx_HAL_Driver/Src/stm32f7xx_hal_rcc_ex.o
                0x00000000080069ec                HAL_RCCEx_PeriphCLKConfig
 .text.HAL_RTC_Init
                0x0000000008007080      0x124 ./Drivers/STM32F7xx_HAL_Driver/Src/stm32f7xx_hal_rtc.o
                0x0000000008007080                HAL_RTC_Init
 .text.HAL_RTC_WaitForSynchro
                0x00000000080071a4       0x50 ./Drivers/STM32F7xx_HAL_Driver/Src/stm32f7xx_hal_rtc.o
                0x00000000080071a4                HAL_RTC_WaitForSynchro
 .text.RTC_EnterInitMode
                0x00000000080071f4       0x58 ./Drivers/STM32F7xx_HAL_Driver/Src/stm32f7xx_hal_rtc.o
                0x00000000080071f4                RTC_EnterInitMode
 .text.HAL_RTCEx_SetWakeUpTimer
                0x000000000800724c       0xea ./Drivers/STM32F7xx_HAL_Driver/Src/stm32f7xx_hal_rtc_ex.o
                0x000000000800724c                HAL_RTCEx_SetWakeUpTimer
 .text.HAL_TIM_Base_Init
                0x0000000008007336       0xae ./Drivers/STM32F7xx_HAL_Driver/Src/stm32f7xx_hal_tim.o
                0x0000000008007336                HAL_TIM_Base_Init
 .text.HAL_TIM_Base_Start
                0x00000000080073e4       0xe0 ./Drivers/STM32F7xx_HAL_Driver/Src/stm32f7xx_hal_tim.o
                0x00000000080073e4                HAL_TIM_Base_Start
 .text.HAL_TIM_Base_Stop
                0x00000000080074c4       0x4e ./Drivers/STM32F7xx_HAL_Driver/Src/stm32f7xx_hal_tim.o
                0x00000000080074c4                HAL_TIM_Base_Stop
 *fill*         0x0000000008007512        0x2 
 .text.HAL_TIM_Base_Start_IT
                0x0000000008007514       0xf0 ./Drivers/STM32F7xx_HAL_Driver/Src/stm32f7xx_hal_tim.o
                0x0000000008007514                HAL_TIM_Base_Start_IT
 .text.HAL_TIM_PWM_Init
                0x0000000008007604       0xae ./Drivers/STM32F7xx_HAL_Driver/Src/stm32f7xx_hal_tim.o
                0x0000000008007604                HAL_TIM_PWM_Init
 *fill*         0x00000000080076b2        0x2 
 .text.HAL_TIM_PWM_Start
                0x00000000080076b4      0x1f4 ./Drivers/STM32F7xx_HAL_Driver/Src/stm32f7xx_hal_tim.o
                0x00000000080076b4                HAL_TIM_PWM_Start
 .text.HAL_TIM_IRQHandler
                0x00000000080078a8      0x23e ./Drivers/STM32F7xx_HAL_Driver/Src/stm32f7xx_hal_tim.o
                0x00000000080078a8                HAL_TIM_IRQHandler
 *fill*         0x0000000008007ae6        0x2 
 .text.HAL_TIM_PWM_ConfigChannel
                0x0000000008007ae8      0x228 ./Drivers/STM32F7xx_HAL_Driver/Src/stm32f7xx_hal_tim.o
                0x0000000008007ae8                HAL_TIM_PWM_ConfigChannel
 .text.HAL_TIM_ConfigClockSource
                0x0000000008007d10      0x194 ./Drivers/STM32F7xx_HAL_Driver/Src/stm32f7xx_hal_tim.o
                0x0000000008007d10                HAL_TIM_ConfigClockSource
 .text.HAL_TIM_PeriodElapsedCallback
                0x0000000008007ea4       0x14 ./Drivers/STM32F7xx_HAL_Driver/Src/stm32f7xx_hal_tim.o
                0x0000000008007ea4                HAL_TIM_PeriodElapsedCallback
 .text.HAL_TIM_OC_DelayElapsedCallback
                0x0000000008007eb8       0x14 ./Drivers/STM32F7xx_HAL_Driver/Src/stm32f7xx_hal_tim.o
                0x0000000008007eb8                HAL_TIM_OC_DelayElapsedCallback
 .text.HAL_TIM_IC_CaptureCallback
                0x0000000008007ecc       0x14 ./Drivers/STM32F7xx_HAL_Driver/Src/stm32f7xx_hal_tim.o
                0x0000000008007ecc                HAL_TIM_IC_CaptureCallback
 .text.HAL_TIM_PWM_PulseFinishedCallback
                0x0000000008007ee0       0x14 ./Drivers/STM32F7xx_HAL_Driver/Src/stm32f7xx_hal_tim.o
                0x0000000008007ee0                HAL_TIM_PWM_PulseFinishedCallback
 .text.HAL_TIM_TriggerCallback
                0x0000000008007ef4       0x14 ./Drivers/STM32F7xx_HAL_Driver/Src/stm32f7xx_hal_tim.o
                0x0000000008007ef4                HAL_TIM_TriggerCallback
 .text.TIM_Base_SetConfig
                0x0000000008007f08      0x140 ./Drivers/STM32F7xx_HAL_Driver/Src/stm32f7xx_hal_tim.o
                0x0000000008007f08                TIM_Base_SetConfig
 .text.TIM_OC1_SetConfig
                0x0000000008008048       0xe4 ./Drivers/STM32F7xx_HAL_Driver/Src/stm32f7xx_hal_tim.o
 .text.TIM_OC2_SetConfig
                0x000000000800812c       0xf0 ./Drivers/STM32F7xx_HAL_Driver/Src/stm32f7xx_hal_tim.o
                0x000000000800812c                TIM_OC2_SetConfig
 .text.TIM_OC3_SetConfig
                0x000000000800821c       0xec ./Drivers/STM32F7xx_HAL_Driver/Src/stm32f7xx_hal_tim.o
 .text.TIM_OC4_SetConfig
                0x0000000008008308       0xb0 ./Drivers/STM32F7xx_HAL_Driver/Src/stm32f7xx_hal_tim.o
 .text.TIM_OC5_SetConfig
                0x00000000080083b8       0xa4 ./Drivers/STM32F7xx_HAL_Driver/Src/stm32f7xx_hal_tim.o
 .text.TIM_OC6_SetConfig
                0x000000000800845c       0xa8 ./Drivers/STM32F7xx_HAL_Driver/Src/stm32f7xx_hal_tim.o
 .text.TIM_TI1_ConfigInputStage
                0x0000000008008504       0x5e ./Drivers/STM32F7xx_HAL_Driver/Src/stm32f7xx_hal_tim.o
 .text.TIM_TI2_ConfigInputStage
                0x0000000008008562       0x60 ./Drivers/STM32F7xx_HAL_Driver/Src/stm32f7xx_hal_tim.o
 .text.TIM_ITRx_SetConfig
                0x00000000080085c2       0x36 ./Drivers/STM32F7xx_HAL_Driver/Src/stm32f7xx_hal_tim.o
 .text.TIM_ETR_SetConfig
                0x00000000080085f8       0x40 ./Drivers/STM32F7xx_HAL_Driver/Src/stm32f7xx_hal_tim.o
                0x00000000080085f8                TIM_ETR_SetConfig
 .text.TIM_CCxChannelCmd
                0x0000000008008638       0x4a ./Drivers/STM32F7xx_HAL_Driver/Src/stm32f7xx_hal_tim.o
                0x0000000008008638                TIM_CCxChannelCmd
 *fill*         0x0000000008008682        0x2 
 .text.HAL_TIMEx_MasterConfigSynchronization
                0x0000000008008684      0x11c ./Drivers/STM32F7xx_HAL_Driver/Src/stm32f7xx_hal_tim_ex.o
                0x0000000008008684                HAL_TIMEx_MasterConfigSynchronization
 .text.HAL_TIMEx_CommutCallback
                0x00000000080087a0       0x14 ./Drivers/STM32F7xx_HAL_Driver/Src/stm32f7xx_hal_tim_ex.o
                0x00000000080087a0                HAL_TIMEx_CommutCallback
 .text.HAL_TIMEx_BreakCallback
                0x00000000080087b4       0x14 ./Drivers/STM32F7xx_HAL_Driver/Src/stm32f7xx_hal_tim_ex.o
                0x00000000080087b4                HAL_TIMEx_BreakCallback
 .text.HAL_TIMEx_Break2Callback
                0x00000000080087c8       0x14 ./Drivers/STM32F7xx_HAL_Driver/Src/stm32f7xx_hal_tim_ex.o
                0x00000000080087c8                HAL_TIMEx_Break2Callback
 .text.HAL_UART_Init
                0x00000000080087dc       0x9c ./Drivers/STM32F7xx_HAL_Driver/Src/stm32f7xx_hal_uart.o
                0x00000000080087dc                HAL_UART_Init
 .text.HAL_UART_Transmit
                0x0000000008008878      0x126 ./Drivers/STM32F7xx_HAL_Driver/Src/stm32f7xx_hal_uart.o
                0x0000000008008878                HAL_UART_Transmit
 *fill*         0x000000000800899e        0x2 
 .text.UART_SetConfig
                0x00000000080089a0      0x4c8 ./Drivers/STM32F7xx_HAL_Driver/Src/stm32f7xx_hal_uart.o
                0x00000000080089a0                UART_SetConfig
 .text.UART_AdvFeatureConfig
                0x0000000008008e68      0x144 ./Drivers/STM32F7xx_HAL_Driver/Src/stm32f7xx_hal_uart.o
                0x0000000008008e68                UART_AdvFeatureConfig
 .text.UART_CheckIdleState
                0x0000000008008fac       0x66 ./Drivers/STM32F7xx_HAL_Driver/Src/stm32f7xx_hal_uart.o
                0x0000000008008fac                UART_CheckIdleState
 .text.UART_WaitOnFlagUntilTimeout
                0x0000000008009012      0x188 ./Drivers/STM32F7xx_HAL_Driver/Src/stm32f7xx_hal_uart.o
                0x0000000008009012                UART_WaitOnFlagUntilTimeout
 *fill*         0x000000000800919a        0x2 
 .text.USB_CoreInit
                0x000000000800919c      0x110 ./Drivers/STM32F7xx_HAL_Driver/Src/stm32f7xx_ll_usb.o
                0x000000000800919c                USB_CoreInit
 .text.USB_DisableGlobalInt
                0x00000000080092ac       0x22 ./Drivers/STM32F7xx_HAL_Driver/Src/stm32f7xx_ll_usb.o
                0x00000000080092ac                USB_DisableGlobalInt
 .text.USB_SetCurrentMode
                0x00000000080092ce       0x98 ./Drivers/STM32F7xx_HAL_Driver/Src/stm32f7xx_ll_usb.o
                0x00000000080092ce                USB_SetCurrentMode
 *fill*         0x0000000008009366        0x2 
 .text.USB_DevInit
                0x0000000008009368      0x2dc ./Drivers/STM32F7xx_HAL_Driver/Src/stm32f7xx_ll_usb.o
                0x0000000008009368                USB_DevInit
 .text.USB_FlushTxFifo
                0x0000000008009644       0x64 ./Drivers/STM32F7xx_HAL_Driver/Src/stm32f7xx_ll_usb.o
                0x0000000008009644                USB_FlushTxFifo
 .text.USB_FlushRxFifo
                0x00000000080096a8       0x5c ./Drivers/STM32F7xx_HAL_Driver/Src/stm32f7xx_ll_usb.o
                0x00000000080096a8                USB_FlushRxFifo
 .text.USB_SetDevSpeed
                0x0000000008009704       0x32 ./Drivers/STM32F7xx_HAL_Driver/Src/stm32f7xx_ll_usb.o
                0x0000000008009704                USB_SetDevSpeed
 .text.USB_DevDisconnect
                0x0000000008009736       0x42 ./Drivers/STM32F7xx_HAL_Driver/Src/stm32f7xx_ll_usb.o
                0x0000000008009736                USB_DevDisconnect
 .text.USB_GetMode
                0x0000000008009778       0x1c ./Drivers/STM32F7xx_HAL_Driver/Src/stm32f7xx_ll_usb.o
                0x0000000008009778                USB_GetMode
 .text.USB_CoreReset
                0x0000000008009794       0x64 ./Drivers/STM32F7xx_HAL_Driver/Src/stm32f7xx_ll_usb.o
 .text.__errno  0x00000000080097f8        0xc d:/stm32cubeide_1.9.0/stm32cubeide/plugins/com.st.stm32cube.ide.mcu.externaltools.gnu-tools-for-stm32.10.3-2021.10.win32_1.0.0.202111181127/tools/bin/../lib/gcc/arm-none-eabi/10.3.1/../../../../arm-none-eabi/lib/thumb/v7e-m+fp/hard\libc_nano.a(lib_a-errno.o)
                0x00000000080097f8                __errno
 .text.__libc_init_array
                0x0000000008009804       0x48 d:/stm32cubeide_1.9.0/stm32cubeide/plugins/com.st.stm32cube.ide.mcu.externaltools.gnu-tools-for-stm32.10.3-2021.10.win32_1.0.0.202111181127/tools/bin/../lib/gcc/arm-none-eabi/10.3.1/../../../../arm-none-eabi/lib/thumb/v7e-m+fp/hard\libc_nano.a(lib_a-init.o)
                0x0000000008009804                __libc_init_array
 .text.localtime
                0x000000000800984c       0x3c d:/stm32cubeide_1.9.0/stm32cubeide/plugins/com.st.stm32cube.ide.mcu.externaltools.gnu-tools-for-stm32.10.3-2021.10.win32_1.0.0.202111181127/tools/bin/../lib/gcc/arm-none-eabi/10.3.1/../../../../arm-none-eabi/lib/thumb/v7e-m+fp/hard\libc_nano.a(lib_a-lcltime.o)
                0x000000000800984c                localtime
 .text.localtime_r
                0x0000000008009888      0x1e8 d:/stm32cubeide_1.9.0/stm32cubeide/plugins/com.st.stm32cube.ide.mcu.externaltools.gnu-tools-for-stm32.10.3-2021.10.win32_1.0.0.202111181127/tools/bin/../lib/gcc/arm-none-eabi/10.3.1/../../../../arm-none-eabi/lib/thumb/v7e-m+fp/hard\libc_nano.a(lib_a-lcltime_r.o)
                0x0000000008009888                localtime_r
 .text.malloc   0x0000000008009a70       0x10 d:/stm32cubeide_1.9.0/stm32cubeide/plugins/com.st.stm32cube.ide.mcu.externaltools.gnu-tools-for-stm32.10.3-2021.10.win32_1.0.0.202111181127/tools/bin/../lib/gcc/arm-none-eabi/10.3.1/../../../../arm-none-eabi/lib/thumb/v7e-m+fp/hard\libc_nano.a(lib_a-malloc.o)
                0x0000000008009a70                malloc
 .text.free     0x0000000008009a80       0x10 d:/stm32cubeide_1.9.0/stm32cubeide/plugins/com.st.stm32cube.ide.mcu.externaltools.gnu-tools-for-stm32.10.3-2021.10.win32_1.0.0.202111181127/tools/bin/../lib/gcc/arm-none-eabi/10.3.1/../../../../arm-none-eabi/lib/thumb/v7e-m+fp/hard\libc_nano.a(lib_a-malloc.o)
                0x0000000008009a80                free
 .text.memset   0x0000000008009a90       0x10 d:/stm32cubeide_1.9.0/stm32cubeide/plugins/com.st.stm32cube.ide.mcu.externaltools.gnu-tools-for-stm32.10.3-2021.10.win32_1.0.0.202111181127/tools/bin/../lib/gcc/arm-none-eabi/10.3.1/../../../../arm-none-eabi/lib/thumb/v7e-m+fp/hard\libc_nano.a(lib_a-memset.o)
                0x0000000008009a90                memset
 .text.validate_structure
                0x0000000008009aa0      0x1b0 d:/stm32cubeide_1.9.0/stm32cubeide/plugins/com.st.stm32cube.ide.mcu.externaltools.gnu-tools-for-stm32.10.3-2021.10.win32_1.0.0.202111181127/tools/bin/../lib/gcc/arm-none-eabi/10.3.1/../../../../arm-none-eabi/lib/thumb/v7e-m+fp/hard\libc_nano.a(lib_a-mktime.o)
 .text.mktime   0x0000000008009c50      0x334 d:/stm32cubeide_1.9.0/stm32cubeide/plugins/com.st.stm32cube.ide.mcu.externaltools.gnu-tools-for-stm32.10.3-2021.10.win32_1.0.0.202111181127/tools/bin/../lib/gcc/arm-none-eabi/10.3.1/../../../../arm-none-eabi/lib/thumb/v7e-m+fp/hard\libc_nano.a(lib_a-mktime.o)
                0x0000000008009c50                mktime
 .text._free_r  0x0000000008009f84       0x98 d:/stm32cubeide_1.9.0/stm32cubeide/plugins/com.st.stm32cube.ide.mcu.externaltools.gnu-tools-for-stm32.10.3-2021.10.win32_1.0.0.202111181127/tools/bin/../lib/gcc/arm-none-eabi/10.3.1/../../../../arm-none-eabi/lib/thumb/v7e-m+fp/hard\libc_nano.a(lib_a-nano-freer.o)
                0x0000000008009f84                _free_r
 .text.sbrk_aligned
                0x000000000800a01c       0x40 d:/stm32cubeide_1.9.0/stm32cubeide/plugins/com.st.stm32cube.ide.mcu.externaltools.gnu-tools-for-stm32.10.3-2021.10.win32_1.0.0.202111181127/tools/bin/../lib/gcc/arm-none-eabi/10.3.1/../../../../arm-none-eabi/lib/thumb/v7e-m+fp/hard\libc_nano.a(lib_a-nano-mallocr.o)
 .text._malloc_r
                0x000000000800a05c       0xe8 d:/stm32cubeide_1.9.0/stm32cubeide/plugins/com.st.stm32cube.ide.mcu.externaltools.gnu-tools-for-stm32.10.3-2021.10.win32_1.0.0.202111181127/tools/bin/../lib/gcc/arm-none-eabi/10.3.1/../../../../arm-none-eabi/lib/thumb/v7e-m+fp/hard\libc_nano.a(lib_a-nano-mallocr.o)
                0x000000000800a05c                _malloc_r
 .text._sbrk_r  0x000000000800a144       0x20 d:/stm32cubeide_1.9.0/stm32cubeide/plugins/com.st.stm32cube.ide.mcu.externaltools.gnu-tools-for-stm32.10.3-2021.10.win32_1.0.0.202111181127/tools/bin/../lib/gcc/arm-none-eabi/10.3.1/../../../../arm-none-eabi/lib/thumb/v7e-m+fp/hard\libc_nano.a(lib_a-sbrkr.o)
                0x000000000800a144                _sbrk_r
 .text.snprintf
                0x000000000800a164       0x68 d:/stm32cubeide_1.9.0/stm32cubeide/plugins/com.st.stm32cube.ide.mcu.externaltools.gnu-tools-for-stm32.10.3-2021.10.win32_1.0.0.202111181127/tools/bin/../lib/gcc/arm-none-eabi/10.3.1/../../../../arm-none-eabi/lib/thumb/v7e-m+fp/hard\libc_nano.a(lib_a-snprintf.o)
                0x000000000800a164                sniprintf
                0x000000000800a164                snprintf
 .text.sprintf  0x000000000800a1cc       0x40 d:/stm32cubeide_1.9.0/stm32cubeide/plugins/com.st.stm32cube.ide.mcu.externaltools.gnu-tools-for-stm32.10.3-2021.10.win32_1.0.0.202111181127/tools/bin/../lib/gcc/arm-none-eabi/10.3.1/../../../../arm-none-eabi/lib/thumb/v7e-m+fp/hard\libc_nano.a(lib_a-sprintf.o)
                0x000000000800a1cc                siprintf
                0x000000000800a1cc                sprintf
 .text.__tzcalc_limits
                0x000000000800a20c      0x154 d:/stm32cubeide_1.9.0/stm32cubeide/plugins/com.st.stm32cube.ide.mcu.externaltools.gnu-tools-for-stm32.10.3-2021.10.win32_1.0.0.202111181127/tools/bin/../lib/gcc/arm-none-eabi/10.3.1/../../../../arm-none-eabi/lib/thumb/v7e-m+fp/hard\libc_nano.a(lib_a-tzcalc_limits.o)
                0x000000000800a20c                __tzcalc_limits
 .text.__tz_lock
                0x000000000800a360        0xc d:/stm32cubeide_1.9.0/stm32cubeide/plugins/com.st.stm32cube.ide.mcu.externaltools.gnu-tools-for-stm32.10.3-2021.10.win32_1.0.0.202111181127/tools/bin/../lib/gcc/arm-none-eabi/10.3.1/../../../../arm-none-eabi/lib/thumb/v7e-m+fp/hard\libc_nano.a(lib_a-tzlock.o)
                0x000000000800a360                __tz_lock
 .text.__tz_unlock
                0x000000000800a36c        0xc d:/stm32cubeide_1.9.0/stm32cubeide/plugins/com.st.stm32cube.ide.mcu.externaltools.gnu-tools-for-stm32.10.3-2021.10.win32_1.0.0.202111181127/tools/bin/../lib/gcc/arm-none-eabi/10.3.1/../../../../arm-none-eabi/lib/thumb/v7e-m+fp/hard\libc_nano.a(lib_a-tzlock.o)
                0x000000000800a36c                __tz_unlock
 .text._tzset_unlocked
                0x000000000800a378        0xc d:/stm32cubeide_1.9.0/stm32cubeide/plugins/com.st.stm32cube.ide.mcu.externaltools.gnu-tools-for-stm32.10.3-2021.10.win32_1.0.0.202111181127/tools/bin/../lib/gcc/arm-none-eabi/10.3.1/../../../../arm-none-eabi/lib/thumb/v7e-m+fp/hard\libc_nano.a(lib_a-tzset.o)
                0x000000000800a378                _tzset_unlocked
 .text._tzset_unlocked_r
                0x000000000800a384      0x300 d:/stm32cubeide_1.9.0/stm32cubeide/plugins/com.st.stm32cube.ide.mcu.externaltools.gnu-tools-for-stm32.10.3-2021.10.win32_1.0.0.202111181127/tools/bin/../lib/gcc/arm-none-eabi/10.3.1/../../../../arm-none-eabi/lib/thumb/v7e-m+fp/hard\libc_nano.a(lib_a-tzset_r.o)
                0x000000000800a384                _tzset_unlocked_r
 .text.__assert_func
                0x000000000800a684       0x3c d:/stm32cubeide_1.9.0/stm32cubeide/plugins/com.st.stm32cube.ide.mcu.externaltools.gnu-tools-for-stm32.10.3-2021.10.win32_1.0.0.202111181127/tools/bin/../lib/gcc/arm-none-eabi/10.3.1/../../../../arm-none-eabi/lib/thumb/v7e-m+fp/hard\libc_nano.a(lib_a-assert.o)
                0x000000000800a684                __assert_func
 .text.div      0x000000000800a6c0       0x28 d:/stm32cubeide_1.9.0/stm32cubeide/plugins/com.st.stm32cube.ide.mcu.externaltools.gnu-tools-for-stm32.10.3-2021.10.win32_1.0.0.202111181127/tools/bin/../lib/gcc/arm-none-eabi/10.3.1/../../../../arm-none-eabi/lib/thumb/v7e-m+fp/hard\libc_nano.a(lib_a-div.o)
                0x000000000800a6c0                div
 .text.fprintf  0x000000000800a6e8       0x24 d:/stm32cubeide_1.9.0/stm32cubeide/plugins/com.st.stm32cube.ide.mcu.externaltools.gnu-tools-for-stm32.10.3-2021.10.win32_1.0.0.202111181127/tools/bin/../lib/gcc/arm-none-eabi/10.3.1/../../../../arm-none-eabi/lib/thumb/v7e-m+fp/hard\libc_nano.a(lib_a-fprintf.o)
                0x000000000800a6e8                fiprintf
                0x000000000800a6e8                fprintf
 .text._findenv_r
                0x000000000800a70c       0x78 d:/stm32cubeide_1.9.0/stm32cubeide/plugins/com.st.stm32cube.ide.mcu.externaltools.gnu-tools-for-stm32.10.3-2021.10.win32_1.0.0.202111181127/tools/bin/../lib/gcc/arm-none-eabi/10.3.1/../../../../arm-none-eabi/lib/thumb/v7e-m+fp/hard\libc_nano.a(lib_a-getenv_r.o)
                0x000000000800a70c                _findenv_r
 .text._getenv_r
                0x000000000800a784        0xe d:/stm32cubeide_1.9.0/stm32cubeide/plugins/com.st.stm32cube.ide.mcu.externaltools.gnu-tools-for-stm32.10.3-2021.10.win32_1.0.0.202111181127/tools/bin/../lib/gcc/arm-none-eabi/10.3.1/../../../../arm-none-eabi/lib/thumb/v7e-m+fp/hard\libc_nano.a(lib_a-getenv_r.o)
                0x000000000800a784                _getenv_r
 *fill*         0x000000000800a792        0x2 
 .text.__gettzinfo
                0x000000000800a794        0x8 d:/stm32cubeide_1.9.0/stm32cubeide/plugins/com.st.stm32cube.ide.mcu.externaltools.gnu-tools-for-stm32.10.3-2021.10.win32_1.0.0.202111181127/tools/bin/../lib/gcc/arm-none-eabi/10.3.1/../../../../arm-none-eabi/lib/thumb/v7e-m+fp/hard\libc_nano.a(lib_a-gettzinfo.o)
                0x000000000800a794                __gettzinfo
 .text.gmtime_r
                0x000000000800a79c      0x158 d:/stm32cubeide_1.9.0/stm32cubeide/plugins/com.st.stm32cube.ide.mcu.externaltools.gnu-tools-for-stm32.10.3-2021.10.win32_1.0.0.202111181127/tools/bin/../lib/gcc/arm-none-eabi/10.3.1/../../../../arm-none-eabi/lib/thumb/v7e-m+fp/hard\libc_nano.a(lib_a-gmtime_r.o)
                0x000000000800a79c                gmtime_r
 .text.__retarget_lock_init_recursive
                0x000000000800a8f4        0x2 d:/stm32cubeide_1.9.0/stm32cubeide/plugins/com.st.stm32cube.ide.mcu.externaltools.gnu-tools-for-stm32.10.3-2021.10.win32_1.0.0.202111181127/tools/bin/../lib/gcc/arm-none-eabi/10.3.1/../../../../arm-none-eabi/lib/thumb/v7e-m+fp/hard\libc_nano.a(lib_a-lock.o)
                0x000000000800a8f4                __retarget_lock_init_recursive
 .text.__retarget_lock_acquire
                0x000000000800a8f6        0x2 d:/stm32cubeide_1.9.0/stm32cubeide/plugins/com.st.stm32cube.ide.mcu.externaltools.gnu-tools-for-stm32.10.3-2021.10.win32_1.0.0.202111181127/tools/bin/../lib/gcc/arm-none-eabi/10.3.1/../../../../arm-none-eabi/lib/thumb/v7e-m+fp/hard\libc_nano.a(lib_a-lock.o)
                0x000000000800a8f6                __retarget_lock_acquire
 .text.__retarget_lock_acquire_recursive
                0x000000000800a8f8        0x2 d:/stm32cubeide_1.9.0/stm32cubeide/plugins/com.st.stm32cube.ide.mcu.externaltools.gnu-tools-for-stm32.10.3-2021.10.win32_1.0.0.202111181127/tools/bin/../lib/gcc/arm-none-eabi/10.3.1/../../../../arm-none-eabi/lib/thumb/v7e-m+fp/hard\libc_nano.a(lib_a-lock.o)
                0x000000000800a8f8                __retarget_lock_acquire_recursive
 .text.__retarget_lock_release
                0x000000000800a8fa        0x2 d:/stm32cubeide_1.9.0/stm32cubeide/plugins/com.st.stm32cube.ide.mcu.externaltools.gnu-tools-for-stm32.10.3-2021.10.win32_1.0.0.202111181127/tools/bin/../lib/gcc/arm-none-eabi/10.3.1/../../../../arm-none-eabi/lib/thumb/v7e-m+fp/hard\libc_nano.a(lib_a-lock.o)
                0x000000000800a8fa                __retarget_lock_release
 .text.__retarget_lock_release_recursive
                0x000000000800a8fc        0x2 d:/stm32cubeide_1.9.0/stm32cubeide/plugins/com.st.stm32cube.ide.mcu.externaltools.gnu-tools-for-stm32.10.3-2021.10.win32_1.0.0.202111181127/tools/bin/../lib/gcc/arm-none-eabi/10.3.1/../../../../arm-none-eabi/lib/thumb/v7e-m+fp/hard\libc_nano.a(lib_a-lock.o)
                0x000000000800a8fc                __retarget_lock_release_recursive
 *fill*         0x000000000800a8fe        0x2 
 .text.__malloc_lock
                0x000000000800a900        0xc d:/stm32cubeide_1.9.0/stm32cubeide/plugins/com.st.stm32cube.ide.mcu.externaltools.gnu-tools-for-stm32.10.3-2021.10.win32_1.0.0.202111181127/tools/bin/../lib/gcc/arm-none-eabi/10.3.1/../../../../arm-none-eabi/lib/thumb/v7e-m+fp/hard\libc_nano.a(lib_a-mlock.o)
                0x000000000800a900                __malloc_lock
 .text.__malloc_unlock
                0x000000000800a90c        0xc d:/stm32cubeide_1.9.0/stm32cubeide/plugins/com.st.stm32cube.ide.mcu.externaltools.gnu-tools-for-stm32.10.3-2021.10.win32_1.0.0.202111181127/tools/bin/../lib/gcc/arm-none-eabi/10.3.1/../../../../arm-none-eabi/lib/thumb/v7e-m+fp/hard\libc_nano.a(lib_a-mlock.o)
                0x000000000800a90c                __malloc_unlock
 .text.__ssputs_r
                0x000000000800a918       0xb6 d:/stm32cubeide_1.9.0/stm32cubeide/plugins/com.st.stm32cube.ide.mcu.externaltools.gnu-tools-for-stm32.10.3-2021.10.win32_1.0.0.202111181127/tools/bin/../lib/gcc/arm-none-eabi/10.3.1/../../../../arm-none-eabi/lib/thumb/v7e-m+fp/hard\libc_nano.a(lib_a-nano-svfprintf.o)
                0x000000000800a918                __ssputs_r
 *fill*         0x000000000800a9ce        0x2 
 .text._svfprintf_r
                0x000000000800a9d0      0x200 d:/stm32cubeide_1.9.0/stm32cubeide/plugins/com.st.stm32cube.ide.mcu.externaltools.gnu-tools-for-stm32.10.3-2021.10.win32_1.0.0.202111181127/tools/bin/../lib/gcc/arm-none-eabi/10.3.1/../../../../arm-none-eabi/lib/thumb/v7e-m+fp/hard\libc_nano.a(lib_a-nano-svfprintf.o)
                0x000000000800a9d0                _svfiprintf_r
                0x000000000800a9d0                _svfprintf_r
 .text.__sfputc_r
                0x000000000800abd0       0x2e d:/stm32cubeide_1.9.0/stm32cubeide/plugins/com.st.stm32cube.ide.mcu.externaltools.gnu-tools-for-stm32.10.3-2021.10.win32_1.0.0.202111181127/tools/bin/../lib/gcc/arm-none-eabi/10.3.1/../../../../arm-none-eabi/lib/thumb/v7e-m+fp/hard\libc_nano.a(lib_a-nano-vfprintf.o)
 .text.__sfputs_r
                0x000000000800abfe       0x24 d:/stm32cubeide_1.9.0/stm32cubeide/plugins/com.st.stm32cube.ide.mcu.externaltools.gnu-tools-for-stm32.10.3-2021.10.win32_1.0.0.202111181127/tools/bin/../lib/gcc/arm-none-eabi/10.3.1/../../../../arm-none-eabi/lib/thumb/v7e-m+fp/hard\libc_nano.a(lib_a-nano-vfprintf.o)
                0x000000000800abfe                __sfputs_r
 *fill*         0x000000000800ac22        0x2 
 .text._vfprintf_r
                0x000000000800ac24      0x260 d:/stm32cubeide_1.9.0/stm32cubeide/plugins/com.st.stm32cube.ide.mcu.externaltools.gnu-tools-for-stm32.10.3-2021.10.win32_1.0.0.202111181127/tools/bin/../lib/gcc/arm-none-eabi/10.3.1/../../../../arm-none-eabi/lib/thumb/v7e-m+fp/hard\libc_nano.a(lib_a-nano-vfprintf.o)
                0x000000000800ac24                _vfprintf_r
                0x000000000800ac24                _vfiprintf_r
 .text._printf_common
                0x000000000800ae84       0xda d:/stm32cubeide_1.9.0/stm32cubeide/plugins/com.st.stm32cube.ide.mcu.externaltools.gnu-tools-for-stm32.10.3-2021.10.win32_1.0.0.202111181127/tools/bin/../lib/gcc/arm-none-eabi/10.3.1/../../../../arm-none-eabi/lib/thumb/v7e-m+fp/hard\libc_nano.a(lib_a-nano-vfprintf_i.o)
                0x000000000800ae84                _printf_common
 *fill*         0x000000000800af5e        0x2 
 .text._printf_i
                0x000000000800af60      0x24c d:/stm32cubeide_1.9.0/stm32cubeide/plugins/com.st.stm32cube.ide.mcu.externaltools.gnu-tools-for-stm32.10.3-2021.10.win32_1.0.0.202111181127/tools/bin/../lib/gcc/arm-none-eabi/10.3.1/../../../../arm-none-eabi/lib/thumb/v7e-m+fp/hard\libc_nano.a(lib_a-nano-vfprintf_i.o)
                0x000000000800af60                _printf_i
 .text.sscanf   0x000000000800b1ac       0x58 d:/stm32cubeide_1.9.0/stm32cubeide/plugins/com.st.stm32cube.ide.mcu.externaltools.gnu-tools-for-stm32.10.3-2021.10.win32_1.0.0.202111181127/tools/bin/../lib/gcc/arm-none-eabi/10.3.1/../../../../arm-none-eabi/lib/thumb/v7e-m+fp/hard\libc_nano.a(lib_a-sscanf.o)
                0x000000000800b1ac                siscanf
                0x000000000800b1ac                sscanf
 .text.__sread  0x000000000800b204       0x22 d:/stm32cubeide_1.9.0/stm32cubeide/plugins/com.st.stm32cube.ide.mcu.externaltools.gnu-tools-for-stm32.10.3-2021.10.win32_1.0.0.202111181127/tools/bin/../lib/gcc/arm-none-eabi/10.3.1/../../../../arm-none-eabi/lib/thumb/v7e-m+fp/hard\libc_nano.a(lib_a-stdio.o)
                0x000000000800b204                __sread
 .text.__seofread
                0x000000000800b226        0x4 d:/stm32cubeide_1.9.0/stm32cubeide/plugins/com.st.stm32cube.ide.mcu.externaltools.gnu-tools-for-stm32.10.3-2021.10.win32_1.0.0.202111181127/tools/bin/../lib/gcc/arm-none-eabi/10.3.1/../../../../arm-none-eabi/lib/thumb/v7e-m+fp/hard\libc_nano.a(lib_a-stdio.o)
                0x000000000800b226                __seofread
 .text.__swrite
                0x000000000800b22a       0x38 d:/stm32cubeide_1.9.0/stm32cubeide/plugins/com.st.stm32cube.ide.mcu.externaltools.gnu-tools-for-stm32.10.3-2021.10.win32_1.0.0.202111181127/tools/bin/../lib/gcc/arm-none-eabi/10.3.1/../../../../arm-none-eabi/lib/thumb/v7e-m+fp/hard\libc_nano.a(lib_a-stdio.o)
                0x000000000800b22a                __swrite
 .text.__sseek  0x000000000800b262       0x24 d:/stm32cubeide_1.9.0/stm32cubeide/plugins/com.st.stm32cube.ide.mcu.externaltools.gnu-tools-for-stm32.10.3-2021.10.win32_1.0.0.202111181127/tools/bin/../lib/gcc/arm-none-eabi/10.3.1/../../../../arm-none-eabi/lib/thumb/v7e-m+fp/hard\libc_nano.a(lib_a-stdio.o)
                0x000000000800b262                __sseek
 .text.__sclose
                0x000000000800b286        0x8 d:/stm32cubeide_1.9.0/stm32cubeide/plugins/com.st.stm32cube.ide.mcu.externaltools.gnu-tools-for-stm32.10.3-2021.10.win32_1.0.0.202111181127/tools/bin/../lib/gcc/arm-none-eabi/10.3.1/../../../../arm-none-eabi/lib/thumb/v7e-m+fp/hard\libc_nano.a(lib_a-stdio.o)
                0x000000000800b286                __sclose
 .text.strcpy   0x000000000800b28e       0x10 d:/stm32cubeide_1.9.0/stm32cubeide/plugins/com.st.stm32cube.ide.mcu.externaltools.gnu-tools-for-stm32.10.3-2021.10.win32_1.0.0.202111181127/tools/bin/../lib/gcc/arm-none-eabi/10.3.1/../../../../arm-none-eabi/lib/thumb/v7e-m+fp/hard\libc_nano.a(lib_a-strcpy.o)
                0x000000000800b28e                strcpy
 .text.strncmp  0x000000000800b29e       0x28 d:/stm32cubeide_1.9.0/stm32cubeide/plugins/com.st.stm32cube.ide.mcu.externaltools.gnu-tools-for-stm32.10.3-2021.10.win32_1.0.0.202111181127/tools/bin/../lib/gcc/arm-none-eabi/10.3.1/../../../../arm-none-eabi/lib/thumb/v7e-m+fp/hard\libc_nano.a(lib_a-strncmp.o)
                0x000000000800b29e                strncmp
 *fill*         0x000000000800b2c6        0x2 
 .text._strtoul_l.constprop.0
                0x000000000800b2c8       0xe4 d:/stm32cubeide_1.9.0/stm32cubeide/plugins/com.st.stm32cube.ide.mcu.externaltools.gnu-tools-for-stm32.10.3-2021.10.win32_1.0.0.202111181127/tools/bin/../lib/gcc/arm-none-eabi/10.3.1/../../../../arm-none-eabi/lib/thumb/v7e-m+fp/hard\libc_nano.a(lib_a-strtoul.o)
 .text._strtoul_r
                0x000000000800b3ac        0x4 d:/stm32cubeide_1.9.0/stm32cubeide/plugins/com.st.stm32cube.ide.mcu.externaltools.gnu-tools-for-stm32.10.3-2021.10.win32_1.0.0.202111181127/tools/bin/../lib/gcc/arm-none-eabi/10.3.1/../../../../arm-none-eabi/lib/thumb/v7e-m+fp/hard\libc_nano.a(lib_a-strtoul.o)
                0x000000000800b3ac                _strtoul_r
 .text.strtoul  0x000000000800b3b0       0x14 d:/stm32cubeide_1.9.0/stm32cubeide/plugins/com.st.stm32cube.ide.mcu.externaltools.gnu-tools-for-stm32.10.3-2021.10.win32_1.0.0.202111181127/tools/bin/../lib/gcc/arm-none-eabi/10.3.1/../../../../arm-none-eabi/lib/thumb/v7e-m+fp/hard\libc_nano.a(lib_a-strtoul.o)
                0x000000000800b3b0                strtoul
 .text.__swbuf_r
                0x000000000800b3c4       0xa4 d:/stm32cubeide_1.9.0/stm32cubeide/plugins/com.st.stm32cube.ide.mcu.externaltools.gnu-tools-for-stm32.10.3-2021.10.win32_1.0.0.202111181127/tools/bin/../lib/gcc/arm-none-eabi/10.3.1/../../../../arm-none-eabi/lib/thumb/v7e-m+fp/hard\libc_nano.a(lib_a-wbuf.o)
                0x000000000800b3c4                __swbuf_r
 .text._write_r
                0x000000000800b468       0x24 d:/stm32cubeide_1.9.0/stm32cubeide/plugins/com.st.stm32cube.ide.mcu.externaltools.gnu-tools-for-stm32.10.3-2021.10.win32_1.0.0.202111181127/tools/bin/../lib/gcc/arm-none-eabi/10.3.1/../../../../arm-none-eabi/lib/thumb/v7e-m+fp/hard\libc_nano.a(lib_a-writer.o)
                0x000000000800b468                _write_r
 .text.__swsetup_r
                0x000000000800b48c       0xdc d:/stm32cubeide_1.9.0/stm32cubeide/plugins/com.st.stm32cube.ide.mcu.externaltools.gnu-tools-for-stm32.10.3-2021.10.win32_1.0.0.202111181127/tools/bin/../lib/gcc/arm-none-eabi/10.3.1/../../../../arm-none-eabi/lib/thumb/v7e-m+fp/hard\libc_nano.a(lib_a-wsetup.o)
                0x000000000800b48c                __swsetup_r
 .text.abort    0x000000000800b568        0xe d:/stm32cubeide_1.9.0/stm32cubeide/plugins/com.st.stm32cube.ide.mcu.externaltools.gnu-tools-for-stm32.10.3-2021.10.win32_1.0.0.202111181127/tools/bin/../lib/gcc/arm-none-eabi/10.3.1/../../../../arm-none-eabi/lib/thumb/v7e-m+fp/hard\libc_nano.a(lib_a-abort.o)
                0x000000000800b568                abort
 *fill*         0x000000000800b576        0x2 
 .text._close_r
                0x000000000800b578       0x20 d:/stm32cubeide_1.9.0/stm32cubeide/plugins/com.st.stm32cube.ide.mcu.externaltools.gnu-tools-for-stm32.10.3-2021.10.win32_1.0.0.202111181127/tools/bin/../lib/gcc/arm-none-eabi/10.3.1/../../../../arm-none-eabi/lib/thumb/v7e-m+fp/hard\libc_nano.a(lib_a-closer.o)
                0x000000000800b578                _close_r
 .text.__env_lock
                0x000000000800b598        0xc d:/stm32cubeide_1.9.0/stm32cubeide/plugins/com.st.stm32cube.ide.mcu.externaltools.gnu-tools-for-stm32.10.3-2021.10.win32_1.0.0.202111181127/tools/bin/../lib/gcc/arm-none-eabi/10.3.1/../../../../arm-none-eabi/lib/thumb/v7e-m+fp/hard\libc_nano.a(lib_a-envlock.o)
                0x000000000800b598                __env_lock
 .text.__env_unlock
                0x000000000800b5a4        0xc d:/stm32cubeide_1.9.0/stm32cubeide/plugins/com.st.stm32cube.ide.mcu.externaltools.gnu-tools-for-stm32.10.3-2021.10.win32_1.0.0.202111181127/tools/bin/../lib/gcc/arm-none-eabi/10.3.1/../../../../arm-none-eabi/lib/thumb/v7e-m+fp/hard\libc_nano.a(lib_a-envlock.o)
                0x000000000800b5a4                __env_unlock
 .text.__sflush_r
                0x000000000800b5b0      0x10c d:/stm32cubeide_1.9.0/stm32cubeide/plugins/com.st.stm32cube.ide.mcu.externaltools.gnu-tools-for-stm32.10.3-2021.10.win32_1.0.0.202111181127/tools/bin/../lib/gcc/arm-none-eabi/10.3.1/../../../../arm-none-eabi/lib/thumb/v7e-m+fp/hard\libc_nano.a(lib_a-fflush.o)
                0x000000000800b5b0                __sflush_r
 .text._fflush_r
                0x000000000800b6bc       0x78 d:/stm32cubeide_1.9.0/stm32cubeide/plugins/com.st.stm32cube.ide.mcu.externaltools.gnu-tools-for-stm32.10.3-2021.10.win32_1.0.0.202111181127/tools/bin/../lib/gcc/arm-none-eabi/10.3.1/../../../../arm-none-eabi/lib/thumb/v7e-m+fp/hard\libc_nano.a(lib_a-fflush.o)
                0x000000000800b6bc                _fflush_r
 .text.std      0x000000000800b734       0x48 d:/stm32cubeide_1.9.0/stm32cubeide/plugins/com.st.stm32cube.ide.mcu.externaltools.gnu-tools-for-stm32.10.3-2021.10.win32_1.0.0.202111181127/tools/bin/../lib/gcc/arm-none-eabi/10.3.1/../../../../arm-none-eabi/lib/thumb/v7e-m+fp/hard\libc_nano.a(lib_a-findfp.o)
 .text._cleanup_r
                0x000000000800b77c        0xc d:/stm32cubeide_1.9.0/stm32cubeide/plugins/com.st.stm32cube.ide.mcu.externaltools.gnu-tools-for-stm32.10.3-2021.10.win32_1.0.0.202111181127/tools/bin/../lib/gcc/arm-none-eabi/10.3.1/../../../../arm-none-eabi/lib/thumb/v7e-m+fp/hard\libc_nano.a(lib_a-findfp.o)
                0x000000000800b77c                _cleanup_r
 .text.__sfmoreglue
                0x000000000800b788       0x2c d:/stm32cubeide_1.9.0/stm32cubeide/plugins/com.st.stm32cube.ide.mcu.externaltools.gnu-tools-for-stm32.10.3-2021.10.win32_1.0.0.202111181127/tools/bin/../lib/gcc/arm-none-eabi/10.3.1/../../../../arm-none-eabi/lib/thumb/v7e-m+fp/hard\libc_nano.a(lib_a-findfp.o)
                0x000000000800b788                __sfmoreglue
 .text.__sfp_lock_acquire
                0x000000000800b7b4        0xc d:/stm32cubeide_1.9.0/stm32cubeide/plugins/com.st.stm32cube.ide.mcu.externaltools.gnu-tools-for-stm32.10.3-2021.10.win32_1.0.0.202111181127/tools/bin/../lib/gcc/arm-none-eabi/10.3.1/../../../../arm-none-eabi/lib/thumb/v7e-m+fp/hard\libc_nano.a(lib_a-findfp.o)
                0x000000000800b7b4                __sfp_lock_acquire
 .text.__sfp_lock_release
                0x000000000800b7c0        0xc d:/stm32cubeide_1.9.0/stm32cubeide/plugins/com.st.stm32cube.ide.mcu.externaltools.gnu-tools-for-stm32.10.3-2021.10.win32_1.0.0.202111181127/tools/bin/../lib/gcc/arm-none-eabi/10.3.1/../../../../arm-none-eabi/lib/thumb/v7e-m+fp/hard\libc_nano.a(lib_a-findfp.o)
                0x000000000800b7c0                __sfp_lock_release
 .text.__sinit_lock_acquire
                0x000000000800b7cc        0xc d:/stm32cubeide_1.9.0/stm32cubeide/plugins/com.st.stm32cube.ide.mcu.externaltools.gnu-tools-for-stm32.10.3-2021.10.win32_1.0.0.202111181127/tools/bin/../lib/gcc/arm-none-eabi/10.3.1/../../../../arm-none-eabi/lib/thumb/v7e-m+fp/hard\libc_nano.a(lib_a-findfp.o)
                0x000000000800b7cc                __sinit_lock_acquire
 .text.__sinit_lock_release
                0x000000000800b7d8        0xc d:/stm32cubeide_1.9.0/stm32cubeide/plugins/com.st.stm32cube.ide.mcu.externaltools.gnu-tools-for-stm32.10.3-2021.10.win32_1.0.0.202111181127/tools/bin/../lib/gcc/arm-none-eabi/10.3.1/../../../../arm-none-eabi/lib/thumb/v7e-m+fp/hard\libc_nano.a(lib_a-findfp.o)
                0x000000000800b7d8                __sinit_lock_release
 .text.__sinit  0x000000000800b7e4       0x70 d:/stm32cubeide_1.9.0/stm32cubeide/plugins/com.st.stm32cube.ide.mcu.externaltools.gnu-tools-for-stm32.10.3-2021.10.win32_1.0.0.202111181127/tools/bin/../lib/gcc/arm-none-eabi/10.3.1/../../../../arm-none-eabi/lib/thumb/v7e-m+fp/hard\libc_nano.a(lib_a-findfp.o)
                0x000000000800b7e4                __sinit
 .text.__sfp    0x000000000800b854       0x8c d:/stm32cubeide_1.9.0/stm32cubeide/plugins/com.st.stm32cube.ide.mcu.externaltools.gnu-tools-for-stm32.10.3-2021.10.win32_1.0.0.202111181127/tools/bin/../lib/gcc/arm-none-eabi/10.3.1/../../../../arm-none-eabi/lib/thumb/v7e-m+fp/hard\libc_nano.a(lib_a-findfp.o)
                0x000000000800b854                __sfp
 .text._fwalk_reent
                0x000000000800b8e0       0x3e d:/stm32cubeide_1.9.0/stm32cubeide/plugins/com.st.stm32cube.ide.mcu.externaltools.gnu-tools-for-stm32.10.3-2021.10.win32_1.0.0.202111181127/tools/bin/../lib/gcc/arm-none-eabi/10.3.1/../../../../arm-none-eabi/lib/thumb/v7e-m+fp/hard\libc_nano.a(lib_a-fwalk.o)
                0x000000000800b8e0                _fwalk_reent
 *fill*         0x000000000800b91e        0x2 
 .text._lseek_r
                0x000000000800b920       0x24 d:/stm32cubeide_1.9.0/stm32cubeide/plugins/com.st.stm32cube.ide.mcu.externaltools.gnu-tools-for-stm32.10.3-2021.10.win32_1.0.0.202111181127/tools/bin/../lib/gcc/arm-none-eabi/10.3.1/../../../../arm-none-eabi/lib/thumb/v7e-m+fp/hard\libc_nano.a(lib_a-lseekr.o)
                0x000000000800b920                _lseek_r
 .text.__swhatbuf_r
                0x000000000800b944       0x4a d:/stm32cubeide_1.9.0/stm32cubeide/plugins/com.st.stm32cube.ide.mcu.externaltools.gnu-tools-for-stm32.10.3-2021.10.win32_1.0.0.202111181127/tools/bin/../lib/gcc/arm-none-eabi/10.3.1/../../../../arm-none-eabi/lib/thumb/v7e-m+fp/hard\libc_nano.a(lib_a-makebuf.o)
                0x000000000800b944                __swhatbuf_r
 *fill*         0x000000000800b98e        0x2 
 .text.__smakebuf_r
                0x000000000800b990       0x80 d:/stm32cubeide_1.9.0/stm32cubeide/plugins/com.st.stm32cube.ide.mcu.externaltools.gnu-tools-for-stm32.10.3-2021.10.win32_1.0.0.202111181127/tools/bin/../lib/gcc/arm-none-eabi/10.3.1/../../../../arm-none-eabi/lib/thumb/v7e-m+fp/hard\libc_nano.a(lib_a-makebuf.o)
                0x000000000800b990                __smakebuf_r
 .text.memcpy   0x000000000800ba10       0x1c d:/stm32cubeide_1.9.0/stm32cubeide/plugins/com.st.stm32cube.ide.mcu.externaltools.gnu-tools-for-stm32.10.3-2021.10.win32_1.0.0.202111181127/tools/bin/../lib/gcc/arm-none-eabi/10.3.1/../../../../arm-none-eabi/lib/thumb/v7e-m+fp/hard\libc_nano.a(lib_a-memcpy-stub.o)
                0x000000000800ba10                memcpy
 .text.memmove  0x000000000800ba2c       0x34 d:/stm32cubeide_1.9.0/stm32cubeide/plugins/com.st.stm32cube.ide.mcu.externaltools.gnu-tools-for-stm32.10.3-2021.10.win32_1.0.0.202111181127/tools/bin/../lib/gcc/arm-none-eabi/10.3.1/../../../../arm-none-eabi/lib/thumb/v7e-m+fp/hard\libc_nano.a(lib_a-memmove.o)
                0x000000000800ba2c                memmove
 .text._realloc_r
                0x000000000800ba60       0x5e d:/stm32cubeide_1.9.0/stm32cubeide/plugins/com.st.stm32cube.ide.mcu.externaltools.gnu-tools-for-stm32.10.3-2021.10.win32_1.0.0.202111181127/tools/bin/../lib/gcc/arm-none-eabi/10.3.1/../../../../arm-none-eabi/lib/thumb/v7e-m+fp/hard\libc_nano.a(lib_a-nano-reallocr.o)
                0x000000000800ba60                _realloc_r
 .text._sungetc_r
                0x000000000800babe       0x7a d:/stm32cubeide_1.9.0/stm32cubeide/plugins/com.st.stm32cube.ide.mcu.externaltools.gnu-tools-for-stm32.10.3-2021.10.win32_1.0.0.202111181127/tools/bin/../lib/gcc/arm-none-eabi/10.3.1/../../../../arm-none-eabi/lib/thumb/v7e-m+fp/hard\libc_nano.a(lib_a-nano-svfscanf.o)
                0x000000000800babe                _sungetc_r
 .text.__ssrefill_r
                0x000000000800bb38       0x3a d:/stm32cubeide_1.9.0/stm32cubeide/plugins/com.st.stm32cube.ide.mcu.externaltools.gnu-tools-for-stm32.10.3-2021.10.win32_1.0.0.202111181127/tools/bin/../lib/gcc/arm-none-eabi/10.3.1/../../../../arm-none-eabi/lib/thumb/v7e-m+fp/hard\libc_nano.a(lib_a-nano-svfscanf.o)
                0x000000000800bb38                __ssrefill_r
 *fill*         0x000000000800bb72        0x2 
 .text.__ssvfscanf_r
                0x000000000800bb74      0x2f0 d:/stm32cubeide_1.9.0/stm32cubeide/plugins/com.st.stm32cube.ide.mcu.externaltools.gnu-tools-for-stm32.10.3-2021.10.win32_1.0.0.202111181127/tools/bin/../lib/gcc/arm-none-eabi/10.3.1/../../../../arm-none-eabi/lib/thumb/v7e-m+fp/hard\libc_nano.a(lib_a-nano-svfscanf.o)
                0x000000000800bb74                __ssvfiscanf_r
                0x000000000800bb74                __ssvfscanf_r
 .text._scanf_chars
                0x000000000800be64       0xb4 d:/stm32cubeide_1.9.0/stm32cubeide/plugins/com.st.stm32cube.ide.mcu.externaltools.gnu-tools-for-stm32.10.3-2021.10.win32_1.0.0.202111181127/tools/bin/../lib/gcc/arm-none-eabi/10.3.1/../../../../arm-none-eabi/lib/thumb/v7e-m+fp/hard\libc_nano.a(lib_a-nano-vfscanf_i.o)
                0x000000000800be64                _scanf_chars
 .text._scanf_i
                0x000000000800bf18      0x1f0 d:/stm32cubeide_1.9.0/stm32cubeide/plugins/com.st.stm32cube.ide.mcu.externaltools.gnu-tools-for-stm32.10.3-2021.10.win32_1.0.0.202111181127/tools/bin/../lib/gcc/arm-none-eabi/10.3.1/../../../../arm-none-eabi/lib/thumb/v7e-m+fp/hard\libc_nano.a(lib_a-nano-vfscanf_i.o)
                0x000000000800bf18                _scanf_i
 .text._read_r  0x000000000800c108       0x24 d:/stm32cubeide_1.9.0/stm32cubeide/plugins/com.st.stm32cube.ide.mcu.externaltools.gnu-tools-for-stm32.10.3-2021.10.win32_1.0.0.202111181127/tools/bin/../lib/gcc/arm-none-eabi/10.3.1/../../../../arm-none-eabi/lib/thumb/v7e-m+fp/hard\libc_nano.a(lib_a-readr.o)
                0x000000000800c108                _read_r
 .text.__sccl   0x000000000800c12c       0x70 d:/stm32cubeide_1.9.0/stm32cubeide/plugins/com.st.stm32cube.ide.mcu.externaltools.gnu-tools-for-stm32.10.3-2021.10.win32_1.0.0.202111181127/tools/bin/../lib/gcc/arm-none-eabi/10.3.1/../../../../arm-none-eabi/lib/thumb/v7e-m+fp/hard\libc_nano.a(lib_a-sccl.o)
                0x000000000800c12c                __sccl
 .text._raise_r
                0x000000000800c19c       0x50 d:/stm32cubeide_1.9.0/stm32cubeide/plugins/com.st.stm32cube.ide.mcu.externaltools.gnu-tools-for-stm32.10.3-2021.10.win32_1.0.0.202111181127/tools/bin/../lib/gcc/arm-none-eabi/10.3.1/../../../../arm-none-eabi/lib/thumb/v7e-m+fp/hard\libc_nano.a(lib_a-signal.o)
                0x000000000800c19c                _raise_r
 .text.raise    0x000000000800c1ec       0x10 d:/stm32cubeide_1.9.0/stm32cubeide/plugins/com.st.stm32cube.ide.mcu.externaltools.gnu-tools-for-stm32.10.3-2021.10.win32_1.0.0.202111181127/tools/bin/../lib/gcc/arm-none-eabi/10.3.1/../../../../arm-none-eabi/lib/thumb/v7e-m+fp/hard\libc_nano.a(lib_a-signal.o)
                0x000000000800c1ec                raise
 .text._kill_r  0x000000000800c1fc       0x24 d:/stm32cubeide_1.9.0/stm32cubeide/plugins/com.st.stm32cube.ide.mcu.externaltools.gnu-tools-for-stm32.10.3-2021.10.win32_1.0.0.202111181127/tools/bin/../lib/gcc/arm-none-eabi/10.3.1/../../../../arm-none-eabi/lib/thumb/v7e-m+fp/hard\libc_nano.a(lib_a-signalr.o)
                0x000000000800c1fc                _kill_r
 .text._getpid_r
                0x000000000800c220        0x4 d:/stm32cubeide_1.9.0/stm32cubeide/plugins/com.st.stm32cube.ide.mcu.externaltools.gnu-tools-for-stm32.10.3-2021.10.win32_1.0.0.202111181127/tools/bin/../lib/gcc/arm-none-eabi/10.3.1/../../../../arm-none-eabi/lib/thumb/v7e-m+fp/hard\libc_nano.a(lib_a-signalr.o)
                0x000000000800c220                _getpid_r
 .text._strtol_l.constprop.0
                0x000000000800c224      0x104 d:/stm32cubeide_1.9.0/stm32cubeide/plugins/com.st.stm32cube.ide.mcu.externaltools.gnu-tools-for-stm32.10.3-2021.10.win32_1.0.0.202111181127/tools/bin/../lib/gcc/arm-none-eabi/10.3.1/../../../../arm-none-eabi/lib/thumb/v7e-m+fp/hard\libc_nano.a(lib_a-strtol.o)
 .text._strtol_r
                0x000000000800c328        0x4 d:/stm32cubeide_1.9.0/stm32cubeide/plugins/com.st.stm32cube.ide.mcu.externaltools.gnu-tools-for-stm32.10.3-2021.10.win32_1.0.0.202111181127/tools/bin/../lib/gcc/arm-none-eabi/10.3.1/../../../../arm-none-eabi/lib/thumb/v7e-m+fp/hard\libc_nano.a(lib_a-strtol.o)
                0x000000000800c328                _strtol_r
 .text.__submore
                0x000000000800c32c       0x74 d:/stm32cubeide_1.9.0/stm32cubeide/plugins/com.st.stm32cube.ide.mcu.externaltools.gnu-tools-for-stm32.10.3-2021.10.win32_1.0.0.202111181127/tools/bin/../lib/gcc/arm-none-eabi/10.3.1/../../../../arm-none-eabi/lib/thumb/v7e-m+fp/hard\libc_nano.a(lib_a-ungetc.o)
                0x000000000800c32c                __submore
 .text._fstat_r
                0x000000000800c3a0       0x24 d:/stm32cubeide_1.9.0/stm32cubeide/plugins/com.st.stm32cube.ide.mcu.externaltools.gnu-tools-for-stm32.10.3-2021.10.win32_1.0.0.202111181127/tools/bin/../lib/gcc/arm-none-eabi/10.3.1/../../../../arm-none-eabi/lib/thumb/v7e-m+fp/hard\libc_nano.a(lib_a-fstatr.o)
                0x000000000800c3a0                _fstat_r
 .text._isatty_r