Archive member included to satisfy reference by file (symbol)

d:/stm32cubeide_1.9.0/stm32cubeide/plugins/com.st.stm32cube.ide.mcu.externaltools.gnu-tools-for-stm32.10.3-2021.10.win32_1.0.0.202111181127/tools/bin/../lib/gcc/arm-none-eabi/10.3.1/../../../../arm-none-eabi/lib/thumb/v7e-m+fp/hard\libc_nano.a(lib_a-errno.o)
                              ./Core/Src/syscalls.o (__errno)
d:/stm32cubeide_1.9.0/stm32cubeide/plugins/com.st.stm32cube.ide.mcu.externaltools.gnu-tools-for-stm32.10.3-2021.10.win32_1.0.0.202111181127/tools/bin/../lib/gcc/arm-none-eabi/10.3.1/../../../../arm-none-eabi/lib/thumb/v7e-m+fp/hard\libc_nano.a(lib_a-exit.o)
                              d:/stm32cubeide_1.9.0/stm32cubeide/plugins/com.st.stm32cube.ide.mcu.externaltools.gnu-tools-for-stm32.10.3-2021.10.win32_1.0.0.202111181127/tools/bin/../lib/gcc/arm-none-eabi/10.3.1/../../../../arm-none-eabi/lib/thumb/v7e-m+fp/hard/crt0.o (exit)
d:/stm32cubeide_1.9.0/stm32cubeide/plugins/com.st.stm32cube.ide.mcu.externaltools.gnu-tools-for-stm32.10.3-2021.10.win32_1.0.0.202111181127/tools/bin/../lib/gcc/arm-none-eabi/10.3.1/../../../../arm-none-eabi/lib/thumb/v7e-m+fp/hard\libc_nano.a(lib_a-impure.o)
                              d:/stm32cubeide_1.9.0/stm32cubeide/plugins/com.st.stm32cube.ide.mcu.externaltools.gnu-tools-for-stm32.10.3-2021.10.win32_1.0.0.202111181127/tools/bin/../lib/gcc/arm-none-eabi/10.3.1/../../../../arm-none-eabi/lib/thumb/v7e-m+fp/hard\libc_nano.a(lib_a-exit.o) (_global_impure_ptr)
d:/stm32cubeide_1.9.0/stm32cubeide/plugins/com.st.stm32cube.ide.mcu.externaltools.gnu-tools-for-stm32.10.3-2021.10.win32_1.0.0.202111181127/tools/bin/../lib/gcc/arm-none-eabi/10.3.1/../../../../arm-none-eabi/lib/thumb/v7e-m+fp/hard\libc_nano.a(lib_a-init.o)
                              d:/stm32cubeide_1.9.0/stm32cubeide/plugins/com.st.stm32cube.ide.mcu.externaltools.gnu-tools-for-stm32.10.3-2021.10.win32_1.0.0.202111181127/tools/bin/../lib/gcc/arm-none-eabi/10.3.1/../../../../arm-none-eabi/lib/thumb/v7e-m+fp/hard/crt0.o (__libc_init_array)
d:/stm32cubeide_1.9.0/stm32cubeide/plugins/com.st.stm32cube.ide.mcu.externaltools.gnu-tools-for-stm32.10.3-2021.10.win32_1.0.0.202111181127/tools/bin/../lib/gcc/arm-none-eabi/10.3.1/../../../../arm-none-eabi/lib/thumb/v7e-m+fp/hard\libc_nano.a(lib_a-lcltime.o)
                              ./Core/Lib/Src/timer_funs.o (localtime)
d:/stm32cubeide_1.9.0/stm32cubeide/plugins/com.st.stm32cube.ide.mcu.externaltools.gnu-tools-for-stm32.10.3-2021.10.win32_1.0.0.202111181127/tools/bin/../lib/gcc/arm-none-eabi/10.3.1/../../../../arm-none-eabi/lib/thumb/v7e-m+fp/hard\libc_nano.a(lib_a-lcltime_r.o)
                              d:/stm32cubeide_1.9.0/stm32cubeide/plugins/com.st.stm32cube.ide.mcu.externaltools.gnu-tools-for-stm32.10.3-2021.10.win32_1.0.0.202111181127/tools/bin/../lib/gcc/arm-none-eabi/10.3.1/../../../../arm-none-eabi/lib/thumb/v7e-m+fp/hard\libc_nano.a(lib_a-lcltime.o) (localtime_r)
d:/stm32cubeide_1.9.0/stm32cubeide/plugins/com.st.stm32cube.ide.mcu.externaltools.gnu-tools-for-stm32.10.3-2021.10.win32_1.0.0.202111181127/tools/bin/../lib/gcc/arm-none-eabi/10.3.1/../../../../arm-none-eabi/lib/thumb/v7e-m+fp/hard\libc_nano.a(lib_a-malloc.o)
                              d:/stm32cubeide_1.9.0/stm32cubeide/plugins/com.st.stm32cube.ide.mcu.externaltools.gnu-tools-for-stm32.10.3-2021.10.win32_1.0.0.202111181127/tools/bin/../lib/gcc/arm-none-eabi/10.3.1/../../../../arm-none-eabi/lib/thumb/v7e-m+fp/hard\libc_nano.a(lib_a-lcltime.o) (malloc)
d:/stm32cubeide_1.9.0/stm32cubeide/plugins/com.st.stm32cube.ide.mcu.externaltools.gnu-tools-for-stm32.10.3-2021.10.win32_1.0.0.202111181127/tools/bin/../lib/gcc/arm-none-eabi/10.3.1/../../../../arm-none-eabi/lib/thumb/v7e-m+fp/hard\libc_nano.a(lib_a-memset.o)
                              d:/stm32cubeide_1.9.0/stm32cubeide/plugins/com.st.stm32cube.ide.mcu.externaltools.gnu-tools-for-stm32.10.3-2021.10.win32_1.0.0.202111181127/tools/bin/../lib/gcc/arm-none-eabi/10.3.1/../../../../arm-none-eabi/lib/thumb/v7e-m+fp/hard/crt0.o (memset)
d:/stm32cubeide_1.9.0/stm32cubeide/plugins/com.st.stm32cube.ide.mcu.externaltools.gnu-tools-for-stm32.10.3-2021.10.win32_1.0.0.202111181127/tools/bin/../lib/gcc/arm-none-eabi/10.3.1/../../../../arm-none-eabi/lib/thumb/v7e-m+fp/hard\libc_nano.a(lib_a-mktime.o)
                              ./Core/Lib/Src/lcd_menu.o (mktime)
d:/stm32cubeide_1.9.0/stm32cubeide/plugins/com.st.stm32cube.ide.mcu.externaltools.gnu-tools-for-stm32.10.3-2021.10.win32_1.0.0.202111181127/tools/bin/../lib/gcc/arm-none-eabi/10.3.1/../../../../arm-none-eabi/lib/thumb/v7e-m+fp/hard\libc_nano.a(lib_a-month_lengths.o)
                              d:/stm32cubeide_1.9.0/stm32cubeide/plugins/com.st.stm32cube.ide.mcu.externaltools.gnu-tools-for-stm32.10.3-2021.10.win32_1.0.0.202111181127/tools/bin/../lib/gcc/arm-none-eabi/10.3.1/../../../../arm-none-eabi/lib/thumb/v7e-m+fp/hard\libc_nano.a(lib_a-lcltime_r.o) (__month_lengths)
[...]
Memory Configuration

Name             Origin             Length             Attributes
RAM              0x0000000020000000 0x0000000000040000 xrw
FLASH            0x0000000008000000 0x0000000000080000 xr
*default*        0x0000000000000000 0xffffffffffffffff

Linker script and memory map

LOAD d:/stm32cubeide_1.9.0/stm32cubeide/plugins/com.st.stm32cube.ide.mcu.externaltools.gnu-tools-for-stm32.10.3-2021.10.win32_1.0.0.202111181127/tools/bin/../lib/gcc/arm-none-eabi/10.3.1/thumb/v7e-m+fp/hard/crti.o
LOAD d:/stm32cubeide_1.9.0/stm32cubeide/plugins/com.st.stm32cube.ide.mcu.externaltools.gnu-tools-for-stm32.10.3-2021.10.win32_1.0.0.202111181127/tools/bin/../lib/gcc/arm-none-eabi/10.3.1/thumb/v7e-m+fp/hard/crtbegin.o
LOAD d:/stm32cubeide_1.9.0/stm32cubeide/plugins/com.st.stm32cube.ide.mcu.externaltools.gnu-tools-for-stm32.10.3-2021.10.win32_1.0.0.202111181127/tools/bin/../lib/gcc/arm-none-eabi/10.3.1/../../../../arm-none-eabi/lib/thumb/v7e-m+fp/hard/crt0.o
LOAD ./Core/Lib/Src/Potentiometer.o
LOAD ./Core/Lib/Src/RTC_Functions.o
LOAD ./Core/Lib/Src/button_control.o
LOAD ./Core/Lib/Src/dht11.o
LOAD ./Core/Lib/Src/esp32_dht11.o
LOAD ./Core/Lib/Src/fonts.o
LOAD ./Core/Lib/Src/lcd_menu.o
LOAD ./Core/Lib/Src/ssd1306.o
LOAD ./Core/Lib/Src/subContorl.o
LOAD ./Core/Lib/Src/timer_funs.o
LOAD ./Core/Lib/Src/timer_mode.o
LOAD ./Core/Src/alert_fs.o
LOAD ./Core/Src/g_var.o
LOAD ./Core/Src/main.o
LOAD ./Core/Src/show_clock.o
LOAD ./Core/Src/stm32f7xx_hal_msp.o
LOAD ./Core/Src/stm32f7xx_it.o
LOAD ./Core/Src/syscalls.o
LOAD ./Core/Src/sysmem.o
LOAD ./Core/Src/system_stm32f7xx.o
LOAD ./Core/Startup/startup_stm32f722zetx.o
LOAD ./Drivers/STM32F7xx_HAL_Driver/Src/stm32f7xx_hal.o
LOAD ./Drivers/STM32F7xx_HAL_Driver/Src/stm32f7xx_hal_adc.o
LOAD ./Drivers/STM32F7xx_HAL_Driver/Src/stm32f7xx_hal_adc_ex.o
LOAD ./Drivers/STM32F7xx_HAL_Driver/Src/stm32f7xx_hal_cortex.o
LOAD ./Drivers/STM32F7xx_HAL_Driver/Src/stm32f7xx_hal_dma.o
LOAD ./Drivers/STM32F7xx_HAL_Driver/Src/stm32f7xx_hal_dma_ex.o
LOAD ./Drivers/STM32F7xx_HAL_Driver/Src/stm32f7xx_hal_exti.o
LOAD ./Drivers/STM32F7xx_HAL_Driver/Src/stm32f7xx_hal_flash.o
LOAD ./Drivers/STM32F7xx_HAL_Driver/Src/stm32f7xx_hal_flash_ex.o
LOAD ./Drivers/STM32F7xx_HAL_Driver/Src/stm32f7xx_hal_gpio.o
LOAD ./Drivers/STM32F7xx_HAL_Driver/Src/stm32f7xx_hal_i2c.o
LOAD ./Drivers/STM32F7xx_HAL_Driver/Src/stm32f7xx_hal_i2c_ex.o
LOAD ./Drivers/STM32F7xx_HAL_Driver/Src/stm32f7xx_hal_pcd.o
LOAD ./Drivers/STM32F7xx_HAL_Driver/Src/stm32f7xx_hal_pcd_ex.o
LOAD ./Drivers/STM32F7xx_HAL_Driver/Src/stm32f7xx_hal_pwr.o
LOAD ./Drivers/STM32F7xx_HAL_Driver/Src/stm32f7xx_hal_pwr_ex.o
LOAD ./Drivers/STM32F7xx_HAL_Driver/Src/stm32f7xx_hal_rcc.o
LOAD ./Drivers/STM32F7xx_HAL_Driver/Src/stm32f7xx_hal_rcc_ex.o
LOAD ./Drivers/STM32F7xx_HAL_Driver/Src/stm32f7xx_hal_rtc.o
LOAD ./Drivers/STM32F7xx_HAL_Driver/Src/stm32f7xx_hal_rtc_ex.o
LOAD ./Drivers/STM32F7xx_HAL_Driver/Src/stm32f7xx_hal_tim.o
LOAD ./Drivers/STM32F7xx_HAL_Driver/Src/stm32f7xx_hal_tim_ex.o
LOAD ./Drivers/STM32F7xx_HAL_Driver/Src/stm32f7xx_hal_uart.o
LOAD ./Drivers/STM32F7xx_HAL_Driver/Src/stm32f7xx_hal_uart_ex.o
LOAD ./Drivers/STM32F7xx_HAL_Driver/Src/stm32f7xx_ll_usb.o
START GROUP
LOAD d:/stm32cubeide_1.9.0/stm32cubeide/plugins/com.st.stm32cube.ide.mcu.externaltools.gnu-tools-for-stm32.10.3-2021.10.win32_1.0.0.202111181127/tools/bin/../lib/gcc/arm-none-eabi/10.3.1/../../../../arm-none-eabi/lib/thumb/v7e-m+fp/hard\libc_nano.a
LOAD d:/stm32cubeide_1.9.0/stm32cubeide/plugins/com.st.stm32cube.ide.mcu.externaltools.gnu-tools-for-stm32.10.3-2021.10.win32_1.0.0.202111181127/tools/bin/../lib/gcc/arm-none-eabi/10.3.1/../../../../arm-none-eabi/lib/thumb/v7e-m+fp/hard\libm.a
END GROUP
START GROUP
LOAD d:/stm32cubeide_1.9.0/stm32cubeide/plugins/com.st.stm32cube.ide.mcu.externaltools.gnu-tools-for-stm32.10.3-2021.10.win32_1.0.0.202111181127/tools/bin/../lib/gcc/arm-none-eabi/10.3.1/thumb/v7e-m+fp/hard\libgcc.a
LOAD d:/stm32cubeide_1.9.0/stm32cubeide/plugins/com.st.stm32cube.ide.mcu.externaltools.gnu-tools-for-stm32.10.3-2021.10.win32_1.0.0.202111181127/tools/bin/../lib/gcc/arm-none-eabi/10.3.1/../../../../arm-none-eabi/lib/thumb/v7e-m+fp/hard\libc_nano.a
END GROUP
START GROUP
LOAD d:/stm32cubeide_1.9.0/stm32cubeide/plugins/com.st.stm32cube.ide.mcu.externaltools.gnu-tools-for-stm32.10.3-2021.10.win32_1.0.0.202111181127/tools/bin/../lib/gcc/arm-none-eabi/10.3.1/thumb/v7e-m+fp/hard\libgcc.a
LOAD d:/stm32cubeide_1.9.0/stm32cubeide/plugins/com.st.stm32cube.ide.mcu.externaltools.gnu-tools-for-stm32.10.3-2021.10.win32_1.0.0.202111181127/tools/bin/../lib/gcc/arm-none-eabi/10.3.1/../../../../arm-none-eabi/lib/thumb/v7e-m+fp/hard\libc_nano.a
LOAD d:/stm32cubeide_1.9.0/stm32cubeide/plugins/com.st.stm32cube.ide.mcu.externaltools.gnu-tools-for-stm32.10.3-2021.10.win32_1.0.0.202111181127/tools/bin/../lib/gcc/arm-none-eabi/10.3.1/../../../../arm-none-eabi/lib/thumb/v7e-m+fp/hard\libnosys.a
END GROUP
START GROUP
LOAD d:/stm32cubeide_1.9.0/stm32cubeide/plugins/com.st.stm32cube.ide.mcu.externaltools.gnu-tools-for-stm32.10.3-2021.10.win32_1.0.0.202111181127/tools/bin/../lib/gcc/arm-none-eabi/10.3.1/thumb/v7e-m+fp/hard\libgcc.a
LOAD d:/stm32cubeide_1.9.0/stm32cubeide/plugins/com.st.stm32cube.ide.mcu.externaltools.gnu-tools-for-stm32.10.3-2021.10.win32_1.0.0.202111181127/tools/bin/../lib/gcc/arm-none-eabi/10.3.1/../../../../arm-none-eabi/lib/thumb/v7e-m+fp/hard\libc_nano.a
LOAD d:/stm32cubeide_1.9.0/stm32cubeide/plugins/com.st.stm32cube.ide.mcu.externaltools.gnu-tools-for-stm32.10.3-2021.10.win32_1.0.0.202111181127/tools/bin/../lib/gcc/arm-none-eabi/10.3.1/../../../../arm-none-eabi/lib/thumb/v7e-m+fp/hard\libnosys.a
END GROUP
LOAD d:/stm32cubeide_1.9.0/stm32cubeide/plugins/com.st.stm32cube.ide.mcu.externaltools.gnu-tools-for-stm32.10.3-2021.10.win32_1.0.0.202111181127/tools/bin/../lib/gcc/arm-none-eabi/10.3.1/thumb/v7e-m+fp/hard/crtend.o
LOAD d:/stm32cubeide_1.9.0/stm32cubeide/plugins/com.st.stm32cube.ide.mcu.externaltools.gnu-tools-for-stm32.10.3-2021.10.win32_1.0.0.202111181127/tools/bin/../lib/gcc/arm-none-eabi/10.3.1/thumb/v7e-m+fp/hard/crtn.o
                0x0000000020040000                _estack = (ORIGIN (RAM) + LENGTH (RAM))
                0x0000000000000200                _Min_Heap_Size = 0x200
                0x0000000000000400                _Min_Stack_Size = 0x400

.isr_vector     0x0000000008000000      0x1e0
                0x0000000008000000                . = ALIGN (0x4)
 *(.isr_vector)
 .isr_vector    0x0000000008000000      0x1e0 ./Core/Startup/startup_stm32f722zetx.o
                0x0000000008000000                g_pfnVectors
                0x00000000080001e0                . = ALIGN (0x4)

.text           0x00000000080001e0     0xbc9c
                0x00000000080001e0                . = ALIGN (0x4)
 *(.text)
 .text          0x00000000080001e0       0x40 d:/stm32cubeide_1.9.0/stm32cubeide/plugins/com.st.stm32cube.ide.mcu.externaltools.gnu-tools-for-stm32.10.3-2021.10.win32_1.0.0.202111181127/tools/bin/../lib/gcc/arm-none-eabi/10.3.1/thumb/v7e-m+fp/hard/crtbegin.o
 .text          0x0000000008000220       0x10 d:/stm32cubeide_1.9.0/stm32cubeide/plugins/com.st.stm32cube.ide.mcu.externaltools.gnu-tools-for-stm32.10.3-2021.10.win32_1.0.0.202111181127/tools/bin/../lib/gcc/arm-none-eabi/10.3.1/../../../../arm-none-eabi/lib/thumb/v7e-m+fp/hard\libc_nano.a(lib_a-strlen.o)
                0x0000000008000220                strlen
 .text          0x0000000008000230       0x14 d:/stm32cubeide_1.9.0/stm32cubeide/plugins/com.st.stm32cube.ide.mcu.externaltools.gnu-tools-for-stm32.10.3-2021.10.win32_1.0.0.202111181127/tools/bin/../lib/gcc/arm-none-eabi/10.3.1/../../../../arm-none-eabi/lib/thumb/v7e-m+fp/hard\libc_nano.a(lib_a-strcmp.o)
                0x0000000008000230                strcmp
 *fill*         0x0000000008000244        0xc 
 .text          0x0000000008000250       0xa0 d:/stm32cubeide_1.9.0/stm32cubeide/plugins/com.st.stm32cube.ide.mcu.externaltools.gnu-tools-for-stm32.10.3-2021.10.win32_1.0.0.202111181127/tools/bin/../lib/gcc/arm-none-eabi/10.3.1/../../../../arm-none-eabi/lib/thumb/v7e-m+fp/hard\libc_nano.a(lib_a-memchr.o)
                0x0000000008000250                memchr
 .text          0x00000000080002f0       0xa0 d:/stm32cubeide_1.9.0/stm32cubeide/plugins/com.st.stm32cube.ide.mcu.externaltools.gnu-tools-for-stm32.10.3-2021.10.win32_1.0.0.202111181127/tools/bin/../lib/gcc/arm-none-eabi/10.3.1/thumb/v7e-m+fp/hard\libgcc.a(_aeabi_ldivmod.o)
                0x00000000080002f0                __aeabi_ldivmod
 .text          0x0000000008000390       0x30 d:/stm32cubeide_1.9.0/stm32cubeide/plugins/com.st.stm32cube.ide.mcu.externaltools.gnu-tools-for-stm32.10.3-2021.10.win32_1.0.0.202111181127/tools/bin/../lib/gcc/arm-none-eabi/10.3.1/thumb/v7e-m+fp/hard\libgcc.a(_aeabi_uldivmod.o)
                0x0000000008000390                __aeabi_uldivmod
 .text          0x00000000080003c0      0x2d0 d:/stm32cubeide_1.9.0/stm32cubeide/plugins/com.st.stm32cube.ide.mcu.externaltools.gnu-tools-for-stm32.10.3-2021.10.win32_1.0.0.202111181127/tools/bin/../lib/gcc/arm-none-eabi/10.3.1/thumb/v7e-m+fp/hard\libgcc.a(_udivmoddi4.o)
                0x00000000080003c0                __udivmoddi4
 .text          0x0000000008000690        0x4 d:/stm32cubeide_1.9.0/stm32cubeide/plugins/com.st.stm32cube.ide.mcu.externaltools.gnu-tools-for-stm32.10.3-2021.10.win32_1.0.0.202111181127/tools/bin/../lib/gcc/arm-none-eabi/10.3.1/thumb/v7e-m+fp/hard\libgcc.a(_dvmd_tls.o)
                0x0000000008000690                __aeabi_idiv0
                0x0000000008000690                __aeabi_ldiv0
 *(.text*)
 .text.init_PotentioMeter
                0x0000000008000694       0x20 ./Core/Lib/Src/Potentiometer.o
                0x0000000008000694                init_PotentioMeter
 .text.mapping_adc
                0x00000000080006b4       0x34 ./Core/Lib/Src/Potentiometer.o
                0x00000000080006b4                mapping_adc
 .text.set_Hour
                0x00000000080006e8       0x84 ./Core/Lib/Src/Potentiometer.o
                0x00000000080006e8                set_Hour
 .text.set_Minute
                0x000000000800076c       0x94 ./Core/Lib/Src/Potentiometer.o
                0x000000000800076c                set_Minute
 .text.set_Second
                0x0000000008000800       0x6c ./Core/Lib/Src/Potentiometer.o
                0x0000000008000800                set_Second
 .text.set_Calender
                0x000000000800086c       0xec ./Core/Lib/Src/Potentiometer.o
                0x000000000800086c                set_Calender
 .text.cal_Second
                0x0000000008000958       0x58 ./Core/Lib/Src/Potentiometer.o
                0x0000000008000958                cal_Second
 .text.update_timer
                0x00000000080009b0       0x50 ./Core/Lib/Src/Potentiometer.o
                0x00000000080009b0                update_timer
 .text.init_rtc
                0x0000000008000a00       0x20 ./Core/Lib/Src/RTC_Functions.o
                0x0000000008000a00                init_rtc
 .text.check_RTC
                0x0000000008000a20       0x94 ./Core/Lib/Src/RTC_Functions.o
                0x0000000008000a20                check_RTC
 .text.get_Alarm
                0x0000000008000ab4       0x74 ./Core/Lib/Src/RTC_Functions.o
                0x0000000008000ab4                get_Alarm
 .text.set_Alarm
                0x0000000008000b28       0x48 ./Core/Lib/Src/RTC_Functions.o
                0x0000000008000b28                set_Alarm
 .text.BackupTimeToRTC
                0x0000000008000b70       0x4c ./Core/Lib/Src/RTC_Functions.o
                0x0000000008000b70                BackupTimeToRTC
 .text.RestoreTimeFromRTC
                0x0000000008000bbc       0x64 ./Core/Lib/Src/RTC_Functions.o
                0x0000000008000bbc                RestoreTimeFromRTC
 .text.main_Check
                0x0000000008000c20      0x108 ./Core/Lib/Src/button_control.o
                0x0000000008000c20                main_Check
 .text.sel_Pos_control
                0x0000000008000d28       0xc4 ./Core/Lib/Src/button_control.o
                0x0000000008000d28                sel_Pos_control
 .text.sub_Menu
                0x0000000008000dec       0x36 ./Core/Lib/Src/button_control.o
                0x0000000008000dec                sub_Menu
 *fill*         0x0000000008000e22        0x2 
 .text.judge_timer
                0x0000000008000e24       0x38 ./Core/Lib/Src/button_control.o
                0x0000000008000e24                judge_timer
 .text.init_dht11
                0x0000000008000e5c       0x3c ./Core/Lib/Src/dht11.o
                0x0000000008000e5c                init_dht11
 .text.set_dht11_gpio_mode
                0x0000000008000e98       0x78 ./Core/Lib/Src/dht11.o
                0x0000000008000e98                set_dht11_gpio_mode
 .text.readDHT11
                0x0000000008000f10      0x31c ./Core/Lib/Src/dht11.o
                0x0000000008000f10                readDHT11
 .text.getCurrentDHTTemper
                0x000000000800122c       0x20 ./Core/Lib/Src/dht11.o
                0x000000000800122c                getCurrentDHTTemper
 .text.getCurrentDHTHud
                0x000000000800124c       0x20 ./Core/Lib/Src/dht11.o
                0x000000000800124c                getCurrentDHTHud
 .text.check_send
                0x000000000800126c       0x50 ./Core/Lib/Src/esp32_dht11.o
                0x000000000800126c                check_send
 .text.set_send_cnt
                0x00000000080012bc       0x40 ./Core/Lib/Src/esp32_dht11.o
                0x00000000080012bc                set_send_cnt
 .text.send_esp32
                0x00000000080012fc       0x68 ./Core/Lib/Src/esp32_dht11.o
                0x00000000080012fc                send_esp32
 .text.opening  0x0000000008001364       0x90 ./Core/Lib/Src/lcd_menu.o
                0x0000000008001364                opening
 .text.printCalender
                0x00000000080013f4      0x130 ./Core/Lib/Src/lcd_menu.o
                0x00000000080013f4                printCalender
 .text.printDefault
                0x0000000008001524       0xb4 ./Core/Lib/Src/lcd_menu.o
                0x0000000008001524                printDefault
 .text.printClock
                0x00000000080015d8      0x144 ./Core/Lib/Src/lcd_menu.o
                0x00000000080015d8                printClock
 .text.printDht
                0x000000000800171c       0x84 ./Core/Lib/Src/lcd_menu.o
                0x000000000800171c                printDht
 .text.print_Set_time
                0x00000000080017a0      0x140 ./Core/Lib/Src/lcd_menu.o
                0x00000000080017a0                print_Set_time
 .text.toggleScreen
                0x00000000080018e0        0xc ./Core/Lib/Src/lcd_menu.o
                0x00000000080018e0                toggleScreen
 .text.menuSelect
                0x00000000080018ec       0xf4 ./Core/Lib/Src/lcd_menu.o
                0x00000000080018ec                menuSelect
 .text.timer_cancle_lcd
                0x00000000080019e0       0x6c ./Core/Lib/Src/lcd_menu.o
                0x00000000080019e0                timer_cancle_lcd
 .text.timer_lcd
                0x0000000008001a4c       0x7c ./Core/Lib/Src/lcd_menu.o
                0x0000000008001a4c                timer_lcd
 .text.n_timer_show
                0x0000000008001ac8       0xc8 ./Core/Lib/Src/lcd_menu.o
                0x0000000008001ac8                n_timer_show
 .text.n_alarm_show
                0x0000000008001b90       0x30 ./Core/Lib/Src/lcd_menu.o
                0x0000000008001b90                n_alarm_show
 .text.n_modify_show
                0x0000000008001bc0       0x30 ./Core/Lib/Src/lcd_menu.o
                0x0000000008001bc0                n_modify_show
 .text.check_timer_lcd
                0x0000000008001bf0       0xcc ./Core/Lib/Src/lcd_menu.o
                0x0000000008001bf0                check_timer_lcd
 .text.check_alarm_change_lcd
                0x0000000008001cbc      0x17c ./Core/Lib/Src/lcd_menu.o
                0x0000000008001cbc                check_alarm_change_lcd
 .text.check_alarm_lcd
                0x0000000008001e38       0x30 ./Core/Lib/Src/lcd_menu.o
                0x0000000008001e38                check_alarm_lcd
 .text.alarm_lcd
                0x0000000008001e68       0x7c ./Core/Lib/Src/lcd_menu.o
                0x0000000008001e68                alarm_lcd
 .text.check_modify_lcd
                0x0000000008001ee4       0x30 ./Core/Lib/Src/lcd_menu.o
                0x0000000008001ee4                check_modify_lcd
 .text.SSD1306_Init
                0x0000000008001f14      0x188 ./Core/Lib/Src/ssd1306.o
                0x0000000008001f14                SSD1306_Init
 .text.SSD1306_UpdateScreen
                0x000000000800209c       0x5c ./Core/Lib/Src/ssd1306.o
                0x000000000800209c                SSD1306_UpdateScreen
 .text.SSD1306_Fill
                0x00000000080020f8       0x30 ./Core/Lib/Src/ssd1306.o
                0x00000000080020f8                SSD1306_Fill
 .text.SSD1306_DrawPixel
                0x0000000008002128       0xc0 ./Core/Lib/Src/ssd1306.o
                0x0000000008002128                SSD1306_DrawPixel
 .text.SSD1306_GotoXY
                0x00000000080021e8       0x2c ./Core/Lib/Src/ssd1306.o
                0x00000000080021e8                SSD1306_GotoXY
 .text.SSD1306_Putc
                0x0000000008002214      0x100 ./Core/Lib/Src/ssd1306.o
                0x0000000008002214                SSD1306_Putc
 .text.SSD1306_Puts
                0x0000000008002314       0x4a ./Core/Lib/Src/ssd1306.o
                0x0000000008002314                SSD1306_Puts
 .text.SSD1306_Clear
                0x000000000800235e       0x12 ./Core/Lib/Src/ssd1306.o
                0x000000000800235e                SSD1306_Clear
 .text.ssd1306_I2C_Init
                0x0000000008002370       0x2c ./Core/Lib/Src/ssd1306.o
                0x0000000008002370                ssd1306_I2C_Init
 .text.ssd1306_I2C_WriteMulti
                0x000000000800239c       0xcc ./Core/Lib/Src/ssd1306.o
                0x000000000800239c                ssd1306_I2C_WriteMulti
 .text.ssd1306_I2C_Write
                0x0000000008002468       0x3c ./Core/Lib/Src/ssd1306.o
                0x0000000008002468                ssd1306_I2C_Write
 .text.handleButtonPress
                0x00000000080024a4       0x8c ./Core/Lib/Src/subContorl.o
                0x00000000080024a4                handleButtonPress
 .text.processTimerMinute
                0x0000000008002530       0x2c ./Core/Lib/Src/subContorl.o
                0x0000000008002530                processTimerMinute
 .text.processTimerSecond
                0x000000000800255c       0x2c ./Core/Lib/Src/subContorl.o
                0x000000000800255c                processTimerSecond
 .text.processTimerReview
                0x0000000008002588       0x44 ./Core/Lib/Src/subContorl.o
                0x0000000008002588                processTimerReview
 .text.processAlarmChangeCheck
                0x00000000080025cc       0x28 ./Core/Lib/Src/subContorl.o
                0x00000000080025cc                processAlarmChangeCheck
 .text.processAlarmHour
                0x00000000080025f4       0x54 ./Core/Lib/Src/subContorl.o
                0x00000000080025f4                processAlarmHour
 .text.processAlarmMinute
                0x0000000008002648       0x54 ./Core/Lib/Src/subContorl.o
                0x0000000008002648                processAlarmMinute
 .text.processAlarmReview
                0x000000000800269c       0x18 ./Core/Lib/Src/subContorl.o
                0x000000000800269c                processAlarmReview
 .text.processAlarmFinalization
                0x00000000080026b4       0x4c ./Core/Lib/Src/subContorl.o
                0x00000000080026b4                processAlarmFinalization
 .text.processModifyCalender
                0x0000000008002700       0x22 ./Core/Lib/Src/subContorl.o
                0x0000000008002700                processModifyCalender
 .text.processModifyCheck
                0x0000000008002722       0x1c ./Core/Lib/Src/subContorl.o
                0x0000000008002722                processModifyCheck
 *fill*         0x000000000800273e        0x2 
 .text.processModifyFinalization
                0x0000000008002740       0x58 ./Core/Lib/Src/subContorl.o
                0x0000000008002740                processModifyFinalization
 .text.timer_Process
                0x0000000008002798       0x34 ./Core/Lib/Src/subContorl.o
                0x0000000008002798                timer_Process
 .text.alarm_Process
                0x00000000080027cc       0x6c ./Core/Lib/Src/subContorl.o
                0x00000000080027cc                alarm_Process
 .text.modify_Process
                0x0000000008002838       0x70 ./Core/Lib/Src/subContorl.o
                0x0000000008002838                modify_Process
 .text.init_timer_funs
                0x00000000080028a8       0x28 ./Core/Lib/Src/timer_funs.o
                0x00000000080028a8                init_timer_funs
 .text.update_clock_value
                0x00000000080028d0       0x2c ./Core/Lib/Src/timer_funs.o
                0x00000000080028d0                update_clock_value
 .text.set_tm_strut
                0x00000000080028fc       0x44 ./Core/Lib/Src/timer_funs.o
                0x00000000080028fc                set_tm_strut
 .text.get_RTC_Time_t
                0x0000000008002940       0x1c ./Core/Lib/Src/timer_funs.o
                0x0000000008002940                get_RTC_Time_t
 .text.set_RTC_Time_t
                0x000000000800295c       0x1c ./Core/Lib/Src/timer_funs.o
                0x000000000800295c                set_RTC_Time_t
 .text.convert_time_t
                0x0000000008002978       0x20 ./Core/Lib/Src/timer_funs.o
                0x0000000008002978                convert_time_t
 .text.convert_tm
                0x0000000008002998       0x2c ./Core/Lib/Src/timer_funs.o
                0x0000000008002998                convert_tm
 .text.get_struct_tm
                0x00000000080029c4       0x2c ./Core/Lib/Src/timer_funs.o
                0x00000000080029c4                get_struct_tm
 .text.set_time_t
                0x00000000080029f0       0x2c ./Core/Lib/Src/timer_funs.o
                0x00000000080029f0                set_time_t
 .text.getMode  0x0000000008002a1c       0x18 ./Core/Lib/Src/timer_mode.o
                0x0000000008002a1c                getMode
 .text.setMode  0x0000000008002a34       0x20 ./Core/Lib/Src/timer_mode.o
                0x0000000008002a34                setMode
 .text.getTimerState
                0x0000000008002a54       0x18 ./Core/Lib/Src/timer_mode.o
                0x0000000008002a54                getTimerState
 .text.setTimerState
                0x0000000008002a6c       0x20 ./Core/Lib/Src/timer_mode.o
                0x0000000008002a6c                setTimerState
 .text.getAlarmState
                0x0000000008002a8c       0x18 ./Core/Lib/Src/timer_mode.o
                0x0000000008002a8c                getAlarmState
 .text.setAlarmState
                0x0000000008002aa4       0x20 ./Core/Lib/Src/timer_mode.o
                0x0000000008002aa4                setAlarmState
 .text.getTimerCompleted
                0x0000000008002ac4       0x18 ./Core/Lib/Src/timer_mode.o
                0x0000000008002ac4                getTimerCompleted
 .text.setTimerCompleted
                0x0000000008002adc       0x20 ./Core/Lib/Src/timer_mode.o
                0x0000000008002adc                setTimerCompleted
 .text.getAlarmCompleted
                0x0000000008002afc       0x18 ./Core/Lib/Src/timer_mode.o
                0x0000000008002afc                getAlarmCompleted
 .text.setAlarmCompleted
                0x0000000008002b14       0x20 ./Core/Lib/Src/timer_mode.o
                0x0000000008002b14                setAlarmCompleted
 .text.setCompleted
                0x0000000008002b34       0x2a ./Core/Lib/Src/timer_mode.o
                0x0000000008002b34                setCompleted
 *fill*         0x0000000008002b5e        0x2 
 .text.getnHour
                0x0000000008002b60       0x18 ./Core/Lib/Src/timer_mode.o
                0x0000000008002b60                getnHour
 .text.setnHour
                0x0000000008002b78       0x28 ./Core/Lib/Src/timer_mode.o
                0x0000000008002b78                setnHour
 .text.getnMinute
                0x0000000008002ba0       0x18 ./Core/Lib/Src/timer_mode.o
                0x0000000008002ba0                getnMinute
 .text.setnMinute
                0x0000000008002bb8       0x20 ./Core/Lib/Src/timer_mode.o
                0x0000000008002bb8                setnMinute
 .text.getnSecond
                0x0000000008002bd8       0x18 ./Core/Lib/Src/timer_mode.o
                0x0000000008002bd8                getnSecond
 .text.setnSecond
                0x0000000008002bf0       0x20 ./Core/Lib/Src/timer_mode.o
                0x0000000008002bf0                setnSecond
 .text.getnYear
                0x0000000008002c10       0x18 ./Core/Lib/Src/timer_mode.o
                0x0000000008002c10                getnYear
 .text.setnYear
                0x0000000008002c28       0x20 ./Core/Lib/Src/timer_mode.o
                0x0000000008002c28                setnYear
 .text.getnMonth
                0x0000000008002c48       0x18 ./Core/Lib/Src/timer_mode.o
                0x0000000008002c48                getnMonth
 .text.setnMonth
                0x0000000008002c60       0x20 ./Core/Lib/Src/timer_mode.o
                0x0000000008002c60                setnMonth
 .text.getnDay  0x0000000008002c80       0x18 ./Core/Lib/Src/timer_mode.o
                0x0000000008002c80                getnDay
 .text.setnDay  0x0000000008002c98       0x20 ./Core/Lib/Src/timer_mode.o
                0x0000000008002c98                setnDay
 .text.getPos   0x0000000008002cb8       0x18 ./Core/Lib/Src/timer_mode.o
                0x0000000008002cb8                getPos
 .text.setPos   0x0000000008002cd0       0x34 ./Core/Lib/Src/timer_mode.o
                0x0000000008002cd0                setPos
 .text.start_Boozer
                0x0000000008002d04       0x30 ./Core/Src/alert_fs.o
                0x0000000008002d04                start_Boozer
 .text.end_Boozer
                0x0000000008002d34       0x40 ./Core/Src/alert_fs.o
                0x0000000008002d34                end_Boozer
 .text.check_Alarm
                0x0000000008002d74       0x50 ./Core/Src/alert_fs.o
                0x0000000008002d74                check_Alarm
 .text.main     0x0000000008002dc4       0x88 ./Core/Src/main.o
                0x0000000008002dc4                main
 .text.SystemClock_Config
                0x0000000008002e4c       0xd8 ./Core/Src/main.o
                0x0000000008002e4c                SystemClock_Config
 .text.MX_ADC3_Init
                0x0000000008002f24       0xa4 ./Core/Src/main.o
 .text.MX_I2C1_Init
                0x0000000008002fc8       0x80 ./Core/Src/main.o
 .text.MX_RTC_Init
                0x0000000008003048       0x60 ./Core/Src/main.o
 .text.MX_TIM3_Init
                0x00000000080030a8       0xa0 ./Core/Src/main.o
 .text.MX_TIM4_Init
                0x0000000008003148       0xb8 ./Core/Src/main.o
 .text.MX_TIM6_Init
                0x0000000008003200       0x6c ./Core/Src/main.o
 .text.MX_USART3_UART_Init
                0x000000000800326c       0x60 ./Core/Src/main.o
 .text.MX_USART6_UART_Init
                0x00000000080032cc       0x60 ./Core/Src/main.o
 .text.MX_USB_OTG_FS_PCD_Init
                0x000000000800332c       0x5c ./Core/Src/main.o
 .text.MX_GPIO_Init
                0x0000000008003388      0x1b0 ./Core/Src/main.o
 .text.Error_Handler
                0x0000000008003538        0xa ./Core/Src/main.o
                0x0000000008003538                Error_Handler
 *fill*         0x0000000008003542        0x2 
 .text.HAL_MspInit
                0x0000000008003544       0x48 ./Core/Src/stm32f7xx_hal_msp.o
                0x0000000008003544                HAL_MspInit
 .text.HAL_ADC_MspInit
                0x000000000800358c       0x80 ./Core/Src/stm32f7xx_hal_msp.o
                0x000000000800358c                HAL_ADC_MspInit
 .text.HAL_I2C_MspInit
                0x000000000800360c       0xc0 ./Core/Src/stm32f7xx_hal_msp.o
                0x000000000800360c                HAL_I2C_MspInit
 .text.HAL_RTC_MspInit
                0x00000000080036cc       0x5c ./Core/Src/stm32f7xx_hal_msp.o
                0x00000000080036cc                HAL_RTC_MspInit
 .text.HAL_TIM_Base_MspInit
                0x0000000008003728       0x74 ./Core/Src/stm32f7xx_hal_msp.o
                0x0000000008003728                HAL_TIM_Base_MspInit
 .text.HAL_TIM_PWM_MspInit
                0x000000000800379c       0x40 ./Core/Src/stm32f7xx_hal_msp.o
                0x000000000800379c                HAL_TIM_PWM_MspInit
 .text.HAL_TIM_MspPostInit
                0x00000000080037dc       0x70 ./Core/Src/stm32f7xx_hal_msp.o
                0x00000000080037dc                HAL_TIM_MspPostInit
 .text.HAL_UART_MspInit
                0x000000000800384c      0x14c ./Core/Src/stm32f7xx_hal_msp.o
                0x000000000800384c                HAL_UART_MspInit
 .text.HAL_PCD_MspInit
                0x0000000008003998       0xf4 ./Core/Src/stm32f7xx_hal_msp.o
                0x0000000008003998                HAL_PCD_MspInit
 .text.NMI_Handler
                0x0000000008003a8c        0x6 ./Core/Src/stm32f7xx_it.o
                0x0000000008003a8c                NMI_Handler
 .text.HardFault_Handler
                0x0000000008003a92        0x6 ./Core/Src/stm32f7xx_it.o
                0x0000000008003a92                HardFault_Handler
 .text.MemManage_Handler
                0x0000000008003a98        0x6 ./Core/Src/stm32f7xx_it.o
                0x0000000008003a98                MemManage_Handler
 .text.BusFault_Handler
                0x0000000008003a9e        0x6 ./Core/Src/stm32f7xx_it.o
                0x0000000008003a9e                BusFault_Handler
 .text.UsageFault_Handler
                0x0000000008003aa4        0x6 ./Core/Src/stm32f7xx_it.o
                0x0000000008003aa4                UsageFault_Handler
 .text.SVC_Handler
                0x0000000008003aaa        0xe ./Core/Src/stm32f7xx_it.o
                0x0000000008003aaa                SVC_Handler
 .text.DebugMon_Handler
                0x0000000008003ab8        0xe ./Core/Src/stm32f7xx_it.o
                0x0000000008003ab8                DebugMon_Handler
 .text.PendSV_Handler
                0x0000000008003ac6        0xe ./Core/Src/stm32f7xx_it.o
                0x0000000008003ac6                PendSV_Handler
 .text.SysTick_Handler
                0x0000000008003ad4        0xc ./Core/Src/stm32f7xx_it.o
                0x0000000008003ad4                SysTick_Handler
 .text.TIM3_IRQHandler
                0x0000000008003ae0       0xa0 ./Core/Src/stm32f7xx_it.o
                0x0000000008003ae0                TIM3_IRQHandler
 .text.EXTI15_10_IRQHandler
                0x0000000008003b80       0xd0 ./Core/Src/stm32f7xx_it.o
                0x0000000008003b80                EXTI15_10_IRQHandler
 .text._getpid  0x0000000008003c50       0x10 ./Core/Src/syscalls.o
                0x0000000008003c50                _getpid
 .text._kill    0x0000000008003c60       0x20 ./Core/Src/syscalls.o
                0x0000000008003c60                _kill
 .text._exit    0x0000000008003c80       0x14 ./Core/Src/syscalls.o
                0x0000000008003c80                _exit
 .text._read    0x0000000008003c94       0x3a ./Core/Src/syscalls.o
                0x0000000008003c94                _read
 .text._write   0x0000000008003cce       0x38 ./Core/Src/syscalls.o
                0x0000000008003cce                _write
 .text._close   0x0000000008003d06       0x18 ./Core/Src/syscalls.o
                0x0000000008003d06                _close
 .text._fstat   0x0000000008003d1e       0x20 ./Core/Src/syscalls.o
                0x0000000008003d1e                _fstat
 .text._isatty  0x0000000008003d3e       0x16 ./Core/Src/syscalls.o
                0x0000000008003d3e                _isatty
 .text._lseek   0x0000000008003d54       0x1a ./Core/Src/syscalls.o
                0x0000000008003d54                _lseek
 *fill*         0x0000000008003d6e        0x2 
 .text._sbrk    0x0000000008003d70       0x6c ./Core/Src/sysmem.o
                0x0000000008003d70                _sbrk
 .text.SystemInit
                0x0000000008003ddc       0x24 ./Core/Src/system_stm32f7xx.o
                0x0000000008003ddc                SystemInit
 .text.Reset_Handler
                0x0000000008003e00       0x50 ./Core/Startup/startup_stm32f722zetx.o
                0x0000000008003e00                Reset_Handler
 .text.Default_Handler
                0x0000000008003e50        0x2 ./Core/Startup/startup_stm32f722zetx.o
                0x0000000008003e50                RTC_Alarm_IRQHandler
                0x0000000008003e50                EXTI2_IRQHandler
                0x0000000008003e50                TIM8_CC_IRQHandler
                0x0000000008003e50                UART8_IRQHandler
                0x0000000008003e50                SPI4_IRQHandler
                0x0000000008003e50                TIM1_CC_IRQHandler
                0x0000000008003e50                DMA2_Stream5_IRQHandler
                0x0000000008003e50                DMA1_Stream5_IRQHandler
                0x0000000008003e50                PVD_IRQHandler
                0x0000000008003e50                TAMP_STAMP_IRQHandler
                0x0000000008003e50                EXTI3_IRQHandler
                0x0000000008003e50                TIM8_TRG_COM_TIM14_IRQHandler
                0x0000000008003e50                TIM1_UP_TIM10_IRQHandler
                0x0000000008003e50                TIM8_UP_TIM13_IRQHandler
                0x0000000008003e50                I2C3_ER_IRQHandler
                0x0000000008003e50                EXTI0_IRQHandler
                0x0000000008003e50                I2C2_EV_IRQHandler
                0x0000000008003e50                DMA1_Stream2_IRQHandler
                0x0000000008003e50                CAN1_RX0_IRQHandler
                0x0000000008003e50                FPU_IRQHandler
                0x0000000008003e50                OTG_HS_WKUP_IRQHandler
                0x0000000008003e50                DMA2_Stream2_IRQHandler
                0x0000000008003e50                SPI1_IRQHandler
                0x0000000008003e50                TIM6_DAC_IRQHandler
                0x0000000008003e50                TIM1_BRK_TIM9_IRQHandler
                0x0000000008003e50                DMA2_Stream3_IRQHandler
                0x0000000008003e50                SAI2_IRQHandler
                0x0000000008003e50                USART6_IRQHandler
                0x0000000008003e50                USART3_IRQHandler
                0x0000000008003e50                CAN1_RX1_IRQHandler
                0x0000000008003e50                UART5_IRQHandler
                0x0000000008003e50                DMA2_Stream0_IRQHandler
                0x0000000008003e50                TIM4_IRQHandler
                0x0000000008003e50                QUADSPI_IRQHandler
                0x0000000008003e50                I2C1_EV_IRQHandler
                0x0000000008003e50                DMA1_Stream6_IRQHandler
                0x0000000008003e50                DMA1_Stream1_IRQHandler
                0x0000000008003e50                UART4_IRQHandler
                0x0000000008003e50                RCC_IRQHandler
                0x0000000008003e50                TIM8_BRK_TIM12_IRQHandler
                0x0000000008003e50                Default_Handler
                0x0000000008003e50                ADC_IRQHandler
                0x0000000008003e50                DMA1_Stream7_IRQHandler
                0x0000000008003e50                SPI5_IRQHandler
                0x0000000008003e50                TIM7_IRQHandler
                0x0000000008003e50                SDMMC1_IRQHandler
                0x0000000008003e50                TIM5_IRQHandler
                0x0000000008003e50                DMA2_Stream7_IRQHandler
                0x0000000008003e50                I2C3_EV_IRQHandler
                0x0000000008003e50                EXTI9_5_IRQHandler
                0x0000000008003e50                RTC_WKUP_IRQHandler
                0x0000000008003e50                SPI2_IRQHandler
                0x0000000008003e50                OTG_HS_EP1_IN_IRQHandler
                0x0000000008003e50                DMA1_Stream0_IRQHandler
                0x0000000008003e50                CAN1_TX_IRQHandler
                0x0000000008003e50                EXTI4_IRQHandler
                0x0000000008003e50                RNG_IRQHandler
                0x0000000008003e50                OTG_HS_EP1_OUT_IRQHandler
                0x0000000008003e50                WWDG_IRQHandler
                0x0000000008003e50                TIM2_IRQHandler
                0x0000000008003e50                OTG_FS_WKUP_IRQHandler
                0x0000000008003e50                TIM1_TRG_COM_TIM11_IRQHandler
                0x0000000008003e50                OTG_HS_IRQHandler
                0x0000000008003e50                EXTI1_IRQHandler
                0x0000000008003e50                SDMMC2_IRQHandler
                0x0000000008003e50                UART7_IRQHandler
                0x0000000008003e50                USART2_IRQHandler
                0x0000000008003e50                I2C2_ER_IRQHandler
                0x0000000008003e50                DMA2_Stream1_IRQHandler
                0x0000000008003e50                CAN1_SCE_IRQHandler
                0x0000000008003e50                FLASH_IRQHandler
                0x0000000008003e50                DMA2_Stream4_IRQHandler
                0x0000000008003e50                USART1_IRQHandler
                0x0000000008003e50                OTG_FS_IRQHandler
                0x0000000008003e50                SPI3_IRQHandler
                0x0000000008003e50                DMA1_Stream4_IRQHandler
                0x0000000008003e50                I2C1_ER_IRQHandler
                0x0000000008003e50                FMC_IRQHandler
                0x0000000008003e50                LPTIM1_IRQHandler
                0x0000000008003e50                DMA2_Stream6_IRQHandler
                0x0000000008003e50                SAI1_IRQHandler
                0x0000000008003e50                DMA1_Stream3_IRQHandler
 .text.HAL_Init
                0x0000000008003e52       0x1a ./Drivers/STM32F7xx_HAL_Driver/Src/stm32f7xx_hal.o
                0x0000000008003e52                HAL_Init
 .text.HAL_InitTick
                0x0000000008003e6c       0x60 ./Drivers/STM32F7xx_HAL_Driver/Src/stm32f7xx_hal.o
                0x0000000008003e6c                HAL_InitTick
 .text.HAL_IncTick
                0x0000000008003ecc       0x28 ./Drivers/STM32F7xx_HAL_Driver/Src/stm32f7xx_hal.o
                0x0000000008003ecc                HAL_IncTick
 .text.HAL_GetTick
                0x0000000008003ef4       0x18 ./Drivers/STM32F7xx_HAL_Driver/Src/stm32f7xx_hal.o
                0x0000000008003ef4                HAL_GetTick
 .text.HAL_Delay
                0x0000000008003f0c       0x48 ./Drivers/STM32F7xx_HAL_Driver/Src/stm32f7xx_hal.o
                0x0000000008003f0c                HAL_Delay
 .text.HAL_ADC_Init
                0x0000000008003f54       0x88 ./Drivers/STM32F7xx_HAL_Driver/Src/stm32f7xx_hal_adc.o
                0x0000000008003f54                HAL_ADC_Init
 .text.HAL_ADC_Start
                0x0000000008003fdc      0x19c ./Drivers/STM32F7xx_HAL_Driver/Src/stm32f7xx_hal_adc.o
                0x0000000008003fdc                HAL_ADC_Start
 .text.HAL_ADC_PollForConversion
                0x0000000008004178      0x116 ./Drivers/STM32F7xx_HAL_Driver/Src/stm32f7xx_hal_adc.o
                0x0000000008004178                HAL_ADC_PollForConversion
 .text.HAL_ADC_GetValue
                0x000000000800428e       0x1a ./Drivers/STM32F7xx_HAL_Driver/Src/stm32f7xx_hal_adc.o
                0x000000000800428e                HAL_ADC_GetValue
 .text.HAL_ADC_ConfigChannel
                0x00000000080042a8      0x2ac ./Drivers/STM32F7xx_HAL_Driver/Src/stm32f7xx_hal_adc.o
                0x00000000080042a8                HAL_ADC_ConfigChannel
 .text.ADC_Init
                0x0000000008004554      0x1f4 ./Drivers/STM32F7xx_HAL_Driver/Src/stm32f7xx_hal_adc.o
 .text.__NVIC_SetPriorityGrouping
                0x0000000008004748       0x48 ./Drivers/STM32F7xx_HAL_Driver/Src/stm32f7xx_hal_cortex.o
 .text.__NVIC_GetPriorityGrouping
                0x0000000008004790       0x1c ./Drivers/STM32F7xx_HAL_Driver/Src/stm32f7xx_hal_cortex.o
 .text.__NVIC_EnableIRQ
                0x00000000080047ac       0x3c ./Drivers/STM32F7xx_HAL_Driver/Src/stm32f7xx_hal_cortex.o
 .text.__NVIC_SetPriority
                0x00000000080047e8       0x54 ./Drivers/STM32F7xx_HAL_Driver/Src/stm32f7xx_hal_cortex.o
 .text.NVIC_EncodePriority
                0x000000000800483c       0x66 ./Drivers/STM32F7xx_HAL_Driver/Src/stm32f7xx_hal_cortex.o
 *fill*         0x00000000080048a2        0x2 
 .text.SysTick_Config
                0x00000000080048a4       0x44 ./Drivers/STM32F7xx_HAL_Driver/Src/stm32f7xx_hal_cortex.o
 .text.HAL_NVIC_SetPriorityGrouping
                0x00000000080048e8       0x16 ./Drivers/STM32F7xx_HAL_Driver/Src/stm32f7xx_hal_cortex.o
                0x00000000080048e8                HAL_NVIC_SetPriorityGrouping
 .text.HAL_NVIC_SetPriority
                0x00000000080048fe       0x38 ./Drivers/STM32F7xx_HAL_Driver/Src/stm32f7xx_hal_cortex.o
                0x00000000080048fe                HAL_NVIC_SetPriority
 .text.HAL_NVIC_EnableIRQ
                0x0000000008004936       0x1c ./Drivers/STM32F7xx_HAL_Driver/Src/stm32f7xx_hal_cortex.o
                0x0000000008004936                HAL_NVIC_EnableIRQ
 .text.HAL_SYSTICK_Config
                0x0000000008004952       0x18 ./Drivers/STM32F7xx_HAL_Driver/Src/stm32f7xx_hal_cortex.o
                0x0000000008004952                HAL_SYSTICK_Config
 *fill*         0x000000000800496a        0x2 
 .text.HAL_GPIO_Init
                0x000000000800496c      0x338 ./Drivers/STM32F7xx_HAL_Driver/Src/stm32f7xx_hal_gpio.o
                0x000000000800496c                HAL_GPIO_Init
 .text.HAL_GPIO_ReadPin
                0x0000000008004ca4       0x30 ./Drivers/STM32F7xx_HAL_Driver/Src/stm32f7xx_hal_gpio.o
                0x0000000008004ca4                HAL_GPIO_ReadPin
 .text.HAL_GPIO_WritePin
                0x0000000008004cd4       0x32 ./Drivers/STM32F7xx_HAL_Driver/Src/stm32f7xx_hal_gpio.o
                0x0000000008004cd4                HAL_GPIO_WritePin
 *fill*         0x0000000008004d06        0x2 
 .text.HAL_GPIO_EXTI_IRQHandler
                0x0000000008004d08       0x30 ./Drivers/STM32F7xx_HAL_Driver/Src/stm32f7xx_hal_gpio.o
                0x0000000008004d08                HAL_GPIO_EXTI_IRQHandler
 .text.HAL_GPIO_EXTI_Callback
                0x0000000008004d38       0x16 ./Drivers/STM32F7xx_HAL_Driver/Src/stm32f7xx_hal_gpio.o
                0x0000000008004d38                HAL_GPIO_EXTI_Callback
 *fill*         0x0000000008004d4e        0x2 
 .text.HAL_I2C_Init
                0x0000000008004d50      0x120 ./Drivers/STM32F7xx_HAL_Driver/Src/stm32f7xx_hal_i2c.o
                0x0000000008004d50                HAL_I2C_Init
 .text.HAL_I2C_Master_Transmit
                0x0000000008004e70      0x1e8 ./Drivers/STM32F7xx_HAL_Driver/Src/stm32f7xx_hal_i2c.o
                0x0000000008004e70                HAL_I2C_Master_Transmit
 .text.HAL_I2C_IsDeviceReady
                0x0000000008005058      0x210 ./Drivers/STM32F7xx_HAL_Driver/Src/stm32f7xx_hal_i2c.o
                0x0000000008005058                HAL_I2C_IsDeviceReady
 .text.I2C_Flush_TXDR
                0x0000000008005268       0x48 ./Drivers/STM32F7xx_HAL_Driver/Src/stm32f7xx_hal_i2c.o
 .text.I2C_WaitOnFlagUntilTimeout
                0x00000000080052b0       0x80 ./Drivers/STM32F7xx_HAL_Driver/Src/stm32f7xx_hal_i2c.o
 .text.I2C_WaitOnTXISFlagUntilTimeout
                0x0000000008005330       0x80 ./Drivers/STM32F7xx_HAL_Driver/Src/stm32f7xx_hal_i2c.o
 .text.I2C_WaitOnSTOPFlagUntilTimeout
                0x00000000080053b0       0x78 ./Drivers/STM32F7xx_HAL_Driver/Src/stm32f7xx_hal_i2c.o
 .text.I2C_IsErrorOccurred
                0x0000000008005428      0x1d8 ./Drivers/STM32F7xx_HAL_Driver/Src/stm32f7xx_hal_i2c.o
 .text.I2C_TransferConfig
                0x0000000008005600       0x64 ./Drivers/STM32F7xx_HAL_Driver/Src/stm32f7xx_hal_i2c.o
 .text.HAL_I2CEx_ConfigAnalogFilter
                0x0000000008005664       0x96 ./Drivers/STM32F7xx_HAL_Driver/Src/stm32f7xx_hal_i2c_ex.o
                0x0000000008005664                HAL_I2CEx_ConfigAnalogFilter
 .text.HAL_I2CEx_ConfigDigitalFilter
                0x00000000080056fa       0x98 ./Drivers/STM32F7xx_HAL_Driver/Src/stm32f7xx_hal_i2c_ex.o
                0x00000000080056fa                HAL_I2CEx_ConfigDigitalFilter
 .text.HAL_PCD_Init
                0x0000000008005792      0x248 ./Drivers/STM32F7xx_HAL_Driver/Src/stm32f7xx_hal_pcd.o
                0x0000000008005792                HAL_PCD_Init
 *fill*         0x00000000080059da        0x2 
 .text.HAL_PCDEx_ActivateLPM
                0x00000000080059dc       0x48 ./Drivers/STM32F7xx_HAL_Driver/Src/stm32f7xx_hal_pcd_ex.o
                0x00000000080059dc                HAL_PCDEx_ActivateLPM
 .text.HAL_PWR_EnableBkUpAccess
                0x0000000008005a24       0x20 ./Drivers/STM32F7xx_HAL_Driver/Src/stm32f7xx_hal_pwr.o
                0x0000000008005a24                HAL_PWR_EnableBkUpAccess
 .text.HAL_PWR_DisableBkUpAccess
                0x0000000008005a44       0x20 ./Drivers/STM32F7xx_HAL_Driver/Src/stm32f7xx_hal_pwr.o
                0x0000000008005a44                HAL_PWR_DisableBkUpAccess
 .text.HAL_RCC_OscConfig
                0x0000000008005a64      0x548 ./Drivers/STM32F7xx_HAL_Driver/Src/stm32f7xx_hal_rcc.o
                0x0000000008005a64                HAL_RCC_OscConfig
 .text.HAL_RCC_ClockConfig
                0x0000000008005fac      0x1d8 ./Drivers/STM32F7xx_HAL_Driver/Src/stm32f7xx_hal_rcc.o
                0x0000000008005fac                HAL_RCC_ClockConfig
 .text.HAL_RCC_GetSysClockFreq
                0x0000000008006184      0x20c ./Drivers/STM32F7xx_HAL_Driver/Src/stm32f7xx_hal_rcc.o
                0x0000000008006184                HAL_RCC_GetSysClockFreq
 .text.HAL_RCC_GetHCLKFreq
                0x0000000008006390       0x18 ./Drivers/STM32F7xx_HAL_Driver/Src/stm32f7xx_hal_rcc.o
                0x0000000008006390                HAL_RCC_GetHCLKFreq
 .text.HAL_RCC_GetPCLK1Freq
                0x00000000080063a8       0x28 ./Drivers/STM32F7xx_HAL_Driver/Src/stm32f7xx_hal_rcc.o
                0x00000000080063a8                HAL_RCC_GetPCLK1Freq
 .text.HAL_RCC_GetPCLK2Freq
                0x00000000080063d0       0x28 ./Drivers/STM32F7xx_HAL_Driver/Src/stm32f7xx_hal_rcc.o
                0x00000000080063d0                HAL_RCC_GetPCLK2Freq
 .text.HAL_RCCEx_PeriphCLKConfig
                0x00000000080063f8      0x694 ./Drivers/STM32F7xx_HAL_Driver/Src/stm32f7xx_hal_rcc_ex.o
                0x00000000080063f8                HAL_RCCEx_PeriphCLKConfig
 .text.HAL_RTC_Init
                0x0000000008006a8c      0x124 ./Drivers/STM32F7xx_HAL_Driver/Src/stm32f7xx_hal_rtc.o
                0x0000000008006a8c                HAL_RTC_Init
 .text.HAL_RTC_WaitForSynchro
                0x0000000008006bb0       0x50 ./Drivers/STM32F7xx_HAL_Driver/Src/stm32f7xx_hal_rtc.o
                0x0000000008006bb0                HAL_RTC_WaitForSynchro
 .text.RTC_EnterInitMode
                0x0000000008006c00       0x58 ./Drivers/STM32F7xx_HAL_Driver/Src/stm32f7xx_hal_rtc.o
                0x0000000008006c00                RTC_EnterInitMode
 .text.HAL_RTCEx_SetWakeUpTimer
                0x0000000008006c58       0xea ./Drivers/STM32F7xx_HAL_Driver/Src/stm32f7xx_hal_rtc_ex.o
                0x0000000008006c58                HAL_RTCEx_SetWakeUpTimer
 .text.HAL_RTCEx_BKUPWrite
                0x0000000008006d42       0x34 ./Drivers/STM32F7xx_HAL_Driver/Src/stm32f7xx_hal_rtc_ex.o
                0x0000000008006d42                HAL_RTCEx_BKUPWrite
 .text.HAL_RTCEx_BKUPRead
                0x0000000008006d76       0x30 ./Drivers/STM32F7xx_HAL_Driver/Src/stm32f7xx_hal_rtc_ex.o
                0x0000000008006d76                HAL_RTCEx_BKUPRead
 .text.HAL_TIM_Base_Init
                0x0000000008006da6       0xae ./Drivers/STM32F7xx_HAL_Driver/Src/stm32f7xx_hal_tim.o
                0x0000000008006da6                HAL_TIM_Base_Init
 .text.HAL_TIM_Base_Start
                0x0000000008006e54       0xe0 ./Drivers/STM32F7xx_HAL_Driver/Src/stm32f7xx_hal_tim.o
                0x0000000008006e54                HAL_TIM_Base_Start
 .text.HAL_TIM_Base_Stop
                0x0000000008006f34       0x4e ./Drivers/STM32F7xx_HAL_Driver/Src/stm32f7xx_hal_tim.o
                0x0000000008006f34                HAL_TIM_Base_Stop
 *fill*         0x0000000008006f82        0x2 
 .text.HAL_TIM_Base_Start_IT
                0x0000000008006f84       0xf0 ./Drivers/STM32F7xx_HAL_Driver/Src/stm32f7xx_hal_tim.o
                0x0000000008006f84                HAL_TIM_Base_Start_IT
 .text.HAL_TIM_PWM_Init
                0x0000000008007074       0xae ./Drivers/STM32F7xx_HAL_Driver/Src/stm32f7xx_hal_tim.o
                0x0000000008007074                HAL_TIM_PWM_Init
 *fill*         0x0000000008007122        0x2 
 .text.HAL_TIM_PWM_Start
                0x0000000008007124      0x1f4 ./Drivers/STM32F7xx_HAL_Driver/Src/stm32f7xx_hal_tim.o
                0x0000000008007124                HAL_TIM_PWM_Start
 .text.HAL_TIM_IRQHandler
                0x0000000008007318      0x23e ./Drivers/STM32F7xx_HAL_Driver/Src/stm32f7xx_hal_tim.o
                0x0000000008007318                HAL_TIM_IRQHandler
 *fill*         0x0000000008007556        0x2 
 .text.HAL_TIM_PWM_ConfigChannel
                0x0000000008007558      0x228 ./Drivers/STM32F7xx_HAL_Driver/Src/stm32f7xx_hal_tim.o
                0x0000000008007558                HAL_TIM_PWM_ConfigChannel
 .text.HAL_TIM_ConfigClockSource
                0x0000000008007780      0x194 ./Drivers/STM32F7xx_HAL_Driver/Src/stm32f7xx_hal_tim.o
                0x0000000008007780                HAL_TIM_ConfigClockSource
 .text.HAL_TIM_PeriodElapsedCallback
                0x0000000008007914       0x14 ./Drivers/STM32F7xx_HAL_Driver/Src/stm32f7xx_hal_tim.o
                0x0000000008007914                HAL_TIM_PeriodElapsedCallback
 .text.HAL_TIM_OC_DelayElapsedCallback
                0x0000000008007928       0x14 ./Drivers/STM32F7xx_HAL_Driver/Src/stm32f7xx_hal_tim.o
                0x0000000008007928                HAL_TIM_OC_DelayElapsedCallback
 .text.HAL_TIM_IC_CaptureCallback
                0x000000000800793c       0x14 ./Drivers/STM32F7xx_HAL_Driver/Src/stm32f7xx_hal_tim.o
                0x000000000800793c                HAL_TIM_IC_CaptureCallback
 .text.HAL_TIM_PWM_PulseFinishedCallback
                0x0000000008007950       0x14 ./Drivers/STM32F7xx_HAL_Driver/Src/stm32f7xx_hal_tim.o
                0x0000000008007950                HAL_TIM_PWM_PulseFinishedCallback
 .text.HAL_TIM_TriggerCallback
                0x0000000008007964       0x14 ./Drivers/STM32F7xx_HAL_Driver/Src/stm32f7xx_hal_tim.o
                0x0000000008007964                HAL_TIM_TriggerCallback
 .text.TIM_Base_SetConfig
                0x0000000008007978      0x140 ./Drivers/STM32F7xx_HAL_Driver/Src/stm32f7xx_hal_tim.o
                0x0000000008007978                TIM_Base_SetConfig
 .text.TIM_OC1_SetConfig
                0x0000000008007ab8       0xe4 ./Drivers/STM32F7xx_HAL_Driver/Src/stm32f7xx_hal_tim.o
 .text.TIM_OC2_SetConfig
                0x0000000008007b9c       0xf0 ./Drivers/STM32F7xx_HAL_Driver/Src/stm32f7xx_hal_tim.o
                0x0000000008007b9c                TIM_OC2_SetConfig
 .text.TIM_OC3_SetConfig
                0x0000000008007c8c       0xec ./Drivers/STM32F7xx_HAL_Driver/Src/stm32f7xx_hal_tim.o
 .text.TIM_OC4_SetConfig
                0x0000000008007d78       0xb0 ./Drivers/STM32F7xx_HAL_Driver/Src/stm32f7xx_hal_tim.o
 .text.TIM_OC5_SetConfig
                0x0000000008007e28       0xa4 ./Drivers/STM32F7xx_HAL_Driver/Src/stm32f7xx_hal_tim.o
 .text.TIM_OC6_SetConfig
                0x0000000008007ecc       0xa8 ./Drivers/STM32F7xx_HAL_Driver/Src/stm32f7xx_hal_tim.o
 .text.TIM_TI1_ConfigInputStage
                0x0000000008007f74       0x5e ./Drivers/STM32F7xx_HAL_Driver/Src/stm32f7xx_hal_tim.o
 .text.TIM_TI2_ConfigInputStage
                0x0000000008007fd2       0x60 ./Drivers/STM32F7xx_HAL_Driver/Src/stm32f7xx_hal_tim.o
 .text.TIM_ITRx_SetConfig
                0x0000000008008032       0x36 ./Drivers/STM32F7xx_HAL_Driver/Src/stm32f7xx_hal_tim.o
 .text.TIM_ETR_SetConfig
                0x0000000008008068       0x40 ./Drivers/STM32F7xx_HAL_Driver/Src/stm32f7xx_hal_tim.o
                0x0000000008008068                TIM_ETR_SetConfig
 .text.TIM_CCxChannelCmd
                0x00000000080080a8       0x4a ./Drivers/STM32F7xx_HAL_Driver/Src/stm32f7xx_hal_tim.o
                0x00000000080080a8                TIM_CCxChannelCmd
 *fill*         0x00000000080080f2        0x2 
 .text.HAL_TIMEx_MasterConfigSynchronization
                0x00000000080080f4      0x11c ./Drivers/STM32F7xx_HAL_Driver/Src/stm32f7xx_hal_tim_ex.o
                0x00000000080080f4                HAL_TIMEx_MasterConfigSynchronization
 .text.HAL_TIMEx_CommutCallback
                0x0000000008008210       0x14 ./Drivers/STM32F7xx_HAL_Driver/Src/stm32f7xx_hal_tim_ex.o
                0x0000000008008210                HAL_TIMEx_CommutCallback
 .text.HAL_TIMEx_BreakCallback
                0x0000000008008224       0x14 ./Drivers/STM32F7xx_HAL_Driver/Src/stm32f7xx_hal_tim_ex.o
                0x0000000008008224                HAL_TIMEx_BreakCallback
 .text.HAL_TIMEx_Break2Callback
                0x0000000008008238       0x14 ./Drivers/STM32F7xx_HAL_Driver/Src/stm32f7xx_hal_tim_ex.o
                0x0000000008008238                HAL_TIMEx_Break2Callback
 .text.HAL_UART_Init
                0x000000000800824c       0x9c ./Drivers/STM32F7xx_HAL_Driver/Src/stm32f7xx_hal_uart.o
                0x000000000800824c                HAL_UART_Init
 .text.HAL_UART_Transmit
                0x00000000080082e8      0x126 ./Drivers/STM32F7xx_HAL_Driver/Src/stm32f7xx_hal_uart.o
                0x00000000080082e8                HAL_UART_Transmit
 *fill*         0x000000000800840e        0x2 
 .text.UART_SetConfig
                0x0000000008008410      0x4c8 ./Drivers/STM32F7xx_HAL_Driver/Src/stm32f7xx_hal_uart.o
                0x0000000008008410                UART_SetConfig
 .text.UART_AdvFeatureConfig
                0x00000000080088d8      0x144 ./Drivers/STM32F7xx_HAL_Driver/Src/stm32f7xx_hal_uart.o
                0x00000000080088d8                UART_AdvFeatureConfig
 .text.UART_CheckIdleState
                0x0000000008008a1c       0x66 ./Drivers/STM32F7xx_HAL_Driver/Src/stm32f7xx_hal_uart.o
                0x0000000008008a1c                UART_CheckIdleState
 .text.UART_WaitOnFlagUntilTimeout
                0x0000000008008a82      0x188 ./Drivers/STM32F7xx_HAL_Driver/Src/stm32f7xx_hal_uart.o
                0x0000000008008a82                UART_WaitOnFlagUntilTimeout
 *fill*         0x0000000008008c0a        0x2 
 .text.USB_CoreInit
                0x0000000008008c0c      0x110 ./Drivers/STM32F7xx_HAL_Driver/Src/stm32f7xx_ll_usb.o
                0x0000000008008c0c                USB_CoreInit
 .text.USB_DisableGlobalInt
                0x0000000008008d1c       0x22 ./Drivers/STM32F7xx_HAL_Driver/Src/stm32f7xx_ll_usb.o
                0x0000000008008d1c                USB_DisableGlobalInt
 .text.USB_SetCurrentMode
                0x0000000008008d3e       0x98 ./Drivers/STM32F7xx_HAL_Driver/Src/stm32f7xx_ll_usb.o
                0x0000000008008d3e                USB_SetCurrentMode
 *fill*         0x0000000008008dd6        0x2 
 .text.USB_DevInit
                0x0000000008008dd8      0x2dc ./Drivers/STM32F7xx_HAL_Driver/Src/stm32f7xx_ll_usb.o
                0x0000000008008dd8                USB_DevInit
 .text.USB_FlushTxFifo
                0x00000000080090b4       0x64 ./Drivers/STM32F7xx_HAL_Driver/Src/stm32f7xx_ll_usb.o
                0x00000000080090b4                USB_FlushTxFifo
 .text.USB_FlushRxFifo
                0x0000000008009118       0x5c ./Drivers/STM32F7xx_HAL_Driver/Src/stm32f7xx_ll_usb.o
                0x0000000008009118                USB_FlushRxFifo
 .text.USB_SetDevSpeed
                0x0000000008009174       0x32 ./Drivers/STM32F7xx_HAL_Driver/Src/stm32f7xx_ll_usb.o
                0x0000000008009174                USB_SetDevSpeed
 .text.USB_DevDisconnect
                0x00000000080091a6       0x42 ./Drivers/STM32F7xx_HAL_Driver/Src/stm32f7xx_ll_usb.o
                0x00000000080091a6                USB_DevDisconnect
 .text.USB_GetMode
                0x00000000080091e8       0x1c ./Drivers/STM32F7xx_HAL_Driver/Src/stm32f7xx_ll_usb.o
                0x00000000080091e8                USB_GetMode
 .text.USB_CoreReset
                0x0000000008009204       0x64 ./Drivers/STM32F7xx_HAL_Driver/Src/stm32f7xx_ll_usb.o
 .text.__errno  0x0000000008009268        0xc d:/stm32cubeide_1.9.0/stm32cubeide/plugins/com.st.stm32cube.ide.mcu.externaltools.gnu-tools-for-stm32.10.3-2021.10.win32_1.0.0.202111181127/tools/bin/../lib/gcc/arm-none-eabi/10.3.1/../../../../arm-none-eabi/lib/thumb/v7e-m+fp/hard\libc_nano.a(lib_a-errno.o)
                0x0000000008009268                __errno
 .text.__libc_init_array
                0x0000000008009274       0x48 d:/stm32cubeide_1.9.0/stm32cubeide/plugins/com.st.stm32cube.ide.mcu.externaltools.gnu-tools-for-stm32.10.3-2021.10.win32_1.0.0.202111181127/tools/bin/../lib/gcc/arm-none-eabi/10.3.1/../../../../arm-none-eabi/lib/thumb/v7e-m+fp/hard\libc_nano.a(lib_a-init.o)
                0x0000000008009274                __libc_init_array
 .text.localtime
                0x00000000080092bc       0x3c d:/stm32cubeide_1.9.0/stm32cubeide/plugins/com.st.stm32cube.ide.mcu.externaltools.gnu-tools-for-stm32.10.3-2021.10.win32_1.0.0.202111181127/tools/bin/../lib/gcc/arm-none-eabi/10.3.1/../../../../arm-none-eabi/lib/thumb/v7e-m+fp/hard\libc_nano.a(lib_a-lcltime.o)
                0x00000000080092bc                localtime
 .text.localtime_r
                0x00000000080092f8      0x1e8 d:/stm32cubeide_1.9.0/stm32cubeide/plugins/com.st.stm32cube.ide.mcu.externaltools.gnu-tools-for-stm32.10.3-2021.10.win32_1.0.0.202111181127/tools/bin/../lib/gcc/arm-none-eabi/10.3.1/../../../../arm-none-eabi/lib/thumb/v7e-m+fp/hard\libc_nano.a(lib_a-lcltime_r.o)
                0x00000000080092f8                localtime_r
 .text.malloc   0x00000000080094e0       0x10 d:/stm32cubeide_1.9.0/stm32cubeide/plugins/com.st.stm32cube.ide.mcu.externaltools.gnu-tools-for-stm32.10.3-2021.10.win32_1.0.0.202111181127/tools/bin/../lib/gcc/arm-none-eabi/10.3.1/../../../../arm-none-eabi/lib/thumb/v7e-m+fp/hard\libc_nano.a(lib_a-malloc.o)
                0x00000000080094e0                malloc
 .text.free     0x00000000080094f0       0x10 d:/stm32cubeide_1.9.0/stm32cubeide/plugins/com.st.stm32cube.ide.mcu.externaltools.gnu-tools-for-stm32.10.3-2021.10.win32_1.0.0.202111181127/tools/bin/../lib/gcc/arm-none-eabi/10.3.1/../../../../arm-none-eabi/lib/thumb/v7e-m+fp/hard\libc_nano.a(lib_a-malloc.o)
                0x00000000080094f0                free
 .text.memset   0x0000000008009500       0x10 d:/stm32cubeide_1.9.0/stm32cubeide/plugins/com.st.stm32cube.ide.mcu.externaltools.gnu-tools-for-stm32.10.3-2021.10.win32_1.0.0.202111181127/tools/bin/../lib/gcc/arm-none-eabi/10.3.1/../../../../arm-none-eabi/lib/thumb/v7e-m+fp/hard\libc_nano.a(lib_a-memset.o)
                0x0000000008009500                memset
 .text.validate_structure
                0x0000000008009510      0x1b0 d:/stm32cubeide_1.9.0/stm32cubeide/plugins/com.st.stm32cube.ide.mcu.externaltools.gnu-tools-for-stm32.10.3-2021.10.win32_1.0.0.202111181127/tools/bin/../lib/gcc/arm-none-eabi/10.3.1/../../../../arm-none-eabi/lib/thumb/v7e-m+fp/hard\libc_nano.a(lib_a-mktime.o)
 .text.mktime   0x00000000080096c0      0x334 d:/stm32cubeide_1.9.0/stm32cubeide/plugins/com.st.stm32cube.ide.mcu.externaltools.gnu-tools-for-stm32.10.3-2021.10.win32_1.0.0.202111181127/tools/bin/../lib/gcc/arm-none-eabi/10.3.1/../../../../arm-none-eabi/lib/thumb/v7e-m+fp/hard\libc_nano.a(lib_a-mktime.o)
                0x00000000080096c0                mktime
 .text._free_r  0x00000000080099f4       0x98 d:/stm32cubeide_1.9.0/stm32cubeide/plugins/com.st.stm32cube.ide.mcu.externaltools.gnu-tools-for-stm32.10.3-2021.10.win32_1.0.0.202111181127/tools/bin/../lib/gcc/arm-none-eabi/10.3.1/../../../../arm-none-eabi/lib/thumb/v7e-m+fp/hard\libc_nano.a(lib_a-nano-freer.o)
                0x00000000080099f4                _free_r
 .text.sbrk_aligned
                0x0000000008009a8c       0x40 d:/stm32cubeide_1.9.0/stm32cubeide/plugins/com.st.stm32cube.ide.mcu.externaltools.gnu-tools-for-stm32.10.3-2021.10.win32_1.0.0.202111181127/tools/bin/../lib/gcc/arm-none-eabi/10.3.1/../../../../arm-none-eabi/lib/thumb/v7e-m+fp/hard\libc_nano.a(lib_a-nano-mallocr.o)
 .text._malloc_r
                0x0000000008009acc       0xe8 d:/stm32cubeide_1.9.0/stm32cubeide/plugins/com.st.stm32cube.ide.mcu.externaltools.gnu-tools-for-stm32.10.3-2021.10.win32_1.0.0.202111181127/tools/bin/../lib/gcc/arm-none-eabi/10.3.1/../../../../arm-none-eabi/lib/thumb/v7e-m+fp/hard\libc_nano.a(lib_a-nano-mallocr.o)
                0x0000000008009acc                _malloc_r
 .text._sbrk_r  0x0000000008009bb4       0x20 d:/stm32cubeide_1.9.0/stm32cubeide/plugins/com.st.stm32cube.ide.mcu.externaltools.gnu-tools-for-stm32.10.3-2021.10.win32_1.0.0.202111181127/tools/bin/../lib/gcc/arm-none-eabi/10.3.1/../../../../arm-none-eabi/lib/thumb/v7e-m+fp/hard\libc_nano.a(lib_a-sbrkr.o)
                0x0000000008009bb4                _sbrk_r
 .text.snprintf
                0x0000000008009bd4       0x68 d:/stm32cubeide_1.9.0/stm32cubeide/plugins/com.st.stm32cube.ide.mcu.externaltools.gnu-tools-for-stm32.10.3-2021.10.win32_1.0.0.202111181127/tools/bin/../lib/gcc/arm-none-eabi/10.3.1/../../../../arm-none-eabi/lib/thumb/v7e-m+fp/hard\libc_nano.a(lib_a-snprintf.o)
                0x0000000008009bd4                sniprintf
                0x0000000008009bd4                snprintf
 .text.sprintf  0x0000000008009c3c       0x40 d:/stm32cubeide_1.9.0/stm32cubeide/plugins/com.st.stm32cube.ide.mcu.externaltools.gnu-tools-for-stm32.10.3-2021.10.win32_1.0.0.202111181127/tools/bin/../lib/gcc/arm-none-eabi/10.3.1/../../../../arm-none-eabi/lib/thumb/v7e-m+fp/hard\libc_nano.a(lib_a-sprintf.o)
                0x0000000008009c3c                siprintf
                0x0000000008009c3c                sprintf
 .text.__tzcalc_limits
                0x0000000008009c7c      0x154 d:/stm32cubeide_1.9.0/stm32cubeide/plugins/com.st.stm32cube.ide.mcu.externaltools.gnu-tools-for-stm32.10.3-2021.10.win32_1.0.0.202111181127/tools/bin/../lib/gcc/arm-none-eabi/10.3.1/../../../../arm-none-eabi/lib/thumb/v7e-m+fp/hard\libc_nano.a(lib_a-tzcalc_limits.o)
                0x0000000008009c7c                __tzcalc_limits
 .text.__tz_lock
                0x0000000008009dd0        0xc d:/stm32cubeide_1.9.0/stm32cubeide/plugins/com.st.stm32cube.ide.mcu.externaltools.gnu-tools-for-stm32.10.3-2021.10.win32_1.0.0.202111181127/tools/bin/../lib/gcc/arm-none-eabi/10.3.1/../../../../arm-none-eabi/lib/thumb/v7e-m+fp/hard\libc_nano.a(lib_a-tzlock.o)
                0x0000000008009dd0                __tz_lock
 .text.__tz_unlock
                0x0000000008009ddc        0xc d:/stm32cubeide_1.9.0/stm32cubeide/plugins/com.st.stm32cube.ide.mcu.externaltools.gnu-tools-for-stm32.10.3-2021.10.win32_1.0.0.202111181127/tools/bin/../lib/gcc/arm-none-eabi/10.3.1/../../../../arm-none-eabi/lib/thumb/v7e-m+fp/hard\libc_nano.a(lib_a-tzlock.o)
                0x0000000008009ddc                __tz_unlock
 .text._tzset_unlocked
                0x0000000008009de8        0xc d:/stm32cubeide_1.9.0/stm32cubeide/plugins/com.st.stm32cube.ide.mcu.externaltools.gnu-tools-for-stm32.10.3-2021.10.win32_1.0.0.202111181127/tools/bin/../lib/gcc/arm-none-eabi/10.3.1/../../../../arm-none-eabi/lib/thumb/v7e-m+fp/hard\libc_nano.a(lib_a-tzset.o)
                0x0000000008009de8                _tzset_unlocked
 .text._tzset_unlocked_r
                0x0000000008009df4      0x300 d:/stm32cubeide_1.9.0/stm32cubeide/plugins/com.st.stm32cube.ide.mcu.externaltools.gnu-tools-for-stm32.10.3-2021.10.win32_1.0.0.202111181127/tools/bin/../lib/gcc/arm-none-eabi/10.3.1/../../../../arm-none-eabi/lib/thumb/v7e-m+fp/hard\libc_nano.a(lib_a-tzset_r.o)
                0x0000000008009df4                _tzset_unlocked_r
 .text.__assert_func
                0x000000000800a0f4       0x3c d:/stm32cubeide_1.9.0/stm32cubeide/plugins/com.st.stm32cube.ide.mcu.externaltools.gnu-tools-for-stm32.10.3-2021.10.win32_1.0.0.202111181127/tools/bin/../lib/gcc/arm-none-eabi/10.3.1/../../../../arm-none-eabi/lib/thumb/v7e-m+fp/hard\libc_nano.a(lib_a-assert.o)
                0x000000000800a0f4                __assert_func
 .text.div      0x000000000800a130       0x28 d:/stm32cubeide_1.9.0/stm32cubeide/plugins/com.st.stm32cube.ide.mcu.externaltools.gnu-tools-for-stm32.10.3-2021.10.win32_1.0.0.202111181127/tools/bin/../lib/gcc/arm-none-eabi/10.3.1/../../../../arm-none-eabi/lib/thumb/v7e-m+fp/hard\libc_nano.a(lib_a-div.o)
                0x000000000800a130                div
 .text.fprintf  0x000000000800a158       0x24 d:/stm32cubeide_1.9.0/stm32cubeide/plugins/com.st.stm32cube.ide.mcu.externaltools.gnu-tools-for-stm32.10.3-2021.10.win32_1.0.0.202111181127/tools/bin/../lib/gcc/arm-none-eabi/10.3.1/../../../../arm-none-eabi/lib/thumb/v7e-m+fp/hard\libc_nano.a(lib_a-fprintf.o)
                0x000000000800a158                fiprintf
                0x000000000800a158                fprintf
 .text._findenv_r
                0x000000000800a17c       0x78 d:/stm32cubeide_1.9.0/stm32cubeide/plugins/com.st.stm32cube.ide.mcu.externaltools.gnu-tools-for-stm32.10.3-2021.10.win32_1.0.0.202111181127/tools/bin/../lib/gcc/arm-none-eabi/10.3.1/../../../../arm-none-eabi/lib/thumb/v7e-m+fp/hard\libc_nano.a(lib_a-getenv_r.o)
                0x000000000800a17c                _findenv_r
 .text._getenv_r
                0x000000000800a1f4        0xe d:/stm32cubeide_1.9.0/stm32cubeide/plugins/com.st.stm32cube.ide.mcu.externaltools.gnu-tools-for-stm32.10.3-2021.10.win32_1.0.0.202111181127/tools/bin/../lib/gcc/arm-none-eabi/10.3.1/../../../../arm-none-eabi/lib/thumb/v7e-m+fp/hard\libc_nano.a(lib_a-getenv_r.o)
                0x000000000800a1f4                _getenv_r
 *fill*         0x000000000800a202        0x2 
 .text.__gettzinfo
                0x000000000800a204        0x8 d:/stm32cubeide_1.9.0/stm32cubeide/plugins/com.st.stm32cube.ide.mcu.externaltools.gnu-tools-for-stm32.10.3-2021.10.win32_1.0.0.202111181127/tools/bin/../lib/gcc/arm-none-eabi/10.3.1/../../../../arm-none-eabi/lib/thumb/v7e-m+fp/hard\libc_nano.a(lib_a-gettzinfo.o)
                0x000000000800a204                __gettzinfo
 .text.gmtime_r
                0x000000000800a20c      0x158 d:/stm32cubeide_1.9.0/stm32cubeide/plugins/com.st.stm32cube.ide.mcu.externaltools.gnu-tools-for-stm32.10.3-2021.10.win32_1.0.0.202111181127/tools/bin/../lib/gcc/arm-none-eabi/10.3.1/../../../../arm-none-eabi/lib/thumb/v7e-m+fp/hard\libc_nano.a(lib_a-gmtime_r.o)
                0x000000000800a20c                gmtime_r
 .text.__retarget_lock_init_recursive
                0x000000000800a364        0x2 d:/stm32cubeide_1.9.0/stm32cubeide/plugins/com.st.stm32cube.ide.mcu.externaltools.gnu-tools-for-stm32.10.3-2021.10.win32_1.0.0.202111181127/tools/bin/../lib/gcc/arm-none-eabi/10.3.1/../../../../arm-none-eabi/lib/thumb/v7e-m+fp/hard\libc_nano.a(lib_a-lock.o)
                0x000000000800a364                __retarget_lock_init_recursive
 .text.__retarget_lock_acquire
                0x000000000800a366        0x2 d:/stm32cubeide_1.9.0/stm32cubeide/plugins/com.st.stm32cube.ide.mcu.externaltools.gnu-tools-for-stm32.10.3-2021.10.win32_1.0.0.202111181127/tools/bin/../lib/gcc/arm-none-eabi/10.3.1/../../../../arm-none-eabi/lib/thumb/v7e-m+fp/hard\libc_nano.a(lib_a-lock.o)
                0x000000000800a366                __retarget_lock_acquire
 .text.__retarget_lock_acquire_recursive
                0x000000000800a368        0x2 d:/stm32cubeide_1.9.0/stm32cubeide/plugins/com.st.stm32cube.ide.mcu.externaltools.gnu-tools-for-stm32.10.3-2021.10.win32_1.0.0.202111181127/tools/bin/../lib/gcc/arm-none-eabi/10.3.1/../../../../arm-none-eabi/lib/thumb/v7e-m+fp/hard\libc_nano.a(lib_a-lock.o)
                0x000000000800a368                __retarget_lock_acquire_recursive
 .text.__retarget_lock_release
                0x000000000800a36a        0x2 d:/stm32cubeide_1.9.0/stm32cubeide/plugins/com.st.stm32cube.ide.mcu.externaltools.gnu-tools-for-stm32.10.3-2021.10.win32_1.0.0.202111181127/tools/bin/../lib/gcc/arm-none-eabi/10.3.1/../../../../arm-none-eabi/lib/thumb/v7e-m+fp/hard\libc_nano.a(lib_a-lock.o)
                0x000000000800a36a                __retarget_lock_release
 .text.__retarget_lock_release_recursive
                0x000000000800a36c        0x2 d:/stm32cubeide_1.9.0/stm32cubeide/plugins/com.st.stm32cube.ide.mcu.externaltools.gnu-tools-for-stm32.10.3-2021.10.win32_1.0.0.202111181127/tools/bin/../lib/gcc/arm-none-eabi/10.3.1/../../../../arm-none-eabi/lib/thumb/v7e-m+fp/hard\libc_nano.a(lib_a-lock.o)
                0x000000000800a36c                __retarget_lock_release_recursive
 *fill*         0x000000000800a36e        0x2 
 .text.__malloc_lock
                0x000000000800a370        0xc d:/stm32cubeide_1.9.0/stm32cubeide/plugins/com.st.stm32cube.ide.mcu.externaltools.gnu-tools-for-stm32.10.3-2021.10.win32_1.0.0.202111181127/tools/bin/../lib/gcc/arm-none-eabi/10.3.1/../../../../arm-none-eabi/lib/thumb/v7e-m+fp/hard\libc_nano.a(lib_a-mlock.o)
                0x000000000800a370                __malloc_lock
 .text.__malloc_unlock
                0x000000000800a37c        0xc d:/stm32cubeide_1.9.0/stm32cubeide/plugins/com.st.stm32cube.ide.mcu.externaltools.gnu-tools-for-stm32.10.3-2021.10.win32_1.0.0.202111181127/tools/bin/../lib/gcc/arm-none-eabi/10.3.1/../../../../arm-none-eabi/lib/thumb/v7e-m+fp/hard\libc_nano.a(lib_a-mlock.o)
                0x000000000800a37c                __malloc_unlock
 .text.__ssputs_r
                0x000000000800a388       0xb6 d:/stm32cubeide_1.9.0/stm32cubeide/plugins/com.st.stm32cube.ide.mcu.externaltools.gnu-tools-for-stm32.10.3-2021.10.win32_1.0.0.202111181127/tools/bin/../lib/gcc/arm-none-eabi/10.3.1/../../../../arm-none-eabi/lib/thumb/v7e-m+fp/hard\libc_nano.a(lib_a-nano-svfprintf.o)
                0x000000000800a388                __ssputs_r
 *fill*         0x000000000800a43e        0x2 
 .text._svfprintf_r
                0x000000000800a440      0x200 d:/stm32cubeide_1.9.0/stm32cubeide/plugins/com.st.stm32cube.ide.mcu.externaltools.gnu-tools-for-stm32.10.3-2021.10.win32_1.0.0.202111181127/tools/bin/../lib/gcc/arm-none-eabi/10.3.1/../../../../arm-none-eabi/lib/thumb/v7e-m+fp/hard\libc_nano.a(lib_a-nano-svfprintf.o)
                0x000000000800a440                _svfiprintf_r
                0x000000000800a440                _svfprintf_r
 .text.__sfputc_r
                0x000000000800a640       0x2e d:/stm32cubeide_1.9.0/stm32cubeide/plugins/com.st.stm32cube.ide.mcu.externaltools.gnu-tools-for-stm32.10.3-2021.10.win32_1.0.0.202111181127/tools/bin/../lib/gcc/arm-none-eabi/10.3.1/../../../../arm-none-eabi/lib/thumb/v7e-m+fp/hard\libc_nano.a(lib_a-nano-vfprintf.o)
 .text.__sfputs_r
                0x000000000800a66e       0x24 d:/stm32cubeide_1.9.0/stm32cubeide/plugins/com.st.stm32cube.ide.mcu.externaltools.gnu-tools-for-stm32.10.3-2021.10.win32_1.0.0.202111181127/tools/bin/../lib/gcc/arm-none-eabi/10.3.1/../../../../arm-none-eabi/lib/thumb/v7e-m+fp/hard\libc_nano.a(lib_a-nano-vfprintf.o)
                0x000000000800a66e                __sfputs_r
 *fill*         0x000000000800a692        0x2 
 .text._vfprintf_r
                0x000000000800a694      0x260 d:/stm32cubeide_1.9.0/stm32cubeide/plugins/com.st.stm32cube.ide.mcu.externaltools.gnu-tools-for-stm32.10.3-2021.10.win32_1.0.0.202111181127/tools/bin/../lib/gcc/arm-none-eabi/10.3.1/../../../../arm-none-eabi/lib/thumb/v7e-m+fp/hard\libc_nano.a(lib_a-nano-vfprintf.o)
                0x000000000800a694                _vfprintf_r
                0x000000000800a694                _vfiprintf_r
 .text._printf_common
                0x000000000800a8f4       0xda d:/stm32cubeide_1.9.0/stm32cubeide/plugins/com.st.stm32cube.ide.mcu.externaltools.gnu-tools-for-stm32.10.3-2021.10.win32_1.0.0.202111181127/tools/bin/../lib/gcc/arm-none-eabi/10.3.1/../../../../arm-none-eabi/lib/thumb/v7e-m+fp/hard\libc_nano.a(lib_a-nano-vfprintf_i.o)
                0x000000000800a8f4                _printf_common
 *fill*         0x000000000800a9ce        0x2 
 .text._printf_i
                0x000000000800a9d0      0x24c d:/stm32cubeide_1.9.0/stm32cubeide/plugins/com.st.stm32cube.ide.mcu.externaltools.gnu-tools-for-stm32.10.3-2021.10.win32_1.0.0.202111181127/tools/bin/../lib/gcc/arm-none-eabi/10.3.1/../../../../arm-none-eabi/lib/thumb/v7e-m+fp/hard\libc_nano.a(lib_a-nano-vfprintf_i.o)
                0x000000000800a9d0                _printf_i
 .text.sscanf   0x000000000800ac1c       0x58 d:/stm32cubeide_1.9.0/stm32cubeide/plugins/com.st.stm32cube.ide.mcu.externaltools.gnu-tools-for-stm32.10.3-2021.10.win32_1.0.0.202111181127/tools/bin/../lib/gcc/arm-none-eabi/10.3.1/../../../../arm-none-eabi/lib/thumb/v7e-m+fp/hard\libc_nano.a(lib_a-sscanf.o)
                0x000000000800ac1c                siscanf
                0x000000000800ac1c                sscanf
 .text.__sread  0x000000000800ac74       0x22 d:/stm32cubeide_1.9.0/stm32cubeide/plugins/com.st.stm32cube.ide.mcu.externaltools.gnu-tools-for-stm32.10.3-2021.10.win32_1.0.0.202111181127/tools/bin/../lib/gcc/arm-none-eabi/10.3.1/../../../../arm-none-eabi/lib/thumb/v7e-m+fp/hard\libc_nano.a(lib_a-stdio.o)
                0x000000000800ac74                __sread
 .text.__seofread
                0x000000000800ac96        0x4 d:/stm32cubeide_1.9.0/stm32cubeide/plugins/com.st.stm32cube.ide.mcu.externaltools.gnu-tools-for-stm32.10.3-2021.10.win32_1.0.0.202111181127/tools/bin/../lib/gcc/arm-none-eabi/10.3.1/../../../../arm-none-eabi/lib/thumb/v7e-m+fp/hard\libc_nano.a(lib_a-stdio.o)
                0x000000000800ac96                __seofread
 .text.__swrite
                0x000000000800ac9a       0x38 d:/stm32cubeide_1.9.0/stm32cubeide/plugins/com.st.stm32cube.ide.mcu.externaltools.gnu-tools-for-stm32.10.3-2021.10.win32_1.0.0.202111181127/tools/bin/../lib/gcc/arm-none-eabi/10.3.1/../../../../arm-none-eabi/lib/thumb/v7e-m+fp/hard\libc_nano.a(lib_a-stdio.o)
                0x000000000800ac9a                __swrite
 .text.__sseek  0x000000000800acd2       0x24 d:/stm32cubeide_1.9.0/stm32cubeide/plugins/com.st.stm32cube.ide.mcu.externaltools.gnu-tools-for-stm32.10.3-2021.10.win32_1.0.0.202111181127/tools/bin/../lib/gcc/arm-none-eabi/10.3.1/../../../../arm-none-eabi/lib/thumb/v7e-m+fp/hard\libc_nano.a(lib_a-stdio.o)
                0x000000000800acd2                __sseek
 .text.__sclose
                0x000000000800acf6        0x8 d:/stm32cubeide_1.9.0/stm32cubeide/plugins/com.st.stm32cube.ide.mcu.externaltools.gnu-tools-for-stm32.10.3-2021.10.win32_1.0.0.202111181127/tools/bin/../lib/gcc/arm-none-eabi/10.3.1/../../../../arm-none-eabi/lib/thumb/v7e-m+fp/hard\libc_nano.a(lib_a-stdio.o)
                0x000000000800acf6                __sclose
 .text.strcpy   0x000000000800acfe       0x10 d:/stm32cubeide_1.9.0/stm32cubeide/plugins/com.st.stm32cube.ide.mcu.externaltools.gnu-tools-for-stm32.10.3-2021.10.win32_1.0.0.202111181127/tools/bin/../lib/gcc/arm-none-eabi/10.3.1/../../../../arm-none-eabi/lib/thumb/v7e-m+fp/hard\libc_nano.a(lib_a-strcpy.o)
                0x000000000800acfe                strcpy
 .text.strncmp  0x000000000800ad0e       0x28 d:/stm32cubeide_1.9.0/stm32cubeide/plugins/com.st.stm32cube.ide.mcu.externaltools.gnu-tools-for-stm32.10.3-2021.10.win32_1.0.0.202111181127/tools/bin/../lib/gcc/arm-none-eabi/10.3.1/../../../../arm-none-eabi/lib/thumb/v7e-m+fp/hard\libc_nano.a(lib_a-strncmp.o)
                0x000000000800ad0e                strncmp
 *fill*         0x000000000800ad36        0x2 
 .text._strtoul_l.constprop.0
                0x000000000800ad38       0xe4 d:/stm32cubeide_1.9.0/stm32cubeide/plugins/com.st.stm32cube.ide.mcu.externaltools.gnu-tools-for-stm32.10.3-2021.10.win32_1.0.0.202111181127/tools/bin/../lib/gcc/arm-none-eabi/10.3.1/../../../../arm-none-eabi/lib/thumb/v7e-m+fp/hard\libc_nano.a(lib_a-strtoul.o)
 .text._strtoul_r
                0x000000000800ae1c        0x4 d:/stm32cubeide_1.9.0/stm32cubeide/plugins/com.st.stm32cube.ide.mcu.externaltools.gnu-tools-for-stm32.10.3-2021.10.win32_1.0.0.202111181127/tools/bin/../lib/gcc/arm-none-eabi/10.3.1/../../../../arm-none-eabi/lib/thumb/v7e-m+fp/hard\libc_nano.a(lib_a-strtoul.o)
                0x000000000800ae1c                _strtoul_r
 .text.strtoul  0x000000000800ae20       0x14 d:/stm32cubeide_1.9.0/stm32cubeide/plugins/com.st.stm32cube.ide.mcu.externaltools.gnu-tools-for-stm32.10.3-2021.10.win32_1.0.0.202111181127/tools/bin/../lib/gcc/arm-none-eabi/10.3.1/../../../../arm-none-eabi/lib/thumb/v7e-m+fp/hard\libc_nano.a(lib_a-strtoul.o)
                0x000000000800ae20                strtoul
 .text.__swbuf_r
                0x000000000800ae34       0xa4 d:/stm32cubeide_1.9.0/stm32cubeide/plugins/com.st.stm32cube.ide.mcu.externaltools.gnu-tools-for-stm32.10.3-2021.10.win32_1.0.0.202111181127/tools/bin/../lib/gcc/arm-none-eabi/10.3.1/../../../../arm-none-eabi/lib/thumb/v7e-m+fp/hard\libc_nano.a(lib_a-wbuf.o)
                0x000000000800ae34                __swbuf_r
 .text._write_r
                0x000000000800aed8       0x24 d:/stm32cubeide_1.9.0/stm32cubeide/plugins/com.st.stm32cube.ide.mcu.externaltools.gnu-tools-for-stm32.10.3-2021.10.win32_1.0.0.202111181127/tools/bin/../lib/gcc/arm-none-eabi/10.3.1/../../../../arm-none-eabi/lib/thumb/v7e-m+fp/hard\libc_nano.a(lib_a-writer.o)
                0x000000000800aed8                _write_r
 .text.__swsetup_r
                0x000000000800aefc       0xdc d:/stm32cubeide_1.9.0/stm32cubeide/plugins/com.st.stm32cube.ide.mcu.externaltools.gnu-tools-for-stm32.10.3-2021.10.win32_1.0.0.202111181127/tools/bin/../lib/gcc/arm-none-eabi/10.3.1/../../../../arm-none-eabi/lib/thumb/v7e-m+fp/hard\libc_nano.a(lib_a-wsetup.o)
                0x000000000800aefc                __swsetup_r
 .text.abort    0x000000000800afd8        0xe d:/stm32cubeide_1.9.0/stm32cubeide/plugins/com.st.stm32cube.ide.mcu.externaltools.gnu-tools-for-stm32.10.3-2021.10.win32_1.0.0.202111181127/tools/bin/../lib/gcc/arm-none-eabi/10.3.1/../../../../arm-none-eabi/lib/thumb/v7e-m+fp/hard\libc_nano.a(lib_a-abort.o)
                0x000000000800afd8                abort
 *fill*         0x000000000800afe6        0x2 
 .text._close_r
                0x000000000800afe8       0x20 d:/stm32cubeide_1.9.0/stm32cubeide/plugins/com.st.stm32cube.ide.mcu.externaltools.gnu-tools-for-stm32.10.3-2021.10.win32_1.0.0.202111181127/tools/bin/../lib/gcc/arm-none-eabi/10.3.1/../../../../arm-none-eabi/lib/thumb/v7e-m+fp/hard\libc_nano.a(lib_a-closer.o)
                0x000000000800afe8                _close_r
 .text.__env_lock
                0x000000000800b008        0xc d:/stm32cubeide_1.9.0/stm32cubeide/plugins/com.st.stm32cube.ide.mcu.externaltools.gnu-tools-for-stm32.10.3-2021.10.win32_1.0.0.202111181127/tools/bin/../lib/gcc/arm-none-eabi/10.3.1/../../../../arm-none-eabi/lib/thumb/v7e-m+fp/hard\libc_nano.a(lib_a-envlock.o)
                0x000000000800b008                __env_lock
 .text.__env_unlock
                0x000000000800b014        0xc d:/stm32cubeide_1.9.0/stm32cubeide/plugins/com.st.stm32cube.ide.mcu.externaltools.gnu-tools-for-stm32.10.3-2021.10.win32_1.0.0.202111181127/tools/bin/../lib/gcc/arm-none-eabi/10.3.1/../../../../arm-none-eabi/lib/thumb/v7e-m+fp/hard\libc_nano.a(lib_a-envlock.o)
                0x000000000800b014                __env_unlock
 .text.__sflush_r
                0x000000000800b020      0x10c d:/stm32cubeide_1.9.0/stm32cubeide/plugins/com.st.stm32cube.ide.mcu.externaltools.gnu-tools-for-stm32.10.3-2021.10.win32_1.0.0.202111181127/tools/bin/../lib/gcc/arm-none-eabi/10.3.1/../../../../arm-none-eabi/lib/thumb/v7e-m+fp/hard\libc_nano.a(lib_a-fflush.o)
                0x000000000800b020                __sflush_r
 .text._fflush_r
                0x000000000800b12c       0x78 d:/stm32cubeide_1.9.0/stm32cubeide/plugins/com.st.stm32cube.ide.mcu.externaltools.gnu-tools-for-stm32.10.3-2021.10.win32_1.0.0.202111181127/tools/bin/../lib/gcc/arm-none-eabi/10.3.1/../../../../arm-none-eabi/lib/thumb/v7e-m+fp/hard\libc_nano.a(lib_a-fflush.o)
                0x000000000800b12c                _fflush_r
 .text.std      0x000000000800b1a4       0x48 d:/stm32cubeide_1.9.0/stm32cubeide/plugins/com.st.stm32cube.ide.mcu.externaltools.gnu-tools-for-stm32.10.3-2021.10.win32_1.0.0.202111181127/tools/bin/../lib/gcc/arm-none-eabi/10.3.1/../../../../arm-none-eabi/lib/thumb/v7e-m+fp/hard\libc_nano.a(lib_a-findfp.o)
 .text._cleanup_r
                0x000000000800b1ec        0xc d:/stm32cubeide_1.9.0/stm32cubeide/plugins/com.st.stm32cube.ide.mcu.externaltools.gnu-tools-for-stm32.10.3-2021.10.win32_1.0.0.202111181127/tools/bin/../lib/gcc/arm-none-eabi/10.3.1/../../../../arm-none-eabi/lib/thumb/v7e-m+fp/hard\libc_nano.a(lib_a-findfp.o)
                0x000000000800b1ec                _cleanup_r
 .text.__sfmoreglue
                0x000000000800b1f8       0x2c d:/stm32cubeide_1.9.0/stm32cubeide/plugins/com.st.stm32cube.ide.mcu.externaltools.gnu-tools-for-stm32.10.3-2021.10.win32_1.0.0.202111181127/tools/bin/../lib/gcc/arm-none-eabi/10.3.1/../../../../arm-none-eabi/lib/thumb/v7e-m+fp/hard\libc_nano.a(lib_a-findfp.o)
                0x000000000800b1f8                __sfmoreglue
 .text.__sfp_lock_acquire
                0x000000000800b224        0xc d:/stm32cubeide_1.9.0/stm32cubeide/plugins/com.st.stm32cube.ide.mcu.externaltools.gnu-tools-for-stm32.10.3-2021.10.win32_1.0.0.202111181127/tools/bin/../lib/gcc/arm-none-eabi/10.3.1/../../../../arm-none-eabi/lib/thumb/v7e-m+fp/hard\libc_nano.a(lib_a-findfp.o)
                0x000000000800b224                __sfp_lock_acquire
 .text.__sfp_lock_release
                0x000000000800b230        0xc d:/stm32cubeide_1.9.0/stm32cubeide/plugins/com.st.stm32cube.ide.mcu.externaltools.gnu-tools-for-stm32.10.3-2021.10.win32_1.0.0.202111181127/tools/bin/../lib/gcc/arm-none-eabi/10.3.1/../../../../arm-none-eabi/lib/thumb/v7e-m+fp/hard\libc_nano.a(lib_a-findfp.o)
                0x000000000800b230                __sfp_lock_release
 .text.__sinit_lock_acquire
                0x000000000800b23c        0xc d:/stm32cubeide_1.9.0/stm32cubeide/plugins/com.st.stm32cube.ide.mcu.externaltools.gnu-tools-for-stm32.10.3-2021.10.win32_1.0.0.202111181127/tools/bin/../lib/gcc/arm-none-eabi/10.3.1/../../../../arm-none-eabi/lib/thumb/v7e-m+fp/hard\libc_nano.a(lib_a-findfp.o)
                0x000000000800b23c                __sinit_lock_acquire
 .text.__sinit_lock_release
                0x000000000800b248        0xc d:/stm32cubeide_1.9.0/stm32cubeide/plugins/com.st.stm32cube.ide.mcu.externaltools.gnu-tools-for-stm32.10.3-2021.10.win32_1.0.0.202111181127/tools/bin/../lib/gcc/arm-none-eabi/10.3.1/../../../../arm-none-eabi/lib/thumb/v7e-m+fp/hard\libc_nano.a(lib_a-findfp.o)
                0x000000000800b248                __sinit_lock_release
 .text.__sinit  0x000000000800b254       0x70 d:/stm32cubeide_1.9.0/stm32cubeide/plugins/com.st.stm32cube.ide.mcu.externaltools.gnu-tools-for-stm32.10.3-2021.10.win32_1.0.0.202111181127/tools/bin/../lib/gcc/arm-none-eabi/10.3.1/../../../../arm-none-eabi/lib/thumb/v7e-m+fp/hard\libc_nano.a(lib_a-findfp.o)
                0x000000000800b254                __sinit
 .text.__sfp    0x000000000800b2c4       0x8c d:/stm32cubeide_1.9.0/stm32cubeide/plugins/com.st.stm32cube.ide.mcu.externaltools.gnu-tools-for-stm32.10.3-2021.10.win32_1.0.0.202111181127/tools/bin/../lib/gcc/arm-none-eabi/10.3.1/../../../../arm-none-eabi/lib/thumb/v7e-m+fp/hard\libc_nano.a(lib_a-findfp.o)
                0x000000000800b2c4                __sfp
 .text._fwalk_reent
                0x000000000800b350       0x3e d:/stm32cubeide_1.9.0/stm32cubeide/plugins/com.st.stm32cube.ide.mcu.externaltools.gnu-tools-for-stm32.10.3-2021.10.win32_1.0.0.202111181127/tools/bin/../lib/gcc/arm-none-eabi/10.3.1/../../../../arm-none-eabi/lib/thumb/v7e-m+fp/hard\libc_nano.a(lib_a-fwalk.o)
                0x000000000800b350                _fwalk_reent
 *fill*         0x000000000800b38e        0x2 
 .text._lseek_r
                0x000000000800b390       0x24 d:/stm32cubeide_1.9.0/stm32cubeide/plugins/com.st.stm32cube.ide.mcu.externaltools.gnu-tools-for-stm32.10.3-2021.10.win32_1.0.0.202111181127/tools/bin/../lib/gcc/arm-none-eabi/10.3.1/../../../../arm-none-eabi/lib/thumb/v7e-m+fp/hard\libc_nano.a(lib_a-lseekr.o)
                0x000000000800b390                _lseek_r
 .text.__swhatbuf_r
                0x000000000800b3b4       0x4a d:/stm32cubeide_1.9.0/stm32cubeide/plugins/com.st.stm32cube.ide.mcu.externaltools.gnu-tools-for-stm32.10.3-2021.10.win32_1.0.0.202111181127/tools/bin/../lib/gcc/arm-none-eabi/10.3.1/../../../../arm-none-eabi/lib/thumb/v7e-m+fp/hard\libc_nano.a(lib_a-makebuf.o)
                0x000000000800b3b4                __swhatbuf_r
 *fill*         0x000000000800b3fe        0x2 
 .text.__smakebuf_r
                0x000000000800b400       0x80 d:/stm32cubeide_1.9.0/stm32cubeide/plugins/com.st.stm32cube.ide.mcu.externaltools.gnu-tools-for-stm32.10.3-2021.10.win32_1.0.0.202111181127/tools/bin/../lib/gcc/arm-none-eabi/10.3.1/../../../../arm-none-eabi/lib/thumb/v7e-m+fp/hard\libc_nano.a(lib_a-makebuf.o)
                0x000000000800b400                __smakebuf_r
 .text.memcpy   0x000000000800b480       0x1c d:/stm32cubeide_1.9.0/stm32cubeide/plugins/com.st.stm32cube.ide.mcu.externaltools.gnu-tools-for-stm32.10.3-2021.10.win32_1.0.0.202111181127/tools/bin/../lib/gcc/arm-none-eabi/10.3.1/../../../../arm-none-eabi/lib/thumb/v7e-m+fp/hard\libc_nano.a(lib_a-memcpy-stub.o)
                0x000000000800b480                memcpy
 .text.memmove  0x000000000800b49c       0x34 d:/stm32cubeide_1.9.0/stm32cubeide/plugins/com.st.stm32cube.ide.mcu.externaltools.gnu-tools-for-stm32.10.3-2021.10.win32_1.0.0.202111181127/tools/bin/../lib/gcc/arm-none-eabi/10.3.1/../../../../arm-none-eabi/lib/thumb/v7e-m+fp/hard\libc_nano.a(lib_a-memmove.o)
                0x000000000800b49c                memmove
 .text._realloc_r
                0x000000000800b4d0       0x5e d:/stm32cubeide_1.9.0/stm32cubeide/plugins/com.st.stm32cube.ide.mcu.externaltools.gnu-tools-for-stm32.10.3-2021.10.win32_1.0.0.202111181127/tools/bin/../lib/gcc/arm-none-eabi/10.3.1/../../../../arm-none-eabi/lib/thumb/v7e-m+fp/hard\libc_nano.a(lib_a-nano-reallocr.o)
                0x000000000800b4d0                _realloc_r
 .text._sungetc_r
                0x000000000800b52e       0x7a d:/stm32cubeide_1.9.0/stm32cubeide/plugins/com.st.stm32cube.ide.mcu.externaltools.gnu-tools-for-stm32.10.3-2021.10.win32_1.0.0.202111181127/tools/bin/../lib/gcc/arm-none-eabi/10.3.1/../../../../arm-none-eabi/lib/thumb/v7e-m+fp/hard\libc_nano.a(lib_a-nano-svfscanf.o)
                0x000000000800b52e                _sungetc_r
 .text.__ssrefill_r
                0x000000000800b5a8       0x3a d:/stm32cubeide_1.9.0/stm32cubeide/plugins/com.st.stm32cube.ide.mcu.externaltools.gnu-tools-for-stm32.10.3-2021.10.win32_1.0.0.202111181127/tools/bin/../lib/gcc/arm-none-eabi/10.3.1/../../../../arm-none-eabi/lib/thumb/v7e-m+fp/hard\libc_nano.a(lib_a-nano-svfscanf.o)
                0x000000000800b5a8                __ssrefill_r
 *fill*         0x000000000800b5e2        0x2 
 .text.__ssvfscanf_r
                0x000000000800b5e4      0x2f0 d:/stm32cubeide_1.9.0/stm32cubeide/plugins/com.st.stm32cube.ide.mcu.externaltools.gnu-tools-for-stm32.10.3-2021.10.win32_1.0.0.202111181127/tools/bin/../lib/gcc/arm-none-eabi/10.3.1/../../../../arm-none-eabi/lib/thumb/v7e-m+fp/hard\libc_nano.a(lib_a-nano-svfscanf.o)
                0x000000000800b5e4                __ssvfiscanf_r
                0x000000000800b5e4                __ssvfscanf_r
 .text._scanf_chars
                0x000000000800b8d4       0xb4 d:/stm32cubeide_1.9.0/stm32cubeide/plugins/com.st.stm32cube.ide.mcu.externaltools.gnu-tools-for-stm32.10.3-2021.10.win32_1.0.0.202111181127/tools/bin/../lib/gcc/arm-none-eabi/10.3.1/../../../../arm-none-eabi/lib/thumb/v7e-m+fp/hard\libc_nano.a(lib_a-nano-vfscanf_i.o)
                0x000000000800b8d4                _scanf_chars
 .text._scanf_i
                0x000000000800b988      0x1f0 d:/stm32cubeide_1.9.0/stm32cubeide/plugins/com.st.stm32cube.ide.mcu.externaltools.gnu-tools-for-stm32.10.3-2021.10.win32_1.0.0.202111181127/tools/bin/../lib/gcc/arm-none-eabi/10.3.1/../../../../arm-none-eabi/lib/thumb/v7e-m+fp/hard\libc_nano.a(lib_a-nano-vfscanf_i.o)
                0x000000000800b988                _scanf_i
 .text._read_r  0x000000000800bb78       0x24 d:/stm32cubeide_1.9.0/stm32cubeide/plugins/com.st.stm32cube.ide.mcu.externaltools.gnu-tools-for-stm32.10.3-2021.10.win32_1.0.0.202111181127/tools/bin/../lib/gcc/arm-none-eabi/10.3.1/../../../../arm-none-eabi/lib/thumb/v7e-m+fp/hard\libc_nano.a(lib_a-readr.o)
                0x000000000800bb78                _read_r
 .text.__sccl   0x000000000800bb9c       0x70 d:/stm32cubeide_1.9.0/stm32cubeide/plugins/com.st.stm32cube.ide.mcu.externaltools.gnu-tools-for-stm32.10.3-2021.10.win32_1.0.0.202111181127/tools/bin/../lib/gcc/arm-none-eabi/10.3.1/../../../../arm-none-eabi/lib/thumb/v7e-m+fp/hard\libc_nano.a(lib_a-sccl.o)
                0x000000000800bb9c                __sccl
 .text._raise_r
                0x000000000800bc0c       0x50 d:/stm32cubeide_1.9.0/stm32cubeide/plugins/com.st.stm32cube.ide.mcu.externaltools.gnu-tools-for-stm32.10.3-2021.10.win32_1.0.0.202111181127/tools/bin/../lib/gcc/arm-none-eabi/10.3.1/../../../../arm-none-eabi/lib/thumb/v7e-m+fp/hard\libc_nano.a(lib_a-signal.o)
                0x000000000800bc0c                _raise_r
 .text.raise    0x000000000800bc5c       0x10 d:/stm32cubeide_1.9.0/stm32cubeide/plugins/com.st.stm32cube.ide.mcu.externaltools.gnu-tools-for-stm32.10.3-2021.10.win32_1.0.0.202111181127/tools/bin/../lib/gcc/arm-none-eabi/10.3.1/../../../../arm-none-eabi/lib/thumb/v7e-m+fp/hard\libc_nano.a(lib_a-signal.o)
                0x000000000800bc5c                raise
 .text._kill_r  0x000000000800bc6c       0x24 d:/stm32cubeide_1.9.0/stm32cubeide/plugins/com.st.stm32cube.ide.mcu.externaltools.gnu-tools-for-stm32.10.3-2021.10.win32_1.0.0.202111181127/tools/bin/../lib/gcc/arm-none-eabi/10.3.1/../../../../arm-none-eabi/lib/thumb/v7e-m+fp/hard\libc_nano.a(lib_a-signalr.o)
                0x000000000800bc6c                _kill_r
 .text._getpid_r
                0x000000000800bc90        0x4 d:/stm32cubeide_1.9.0/stm32cubeide/plugins/com.st.stm32cube.ide.mcu.externaltools.gnu-tools-for-stm32.10.3-2021.10.win32_1.0.0.202111181127/tools/bin/../lib/gcc/arm-none-eabi/10.3.1/../../../../arm-none-eabi/lib/thumb/v7e-m+fp/hard\libc_nano.a(lib_a-signalr.o)
                0x000000000800bc90                _getpid_r
 .text._strtol_l.constprop.0
                0x000000000800bc94      0x104 d:/stm32cubeide_1.9.0/stm32cubeide/plugins/com.st.stm32cube.ide.mcu.externaltools.gnu-tools-for-stm32.10.3-2021.10.win32_1.0.0.202111181127/tools/bin/../lib/gcc/arm-none-eabi/10.3.1/../../../../arm-none-eabi/lib/thumb/v7e-m+fp/hard\libc_nano.a(lib_a-strtol.o)
 .text._strtol_r
                0x000000000800bd98        0x4 d:/stm32cubeide_1.9.0/stm32cubeide/plugins/com.st.stm32cube.ide.mcu.externaltools.gnu-tools-for-stm32.10.3-2021.10.win32_1.0.0.202111181127/tools/bin/../lib/gcc/arm-none-eabi/10.3.1/../../../../arm-none-eabi/lib/thumb/v7e-m+fp/hard\libc_nano.a(lib_a-strtol.o)
                0x000000000800bd98                _strtol_r
 .text.__submore
                0x000000000800bd9c       0x74 d:/stm32cubeide_1.9.0/stm32cubeide/plugins/com.st.stm32cube.ide.mcu.externaltools.gnu-tools-for-stm32.10.3-2021.10.win32_1.0.0.202111181127/tools/bin/../lib/gcc/arm-none-eabi/10.3.1/../../../../arm-none-eabi/lib/thumb/v7e-m+fp/hard\libc_nano.a(lib_a-ungetc.o)
                0x000000000800bd9c                __submore
 .text._fstat_r
                0x000000000800be10       0x24 d:/stm32cubeide_1.9.0/stm32cubeide/plugins/com.st.stm32cube.ide.mcu.externaltools.gnu-tools-for-stm32.10.3-2021.10.win32_1.0.0.202111181127/tools/bin/../lib/gcc/arm-none-eabi/10.3.1/../../../../arm-none-eabi/lib/thumb/v7e-m+fp/hard\libc_nano.a(lib_a-fstatr.o)
                0x000000000800be10                _fstat_r
 .text._isatty_r
                0x000000000800be34       0x20 d:/stm32cubeide_1.9.0/stm32cubeide/plugins/com.st.stm32cube.ide.mcu.externaltools.gnu-tools-for-stm32.10.3-2021.10.win32_1.0.0.202111181127/tools/bin/../lib/gcc/arm-none-eabi/10.3.1/../../../../arm-none-eabi/lib/thumb/v7e-m+fp/hard\libc_nano.a(lib_a-isattyr.o)
                0x000000000800be34                _isatty_r
 .text._malloc_usable_size_r
                0x000000000800be54       0x10 d:/stm32cubeide_1.9.0/stm32cubeide/plugins/com.st.stm32cube.ide.mcu.externaltools.gnu-tools-for-stm32.10.3-2021.10.win32_1.0.0.202111181127/tools/bin/../lib/gcc/arm-none-eabi/10.3.1/../../../../arm-none-eabi/lib/thumb/v7e-m+fp/hard\libc_nano.a(lib_a-nano-msizer.o)
                0x000000000800be54                _malloc_usable_size_r
 *(.glue_7)
 .glue_7        0x000000000800be64        0x0 linker stubs
 *(.glue_7t)
 .glue_7t       0x000000000800be64        0x0 linker stubs
 *(.eh_frame)
 .eh_frame      0x000000000800be64        0x0 d:/stm32cubeide_1.9.0/stm32cubeide/plugins/com.st.stm32cube.ide.mcu.externaltools.gnu-tools-for-stm32.10.3-2021.10.win32_1.0.0.202111181127/tools/bin/../lib/gcc/arm-none-eabi/10.3.1/thumb/v7e-m+fp/hard/crtbegin.o
 *(.init)
 .init          0x000000000800be64        0x4 d:/stm32cubeide_1.9.0/stm32cubeide/plugins/com.st.stm32cube.ide.mcu.externaltools.gnu-tools-for-stm32.10.3-2021.10.win32_1.0.0.202111181127/tools/bin/../lib/gcc/arm-none-eabi/10.3.1/thumb/v7e-m+fp/hard/crti.o
                0x000000000800be64                _init