Archive member included to satisfy reference by file (symbol)

d:/stm32cubeide_1.9.0/stm32cubeide/plugins/com.st.stm32cube.ide.mcu.externaltools.gnu-tools-for-stm32.10.3-2021.10.win32_1.0.0.202111181127/tools/bin/../lib/gcc/arm-none-eabi/10.3.1/../../../../arm-none-eabi/lib/thumb/v7e-m+fp/hard\libc_nano.a(lib_a-errno.o)
                              ./Core/Src/syscalls.o (__errno)
d:/stm32cubeide_1.9.0/stm32cubeide/plugins/com.st.stm32cube.ide.mcu.externaltools.gnu-tools-for-stm32.10.3-2021.10.win32_1.0.0.202111181127/tools/bin/../lib/gcc/arm-none-eabi/10.3.1/../../../../arm-none-eabi/lib/thumb/v7e-m+fp/hard\libc_nano.a(lib_a-exit.o)
                              d:/stm32cubeide_1.9.0/stm32cubeide/plugins/com.st.stm32cube.ide.mcu.externaltools.gnu-tools-for-stm32.10.3-2021.10.win32_1.0.0.202111181127/tools/bin/../lib/gcc/arm-none-eabi/10.3.1/../../../../arm-none-eabi/lib/thumb/v7e-m+fp/hard/crt0.o (exit)
d:/stm32cubeide_1.9.0/stm32cubeide/plugins/com.st.stm32cube.ide.mcu.externaltools.gnu-tools-for-stm32.10.3-2021.10.win32_1.0.0.202111181127/tools/bin/../lib/gcc/arm-none-eabi/10.3.1/../../../../arm-none-eabi/lib/thumb/v7e-m+fp/hard\libc_nano.a(lib_a-impure.o)
                              d:/stm32cubeide_1.9.0/stm32cubeide/plugins/com.st.stm32cube.ide.mcu.externaltools.gnu-tools-for-stm32.10.3-2021.10.win32_1.0.0.202111181127/tools/bin/../lib/gcc/arm-none-eabi/10.3.1/../../../../arm-none-eabi/lib/thumb/v7e-m+fp/hard\libc_nano.a(lib_a-exit.o) (_global_impure_ptr)
d:/stm32cubeide_1.9.0/stm32cubeide/plugins/com.st.stm32cube.ide.mcu.externaltools.gnu-tools-for-stm32.10.3-2021.10.win32_1.0.0.202111181127/tools/bin/../lib/gcc/arm-none-eabi/10.3.1/../../../../arm-none-eabi/lib/thumb/v7e-m+fp/hard\libc_nano.a(lib_a-init.o)
                              d:/stm32cubeide_1.9.0/stm32cubeide/plugins/com.st.stm32cube.ide.mcu.externaltools.gnu-tools-for-stm32.10.3-2021.10.win32_1.0.0.202111181127/tools/bin/../lib/gcc/arm-none-eabi/10.3.1/../../../../arm-none-eabi/lib/thumb/v7e-m+fp/hard/crt0.o (__libc_init_array)
d:/stm32cubeide_1.9.0/stm32cubeide/plugins/com.st.stm32cube.ide.mcu.externaltools.gnu-tools-for-stm32.10.3-2021.10.win32_1.0.0.202111181127/tools/bin/../lib/gcc/arm-none-eabi/10.3.1/../../../../arm-none-eabi/lib/thumb/v7e-m+fp/hard\libc_nano.a(lib_a-lcltime.o)
                              ./Core/Lib/Src/timer_funs.o (localtime)
d:/stm32cubeide_1.9.0/stm32cubeide/plugins/com.st.stm32cube.ide.mcu.externaltools.gnu-tools-for-stm32.10.3-2021.10.win32_1.0.0.202111181127/tools/bin/../lib/gcc/arm-none-eabi/10.3.1/../../../../arm-none-eabi/lib/thumb/v7e-m+fp/hard\libc_nano.a(lib_a-lcltime_r.o)
                              d:/stm32cubeide_1.9.0/stm32cubeide/plugins/com.st.stm32cube.ide.mcu.externaltools.gnu-tools-for-stm32.10.3-2021.10.win32_1.0.0.202111181127/tools/bin/../lib/gcc/arm-none-eabi/10.3.1/../../../../arm-none-eabi/lib/thumb/v7e-m+fp/hard\libc_nano.a(lib_a-lcltime.o) (localtime_r)
d:/stm32cubeide_1.9.0/stm32cubeide/plugins/com.st.stm32cube.ide.mcu.externaltools.gnu-tools-for-stm32.10.3-2021.10.win32_1.0.0.202111181127/tools/bin/../lib/gcc/arm-none-eabi/10.3.1/../../../../arm-none-eabi/lib/thumb/v7e-m+fp/hard\libc_nano.a(lib_a-malloc.o)
                              d:/stm32cubeide_1.9.0/stm32cubeide/plugins/com.st.stm32cube.ide.mcu.externaltools.gnu-tools-for-stm32.10.3-2021.10.win32_1.0.0.202111181127/tools/bin/../lib/gcc/arm-none-eabi/10.3.1/../../../../arm-none-eabi/lib/thumb/v7e-m+fp/hard\libc_nano.a(lib_a-lcltime.o) (malloc)
d:/stm32cubeide_1.9.0/stm32cubeide/plugins/com.st.stm32cube.ide.mcu.externaltools.gnu-tools-for-stm32.10.3-2021.10.win32_1.0.0.202111181127/tools/bin/../lib/gcc/arm-none-eabi/10.3.1/../../../../arm-none-eabi/lib/thumb/v7e-m+fp/hard\libc_nano.a(lib_a-memset.o)
                              d:/stm32cubeide_1.9.0/stm32cubeide/plugins/com.st.stm32cube.ide.mcu.externaltools.gnu-tools-for-stm32.10.3-2021.10.win32_1.0.0.202111181127/tools/bin/../lib/gcc/arm-none-eabi/10.3.1/../../../../arm-none-eabi/lib/thumb/v7e-m+fp/hard/crt0.o (memset)
d:/stm32cubeide_1.9.0/stm32cubeide/plugins/com.st.stm32cube.ide.mcu.externaltools.gnu-tools-for-stm32.10.3-2021.10.win32_1.0.0.202111181127/tools/bin/../lib/gcc/arm-none-eabi/10.3.1/../../../../arm-none-eabi/lib/thumb/v7e-m+fp/hard\libc_nano.a(lib_a-mktime.o)
                              ./Core/Lib/Src/lcd_menu.o (mktime)
d:/stm32cubeide_1.9.0/stm32cubeide/plugins/com.st.stm32cube.ide.mcu.externaltools.gnu-tools-for-stm32.10.3-2021.10.win32_1.0.0.202111181127/tools/bin/../lib/gcc/arm-none-eabi/10.3.1/../../../../arm-none-eabi/lib/thumb/v7e-m+fp/hard\libc_nano.a(lib_a-month_lengths.o)
                              d:/stm32cubeide_1.9.0/stm32cubeide/plugins/com.st.stm32cube.ide.mcu.externaltools.gnu-tools-for-stm32.10.3-2021.10.win32_1.0.0.202111181127/tools/bin/../lib/gcc/arm-none-eabi/10.3.1/../../../../arm-none-eabi/lib/thumb/v7e-m+fp/hard\libc_nano.a(lib_a-lcltime_r.o) (__month_lengths)
[...]
Memory Configuration

Name             Origin             Length             Attributes
RAM              0x0000000020000000 0x0000000000040000 xrw
FLASH            0x0000000008000000 0x0000000000080000 xr
*default*        0x0000000000000000 0xffffffffffffffff

Linker script and memory map

LOAD d:/stm32cubeide_1.9.0/stm32cubeide/plugins/com.st.stm32cube.ide.mcu.externaltools.gnu-tools-for-stm32.10.3-2021.10.win32_1.0.0.202111181127/tools/bin/../lib/gcc/arm-none-eabi/10.3.1/thumb/v7e-m+fp/hard/crti.o
LOAD d:/stm32cubeide_1.9.0/stm32cubeide/plugins/com.st.stm32cube.ide.mcu.externaltools.gnu-tools-for-stm32.10.3-2021.10.win32_1.0.0.202111181127/tools/bin/../lib/gcc/arm-none-eabi/10.3.1/thumb/v7e-m+fp/hard/crtbegin.o
LOAD d:/stm32cubeide_1.9.0/stm32cubeide/plugins/com.st.stm32cube.ide.mcu.externaltools.gnu-tools-for-stm32.10.3-2021.10.win32_1.0.0.202111181127/tools/bin/../lib/gcc/arm-none-eabi/10.3.1/../../../../arm-none-eabi/lib/thumb/v7e-m+fp/hard/crt0.o
LOAD ./Core/Lib/Src/Potentiometer.o
LOAD ./Core/Lib/Src/RTC_Functions.o
LOAD ./Core/Lib/Src/button_control.o
LOAD ./Core/Lib/Src/dht11.o
LOAD ./Core/Lib/Src/esp32_dht11.o
LOAD ./Core/Lib/Src/fonts.o
LOAD ./Core/Lib/Src/lcd_menu.o
LOAD ./Core/Lib/Src/ssd1306.o
LOAD ./Core/Lib/Src/subContorl.o
LOAD ./Core/Lib/Src/timer_funs.o
LOAD ./Core/Lib/Src/timer_mode.o
LOAD ./Core/Src/alert_fs.o
LOAD ./Core/Src/g_var.o
LOAD ./Core/Src/main.o
LOAD ./Core/Src/show_clock.o
LOAD ./Core/Src/stm32f7xx_hal_msp.o
LOAD ./Core/Src/stm32f7xx_it.o
LOAD ./Core/Src/syscalls.o
LOAD ./Core/Src/sysmem.o
LOAD ./Core/Src/system_stm32f7xx.o
LOAD ./Core/Startup/startup_stm32f722zetx.o
LOAD ./Drivers/STM32F7xx_HAL_Driver/Src/stm32f7xx_hal.o
LOAD ./Drivers/STM32F7xx_HAL_Driver/Src/stm32f7xx_hal_adc.o
LOAD ./Drivers/STM32F7xx_HAL_Driver/Src/stm32f7xx_hal_adc_ex.o
LOAD ./Drivers/STM32F7xx_HAL_Driver/Src/stm32f7xx_hal_cortex.o
LOAD ./Drivers/STM32F7xx_HAL_Driver/Src/stm32f7xx_hal_dma.o
LOAD ./Drivers/STM32F7xx_HAL_Driver/Src/stm32f7xx_hal_dma_ex.o
LOAD ./Drivers/STM32F7xx_HAL_Driver/Src/stm32f7xx_hal_exti.o
LOAD ./Drivers/STM32F7xx_HAL_Driver/Src/stm32f7xx_hal_flash.o
LOAD ./Drivers/STM32F7xx_HAL_Driver/Src/stm32f7xx_hal_flash_ex.o
LOAD ./Drivers/STM32F7xx_HAL_Driver/Src/stm32f7xx_hal_gpio.o
LOAD ./Drivers/STM32F7xx_HAL_Driver/Src/stm32f7xx_hal_i2c.o
LOAD ./Drivers/STM32F7xx_HAL_Driver/Src/stm32f7xx_hal_i2c_ex.o
LOAD ./Drivers/STM32F7xx_HAL_Driver/Src/stm32f7xx_hal_pcd.o
LOAD ./Drivers/STM32F7xx_HAL_Driver/Src/stm32f7xx_hal_pcd_ex.o
LOAD ./Drivers/STM32F7xx_HAL_Driver/Src/stm32f7xx_hal_pwr.o
LOAD ./Drivers/STM32F7xx_HAL_Driver/Src/stm32f7xx_hal_pwr_ex.o
LOAD ./Drivers/STM32F7xx_HAL_Driver/Src/stm32f7xx_hal_rcc.o
LOAD ./Drivers/STM32F7xx_HAL_Driver/Src/stm32f7xx_hal_rcc_ex.o
LOAD ./Drivers/STM32F7xx_HAL_Driver/Src/stm32f7xx_hal_rtc.o
LOAD ./Drivers/STM32F7xx_HAL_Driver/Src/stm32f7xx_hal_rtc_ex.o
LOAD ./Drivers/STM32F7xx_HAL_Driver/Src/stm32f7xx_hal_tim.o
LOAD ./Drivers/STM32F7xx_HAL_Driver/Src/stm32f7xx_hal_tim_ex.o
LOAD ./Drivers/STM32F7xx_HAL_Driver/Src/stm32f7xx_hal_uart.o
LOAD ./Drivers/STM32F7xx_HAL_Driver/Src/stm32f7xx_hal_uart_ex.o
LOAD ./Drivers/STM32F7xx_HAL_Driver/Src/stm32f7xx_ll_usb.o
START GROUP
LOAD d:/stm32cubeide_1.9.0/stm32cubeide/plugins/com.st.stm32cube.ide.mcu.externaltools.gnu-tools-for-stm32.10.3-2021.10.win32_1.0.0.202111181127/tools/bin/../lib/gcc/arm-none-eabi/10.3.1/../../../../arm-none-eabi/lib/thumb/v7e-m+fp/hard\libc_nano.a
LOAD d:/stm32cubeide_1.9.0/stm32cubeide/plugins/com.st.stm32cube.ide.mcu.externaltools.gnu-tools-for-stm32.10.3-2021.10.win32_1.0.0.202111181127/tools/bin/../lib/gcc/arm-none-eabi/10.3.1/../../../../arm-none-eabi/lib/thumb/v7e-m+fp/hard\libm.a
END GROUP
START GROUP
LOAD d:/stm32cubeide_1.9.0/stm32cubeide/plugins/com.st.stm32cube.ide.mcu.externaltools.gnu-tools-for-stm32.10.3-2021.10.win32_1.0.0.202111181127/tools/bin/../lib/gcc/arm-none-eabi/10.3.1/thumb/v7e-m+fp/hard\libgcc.a
LOAD d:/stm32cubeide_1.9.0/stm32cubeide/plugins/com.st.stm32cube.ide.mcu.externaltools.gnu-tools-for-stm32.10.3-2021.10.win32_1.0.0.202111181127/tools/bin/../lib/gcc/arm-none-eabi/10.3.1/../../../../arm-none-eabi/lib/thumb/v7e-m+fp/hard\libc_nano.a
END GROUP
START GROUP
LOAD d:/stm32cubeide_1.9.0/stm32cubeide/plugins/com.st.stm32cube.ide.mcu.externaltools.gnu-tools-for-stm32.10.3-2021.10.win32_1.0.0.202111181127/tools/bin/../lib/gcc/arm-none-eabi/10.3.1/thumb/v7e-m+fp/hard\libgcc.a
LOAD d:/stm32cubeide_1.9.0/stm32cubeide/plugins/com.st.stm32cube.ide.mcu.externaltools.gnu-tools-for-stm32.10.3-2021.10.win32_1.0.0.202111181127/tools/bin/../lib/gcc/arm-none-eabi/10.3.1/../../../../arm-none-eabi/lib/thumb/v7e-m+fp/hard\libc_nano.a
LOAD d:/stm32cubeide_1.9.0/stm32cubeide/plugins/com.st.stm32cube.ide.mcu.externaltools.gnu-tools-for-stm32.10.3-2021.10.win32_1.0.0.202111181127/tools/bin/../lib/gcc/arm-none-eabi/10.3.1/../../../../arm-none-eabi/lib/thumb/v7e-m+fp/hard\libnosys.a
END GROUP
START GROUP
LOAD d:/stm32cubeide_1.9.0/stm32cubeide/plugins/com.st.stm32cube.ide.mcu.externaltools.gnu-tools-for-stm32.10.3-2021.10.win32_1.0.0.202111181127/tools/bin/../lib/gcc/arm-none-eabi/10.3.1/thumb/v7e-m+fp/hard\libgcc.a
LOAD d:/stm32cubeide_1.9.0/stm32cubeide/plugins/com.st.stm32cube.ide.mcu.externaltools.gnu-tools-for-stm32.10.3-2021.10.win32_1.0.0.202111181127/tools/bin/../lib/gcc/arm-none-eabi/10.3.1/../../../../arm-none-eabi/lib/thumb/v7e-m+fp/hard\libc_nano.a
LOAD d:/stm32cubeide_1.9.0/stm32cubeide/plugins/com.st.stm32cube.ide.mcu.externaltools.gnu-tools-for-stm32.10.3-2021.10.win32_1.0.0.202111181127/tools/bin/../lib/gcc/arm-none-eabi/10.3.1/../../../../arm-none-eabi/lib/thumb/v7e-m+fp/hard\libnosys.a
END GROUP
LOAD d:/stm32cubeide_1.9.0/stm32cubeide/plugins/com.st.stm32cube.ide.mcu.externaltools.gnu-tools-for-stm32.10.3-2021.10.win32_1.0.0.202111181127/tools/bin/../lib/gcc/arm-none-eabi/10.3.1/thumb/v7e-m+fp/hard/crtend.o
LOAD d:/stm32cubeide_1.9.0/stm32cubeide/plugins/com.st.stm32cube.ide.mcu.externaltools.gnu-tools-for-stm32.10.3-2021.10.win32_1.0.0.202111181127/tools/bin/../lib/gcc/arm-none-eabi/10.3.1/thumb/v7e-m+fp/hard/crtn.o
                0x0000000020040000                _estack = (ORIGIN (RAM) + LENGTH (RAM))
                0x0000000000000200                _Min_Heap_Size = 0x200
                0x0000000000000400                _Min_Stack_Size = 0x400

.isr_vector     0x0000000008000000      0x1e0
                0x0000000008000000                . = ALIGN (0x4)
 *(.isr_vector)
 .isr_vector    0x0000000008000000      0x1e0 ./Core/Startup/startup_stm32f722zetx.o
                0x0000000008000000                g_pfnVectors
                0x00000000080001e0                . = ALIGN (0x4)

.text           0x00000000080001e0     0xbca0
                0x00000000080001e0                . = ALIGN (0x4)
 *(.text)
 .text          0x00000000080001e0       0x40 d:/stm32cubeide_1.9.0/stm32cubeide/plugins/com.st.stm32cube.ide.mcu.externaltools.gnu-tools-for-stm32.10.3-2021.10.win32_1.0.0.202111181127/tools/bin/../lib/gcc/arm-none-eabi/10.3.1/thumb/v7e-m+fp/hard/crtbegin.o
 .text          0x0000000008000220       0x10 d:/stm32cubeide_1.9.0/stm32cubeide/plugins/com.st.stm32cube.ide.mcu.externaltools.gnu-tools-for-stm32.10.3-2021.10.win32_1.0.0.202111181127/tools/bin/../lib/gcc/arm-none-eabi/10.3.1/../../../../arm-none-eabi/lib/thumb/v7e-m+fp/hard\libc_nano.a(lib_a-strlen.o)
                0x0000000008000220                strlen
 .text          0x0000000008000230       0x14 d:/stm32cubeide_1.9.0/stm32cubeide/plugins/com.st.stm32cube.ide.mcu.externaltools.gnu-tools-for-stm32.10.3-2021.10.win32_1.0.0.202111181127/tools/bin/../lib/gcc/arm-none-eabi/10.3.1/../../../../arm-none-eabi/lib/thumb/v7e-m+fp/hard\libc_nano.a(lib_a-strcmp.o)
                0x0000000008000230                strcmp
 *fill*         0x0000000008000244        0xc 
 .text          0x0000000008000250       0xa0 d:/stm32cubeide_1.9.0/stm32cubeide/plugins/com.st.stm32cube.ide.mcu.externaltools.gnu-tools-for-stm32.10.3-2021.10.win32_1.0.0.202111181127/tools/bin/../lib/gcc/arm-none-eabi/10.3.1/../../../../arm-none-eabi/lib/thumb/v7e-m+fp/hard\libc_nano.a(lib_a-memchr.o)
                0x0000000008000250                memchr
 .text          0x00000000080002f0       0xa0 d:/stm32cubeide_1.9.0/stm32cubeide/plugins/com.st.stm32cube.ide.mcu.externaltools.gnu-tools-for-stm32.10.3-2021.10.win32_1.0.0.202111181127/tools/bin/../lib/gcc/arm-none-eabi/10.3.1/thumb/v7e-m+fp/hard\libgcc.a(_aeabi_ldivmod.o)
                0x00000000080002f0                __aeabi_ldivmod
 .text          0x0000000008000390       0x30 d:/stm32cubeide_1.9.0/stm32cubeide/plugins/com.st.stm32cube.ide.mcu.externaltools.gnu-tools-for-stm32.10.3-2021.10.win32_1.0.0.202111181127/tools/bin/../lib/gcc/arm-none-eabi/10.3.1/thumb/v7e-m+fp/hard\libgcc.a(_aeabi_uldivmod.o)
                0x0000000008000390                __aeabi_uldivmod
 .text          0x00000000080003c0      0x2d0 d:/stm32cubeide_1.9.0/stm32cubeide/plugins/com.st.stm32cube.ide.mcu.externaltools.gnu-tools-for-stm32.10.3-2021.10.win32_1.0.0.202111181127/tools/bin/../lib/gcc/arm-none-eabi/10.3.1/thumb/v7e-m+fp/hard\libgcc.a(_udivmoddi4.o)
                0x00000000080003c0                __udivmoddi4
 .text          0x0000000008000690        0x4 d:/stm32cubeide_1.9.0/stm32cubeide/plugins/com.st.stm32cube.ide.mcu.externaltools.gnu-tools-for-stm32.10.3-2021.10.win32_1.0.0.202111181127/tools/bin/../lib/gcc/arm-none-eabi/10.3.1/thumb/v7e-m+fp/hard\libgcc.a(_dvmd_tls.o)
                0x0000000008000690                __aeabi_idiv0
                0x0000000008000690                __aeabi_ldiv0
 *(.text*)
 .text.init_PotentioMeter
                0x0000000008000694       0x20 ./Core/Lib/Src/Potentiometer.o
                0x0000000008000694                init_PotentioMeter
 .text.mapping_adc
                0x00000000080006b4       0x34 ./Core/Lib/Src/Potentiometer.o
                0x00000000080006b4                mapping_adc
 .text.set_Hour
                0x00000000080006e8       0x84 ./Core/Lib/Src/Potentiometer.o
                0x00000000080006e8                set_Hour
 .text.set_Minute
                0x000000000800076c       0x94 ./Core/Lib/Src/Potentiometer.o
                0x000000000800076c                set_Minute
 .text.set_Second
                0x0000000008000800       0x6c ./Core/Lib/Src/Potentiometer.o
                0x0000000008000800                set_Second
 .text.set_Calender
                0x000000000800086c       0xec ./Core/Lib/Src/Potentiometer.o
                0x000000000800086c                set_Calender
 .text.cal_Second
                0x0000000008000958       0x58 ./Core/Lib/Src/Potentiometer.o
                0x0000000008000958                cal_Second
 .text.update_timer
                0x00000000080009b0       0x50 ./Core/Lib/Src/Potentiometer.o
                0x00000000080009b0                update_timer
 .text.init_rtc
                0x0000000008000a00       0x20 ./Core/Lib/Src/RTC_Functions.o
                0x0000000008000a00                init_rtc
 .text.check_RTC
                0x0000000008000a20       0x94 ./Core/Lib/Src/RTC_Functions.o
                0x0000000008000a20                check_RTC
 .text.get_Alarm
                0x0000000008000ab4       0x74 ./Core/Lib/Src/RTC_Functions.o
                0x0000000008000ab4                get_Alarm
 .text.set_Alarm
                0x0000000008000b28       0x48 ./Core/Lib/Src/RTC_Functions.o
                0x0000000008000b28                set_Alarm
 .text.BackupTimeToRTC
                0x0000000008000b70       0x4c ./Core/Lib/Src/RTC_Functions.o
                0x0000000008000b70                BackupTimeToRTC
 .text.RestoreTimeFromRTC
                0x0000000008000bbc       0x64 ./Core/Lib/Src/RTC_Functions.o
                0x0000000008000bbc                RestoreTimeFromRTC
 .text.main_Check
                0x0000000008000c20       0xfc ./Core/Lib/Src/button_control.o
                0x0000000008000c20                main_Check
 .text.sel_Pos_control
                0x0000000008000d1c       0xc4 ./Core/Lib/Src/button_control.o
                0x0000000008000d1c                sel_Pos_control
 .text.sub_Menu
                0x0000000008000de0       0x36 ./Core/Lib/Src/button_control.o
                0x0000000008000de0                sub_Menu
 *fill*         0x0000000008000e16        0x2 
 .text.judge_timer
                0x0000000008000e18       0x38 ./Core/Lib/Src/button_control.o
                0x0000000008000e18                judge_timer
 .text.init_dht11
                0x0000000008000e50       0x3c ./Core/Lib/Src/dht11.o
                0x0000000008000e50                init_dht11
 .text.set_dht11_gpio_mode
                0x0000000008000e8c       0x78 ./Core/Lib/Src/dht11.o
                0x0000000008000e8c                set_dht11_gpio_mode
 .text.readDHT11
                0x0000000008000f04      0x31c ./Core/Lib/Src/dht11.o
                0x0000000008000f04                readDHT11
 .text.getCurrentDHTTemper
                0x0000000008001220       0x20 ./Core/Lib/Src/dht11.o
                0x0000000008001220                getCurrentDHTTemper
 .text.getCurrentDHTHud
                0x0000000008001240       0x20 ./Core/Lib/Src/dht11.o
                0x0000000008001240                getCurrentDHTHud
 .text.check_send
                0x0000000008001260       0x50 ./Core/Lib/Src/esp32_dht11.o
                0x0000000008001260                check_send
 .text.set_send_cnt
                0x00000000080012b0       0x40 ./Core/Lib/Src/esp32_dht11.o
                0x00000000080012b0                set_send_cnt
 .text.send_esp32
                0x00000000080012f0       0x68 ./Core/Lib/Src/esp32_dht11.o
                0x00000000080012f0                send_esp32
 .text.opening  0x0000000008001358       0x90 ./Core/Lib/Src/lcd_menu.o
                0x0000000008001358                opening
 .text.printCalender
                0x00000000080013e8      0x130 ./Core/Lib/Src/lcd_menu.o
                0x00000000080013e8                printCalender
 .text.printDefault
                0x0000000008001518       0xb4 ./Core/Lib/Src/lcd_menu.o
                0x0000000008001518                printDefault
 .text.printClock
                0x00000000080015cc      0x144 ./Core/Lib/Src/lcd_menu.o
                0x00000000080015cc                printClock
 .text.printDht
                0x0000000008001710       0x84 ./Core/Lib/Src/lcd_menu.o
                0x0000000008001710                printDht
 .text.print_Set_time
                0x0000000008001794      0x140 ./Core/Lib/Src/lcd_menu.o
                0x0000000008001794                print_Set_time
 .text.toggleScreen
                0x00000000080018d4        0xc ./Core/Lib/Src/lcd_menu.o
                0x00000000080018d4                toggleScreen
 .text.menuSelect
                0x00000000080018e0       0xf4 ./Core/Lib/Src/lcd_menu.o
                0x00000000080018e0                menuSelect
 .text.timer_cancle_lcd
                0x00000000080019d4       0x6c ./Core/Lib/Src/lcd_menu.o
                0x00000000080019d4                timer_cancle_lcd
 .text.timer_lcd
                0x0000000008001a40       0x7c ./Core/Lib/Src/lcd_menu.o
                0x0000000008001a40                timer_lcd
 .text.n_timer_show
                0x0000000008001abc       0xc8 ./Core/Lib/Src/lcd_menu.o
                0x0000000008001abc                n_timer_show
 .text.n_alarm_show
                0x0000000008001b84       0x30 ./Core/Lib/Src/lcd_menu.o
                0x0000000008001b84                n_alarm_show
 .text.n_modify_show
                0x0000000008001bb4       0x30 ./Core/Lib/Src/lcd_menu.o
                0x0000000008001bb4                n_modify_show
 .text.check_timer_lcd
                0x0000000008001be4       0xcc ./Core/Lib/Src/lcd_menu.o
                0x0000000008001be4                check_timer_lcd
 .text.check_alarm_change_lcd
                0x0000000008001cb0      0x17c ./Core/Lib/Src/lcd_menu.o
                0x0000000008001cb0                check_alarm_change_lcd
 .text.check_alarm_lcd
                0x0000000008001e2c       0x30 ./Core/Lib/Src/lcd_menu.o
                0x0000000008001e2c                check_alarm_lcd
 .text.alarm_lcd
                0x0000000008001e5c       0x7c ./Core/Lib/Src/lcd_menu.o
                0x0000000008001e5c                alarm_lcd
 .text.check_modify_lcd
                0x0000000008001ed8       0x30 ./Core/Lib/Src/lcd_menu.o
                0x0000000008001ed8                check_modify_lcd
 .text.SSD1306_Init
                0x0000000008001f08      0x188 ./Core/Lib/Src/ssd1306.o
                0x0000000008001f08                SSD1306_Init
 .text.SSD1306_UpdateScreen
                0x0000000008002090       0x5c ./Core/Lib/Src/ssd1306.o
                0x0000000008002090                SSD1306_UpdateScreen
 .text.SSD1306_Fill
                0x00000000080020ec       0x30 ./Core/Lib/Src/ssd1306.o
                0x00000000080020ec                SSD1306_Fill
 .text.SSD1306_DrawPixel
                0x000000000800211c       0xc0 ./Core/Lib/Src/ssd1306.o
                0x000000000800211c                SSD1306_DrawPixel
 .text.SSD1306_GotoXY
                0x00000000080021dc       0x2c ./Core/Lib/Src/ssd1306.o
                0x00000000080021dc                SSD1306_GotoXY
 .text.SSD1306_Putc
                0x0000000008002208      0x100 ./Core/Lib/Src/ssd1306.o
                0x0000000008002208                SSD1306_Putc
 .text.SSD1306_Puts
                0x0000000008002308       0x4a ./Core/Lib/Src/ssd1306.o
                0x0000000008002308                SSD1306_Puts
 .text.SSD1306_Clear
                0x0000000008002352       0x12 ./Core/Lib/Src/ssd1306.o
                0x0000000008002352                SSD1306_Clear
 .text.ssd1306_I2C_Init
                0x0000000008002364       0x2c ./Core/Lib/Src/ssd1306.o
                0x0000000008002364                ssd1306_I2C_Init
 .text.ssd1306_I2C_WriteMulti
                0x0000000008002390       0xcc ./Core/Lib/Src/ssd1306.o
                0x0000000008002390                ssd1306_I2C_WriteMulti
 .text.ssd1306_I2C_Write
                0x000000000800245c       0x3c ./Core/Lib/Src/ssd1306.o
                0x000000000800245c                ssd1306_I2C_Write
 .text.handleButtonPress
                0x0000000008002498       0x8c ./Core/Lib/Src/subContorl.o
                0x0000000008002498                handleButtonPress
 .text.processTimerMinute
                0x0000000008002524       0x2c ./Core/Lib/Src/subContorl.o
                0x0000000008002524                processTimerMinute
 .text.processTimerSecond
                0x0000000008002550       0x2c ./Core/Lib/Src/subContorl.o
                0x0000000008002550                processTimerSecond
 .text.processTimerReview
                0x000000000800257c       0x44 ./Core/Lib/Src/subContorl.o
                0x000000000800257c                processTimerReview
 .text.processAlarmChangeCheck
                0x00000000080025c0       0x28 ./Core/Lib/Src/subContorl.o
                0x00000000080025c0                processAlarmChangeCheck
 .text.processAlarmHour
                0x00000000080025e8       0x54 ./Core/Lib/Src/subContorl.o
                0x00000000080025e8                processAlarmHour
 .text.processAlarmMinute
                0x000000000800263c       0x54 ./Core/Lib/Src/subContorl.o
                0x000000000800263c                processAlarmMinute
 .text.processAlarmReview
                0x0000000008002690       0x18 ./Core/Lib/Src/subContorl.o
                0x0000000008002690                processAlarmReview
 .text.processAlarmFinalization
                0x00000000080026a8       0x4c ./Core/Lib/Src/subContorl.o
                0x00000000080026a8                processAlarmFinalization
 .text.processModifyCalender
                0x00000000080026f4       0x22 ./Core/Lib/Src/subContorl.o
                0x00000000080026f4                processModifyCalender
 .text.processModifyCheck
                0x0000000008002716       0x1c ./Core/Lib/Src/subContorl.o
                0x0000000008002716                processModifyCheck
 *fill*         0x0000000008002732        0x2 
 .text.processModifyFinalization
                0x0000000008002734       0x58 ./Core/Lib/Src/subContorl.o
                0x0000000008002734                processModifyFinalization
 .text.timer_Process
                0x000000000800278c       0x34 ./Core/Lib/Src/subContorl.o
                0x000000000800278c                timer_Process
 .text.alarm_Process
                0x00000000080027c0       0x6c ./Core/Lib/Src/subContorl.o
                0x00000000080027c0                alarm_Process
 .text.modify_Process
                0x000000000800282c       0x70 ./Core/Lib/Src/subContorl.o
                0x000000000800282c                modify_Process
 .text.init_timer_funs
                0x000000000800289c       0x28 ./Core/Lib/Src/timer_funs.o
                0x000000000800289c                init_timer_funs
 .text.update_clock_value
                0x00000000080028c4       0x2c ./Core/Lib/Src/timer_funs.o
                0x00000000080028c4                update_clock_value
 .text.set_tm_strut
                0x00000000080028f0       0x44 ./Core/Lib/Src/timer_funs.o
                0x00000000080028f0                set_tm_strut
 .text.get_RTC_Time_t
                0x0000000008002934       0x1c ./Core/Lib/Src/timer_funs.o
                0x0000000008002934                get_RTC_Time_t
 .text.set_RTC_Time_t
                0x0000000008002950       0x1c ./Core/Lib/Src/timer_funs.o
                0x0000000008002950                set_RTC_Time_t
 .text.convert_time_t
                0x000000000800296c       0x20 ./Core/Lib/Src/timer_funs.o
                0x000000000800296c                convert_time_t
 .text.convert_tm
                0x000000000800298c       0x2c ./Core/Lib/Src/timer_funs.o
                0x000000000800298c                convert_tm
 .text.get_struct_tm
                0x00000000080029b8       0x2c ./Core/Lib/Src/timer_funs.o
                0x00000000080029b8                get_struct_tm
 .text.set_time_t
                0x00000000080029e4       0x2c ./Core/Lib/Src/timer_funs.o
                0x00000000080029e4                set_time_t
 .text.getMode  0x0000000008002a10       0x18 ./Core/Lib/Src/timer_mode.o
                0x0000000008002a10                getMode
 .text.setMode  0x0000000008002a28       0x20 ./Core/Lib/Src/timer_mode.o
                0x0000000008002a28                setMode
 .text.getTimerState
                0x0000000008002a48       0x18 ./Core/Lib/Src/timer_mode.o
                0x0000000008002a48                getTimerState
 .text.setTimerState
                0x0000000008002a60       0x20 ./Core/Lib/Src/timer_mode.o
                0x0000000008002a60                setTimerState
 .text.getAlarmState
                0x0000000008002a80       0x18 ./Core/Lib/Src/timer_mode.o
                0x0000000008002a80                getAlarmState
 .text.setAlarmState
                0x0000000008002a98       0x20 ./Core/Lib/Src/timer_mode.o
                0x0000000008002a98                setAlarmState
 .text.getTimerCompleted
                0x0000000008002ab8       0x18 ./Core/Lib/Src/timer_mode.o
                0x0000000008002ab8                getTimerCompleted
 .text.setTimerCompleted
                0x0000000008002ad0       0x20 ./Core/Lib/Src/timer_mode.o
                0x0000000008002ad0                setTimerCompleted
 .text.getAlarmCompleted
                0x0000000008002af0       0x18 ./Core/Lib/Src/timer_mode.o
                0x0000000008002af0                getAlarmCompleted
 .text.setAlarmCompleted
                0x0000000008002b08       0x20 ./Core/Lib/Src/timer_mode.o
                0x0000000008002b08                setAlarmCompleted
 .text.setCompleted
                0x0000000008002b28       0x24 ./Core/Lib/Src/timer_mode.o
                0x0000000008002b28                setCompleted
 .text.getnHour
                0x0000000008002b4c       0x18 ./Core/Lib/Src/timer_mode.o
                0x0000000008002b4c                getnHour
 .text.setnHour
                0x0000000008002b64       0x28 ./Core/Lib/Src/timer_mode.o
                0x0000000008002b64                setnHour
 .text.getnMinute
                0x0000000008002b8c       0x18 ./Core/Lib/Src/timer_mode.o
                0x0000000008002b8c                getnMinute
 .text.setnMinute
                0x0000000008002ba4       0x20 ./Core/Lib/Src/timer_mode.o
                0x0000000008002ba4                setnMinute
 .text.getnSecond
                0x0000000008002bc4       0x18 ./Core/Lib/Src/timer_mode.o
                0x0000000008002bc4                getnSecond
 .text.setnSecond
                0x0000000008002bdc       0x20 ./Core/Lib/Src/timer_mode.o
                0x0000000008002bdc                setnSecond
 .text.getnYear
                0x0000000008002bfc       0x18 ./Core/Lib/Src/timer_mode.o
                0x0000000008002bfc                getnYear
 .text.setnYear
                0x0000000008002c14       0x20 ./Core/Lib/Src/timer_mode.o
                0x0000000008002c14                setnYear
 .text.getnMonth
                0x0000000008002c34       0x18 ./Core/Lib/Src/timer_mode.o
                0x0000000008002c34                getnMonth
 .text.setnMonth
                0x0000000008002c4c       0x20 ./Core/Lib/Src/timer_mode.o
                0x0000000008002c4c                setnMonth
 .text.getnDay  0x0000000008002c6c       0x18 ./Core/Lib/Src/timer_mode.o
                0x0000000008002c6c                getnDay
 .text.setnDay  0x0000000008002c84       0x20 ./Core/Lib/Src/timer_mode.o
                0x0000000008002c84                setnDay
 .text.getPos   0x0000000008002ca4       0x18 ./Core/Lib/Src/timer_mode.o
                0x0000000008002ca4                getPos
 .text.setPos   0x0000000008002cbc       0x34 ./Core/Lib/Src/timer_mode.o
                0x0000000008002cbc                setPos
 .text.start_Boozer
                0x0000000008002cf0       0x34 ./Core/Src/alert_fs.o
                0x0000000008002cf0                start_Boozer
 .text.end_Boozer
                0x0000000008002d24       0x40 ./Core/Src/alert_fs.o
                0x0000000008002d24                end_Boozer
 .text.check_Alarm
                0x0000000008002d64       0x50 ./Core/Src/alert_fs.o
                0x0000000008002d64                check_Alarm
 .text.main     0x0000000008002db4       0x88 ./Core/Src/main.o
                0x0000000008002db4                main
 .text.SystemClock_Config
                0x0000000008002e3c       0xd8 ./Core/Src/main.o
                0x0000000008002e3c                SystemClock_Config
 .text.MX_ADC3_Init
                0x0000000008002f14       0xa4 ./Core/Src/main.o
 .text.MX_I2C1_Init
                0x0000000008002fb8       0x80 ./Core/Src/main.o
 .text.MX_RTC_Init
                0x0000000008003038       0x60 ./Core/Src/main.o
 .text.MX_TIM3_Init
                0x0000000008003098       0xa0 ./Core/Src/main.o
 .text.MX_TIM4_Init
                0x0000000008003138       0xb8 ./Core/Src/main.o
 .text.MX_TIM6_Init
                0x00000000080031f0       0x6c ./Core/Src/main.o
 .text.MX_USART3_UART_Init
                0x000000000800325c       0x60 ./Core/Src/main.o
 .text.MX_USART6_UART_Init
                0x00000000080032bc       0x60 ./Core/Src/main.o
 .text.MX_USB_OTG_FS_PCD_Init
                0x000000000800331c       0x5c ./Core/Src/main.o
 .text.MX_GPIO_Init
                0x0000000008003378      0x1b0 ./Core/Src/main.o
 .text.Error_Handler
                0x0000000008003528        0xa ./Core/Src/main.o
                0x0000000008003528                Error_Handler
 *fill*         0x0000000008003532        0x2 
 .text.HAL_MspInit
                0x0000000008003534       0x48 ./Core/Src/stm32f7xx_hal_msp.o
                0x0000000008003534                HAL_MspInit
 .text.HAL_ADC_MspInit
                0x000000000800357c       0x80 ./Core/Src/stm32f7xx_hal_msp.o
                0x000000000800357c                HAL_ADC_MspInit
 .text.HAL_I2C_MspInit
                0x00000000080035fc       0xc0 ./Core/Src/stm32f7xx_hal_msp.o
                0x00000000080035fc                HAL_I2C_MspInit
 .text.HAL_RTC_MspInit
                0x00000000080036bc       0x5c ./Core/Src/stm32f7xx_hal_msp.o
                0x00000000080036bc                HAL_RTC_MspInit
 .text.HAL_TIM_Base_MspInit
                0x0000000008003718       0x74 ./Core/Src/stm32f7xx_hal_msp.o
                0x0000000008003718                HAL_TIM_Base_MspInit
 .text.HAL_TIM_PWM_MspInit
                0x000000000800378c       0x40 ./Core/Src/stm32f7xx_hal_msp.o
                0x000000000800378c                HAL_TIM_PWM_MspInit
 .text.HAL_TIM_MspPostInit
                0x00000000080037cc       0x70 ./Core/Src/stm32f7xx_hal_msp.o
                0x00000000080037cc                HAL_TIM_MspPostInit
 .text.HAL_UART_MspInit
                0x000000000800383c      0x14c ./Core/Src/stm32f7xx_hal_msp.o
                0x000000000800383c                HAL_UART_MspInit
 .text.HAL_PCD_MspInit
                0x0000000008003988       0xf4 ./Core/Src/stm32f7xx_hal_msp.o
                0x0000000008003988                HAL_PCD_MspInit
 .text.NMI_Handler
                0x0000000008003a7c        0x6 ./Core/Src/stm32f7xx_it.o
                0x0000000008003a7c                NMI_Handler
 .text.HardFault_Handler
                0x0000000008003a82        0x6 ./Core/Src/stm32f7xx_it.o
                0x0000000008003a82                HardFault_Handler
 .text.MemManage_Handler
                0x0000000008003a88        0x6 ./Core/Src/stm32f7xx_it.o
                0x0000000008003a88                MemManage_Handler
 .text.BusFault_Handler
                0x0000000008003a8e        0x6 ./Core/Src/stm32f7xx_it.o
                0x0000000008003a8e                BusFault_Handler
 .text.UsageFault_Handler
                0x0000000008003a94        0x6 ./Core/Src/stm32f7xx_it.o
                0x0000000008003a94                UsageFault_Handler
 .text.SVC_Handler
                0x0000000008003a9a        0xe ./Core/Src/stm32f7xx_it.o
                0x0000000008003a9a                SVC_Handler
 .text.DebugMon_Handler
                0x0000000008003aa8        0xe ./Core/Src/stm32f7xx_it.o
                0x0000000008003aa8                DebugMon_Handler
 .text.PendSV_Handler
                0x0000000008003ab6        0xe ./Core/Src/stm32f7xx_it.o
                0x0000000008003ab6                PendSV_Handler
 .text.SysTick_Handler
                0x0000000008003ac4        0xc ./Core/Src/stm32f7xx_it.o
                0x0000000008003ac4                SysTick_Handler
 .text.TIM3_IRQHandler
                0x0000000008003ad0       0xb4 ./Core/Src/stm32f7xx_it.o
                0x0000000008003ad0                TIM3_IRQHandler
 .text.EXTI15_10_IRQHandler
                0x0000000008003b84       0xd0 ./Core/Src/stm32f7xx_it.o
                0x0000000008003b84                EXTI15_10_IRQHandler
 .text._getpid  0x0000000008003c54       0x10 ./Core/Src/syscalls.o
                0x0000000008003c54                _getpid
 .text._kill    0x0000000008003c64       0x20 ./Core/Src/syscalls.o
                0x0000000008003c64                _kill
 .text._exit    0x0000000008003c84       0x14 ./Core/Src/syscalls.o
                0x0000000008003c84                _exit
 .text._read    0x0000000008003c98       0x3a ./Core/Src/syscalls.o
                0x0000000008003c98                _read
 .text._write   0x0000000008003cd2       0x38 ./Core/Src/syscalls.o
                0x0000000008003cd2                _write
 .text._close   0x0000000008003d0a       0x18 ./Core/Src/syscalls.o
                0x0000000008003d0a                _close
 .text._fstat   0x0000000008003d22       0x20 ./Core/Src/syscalls.o
                0x0000000008003d22                _fstat
 .text._isatty  0x0000000008003d42       0x16 ./Core/Src/syscalls.o
                0x0000000008003d42                _isatty
 .text._lseek   0x0000000008003d58       0x1a ./Core/Src/syscalls.o
                0x0000000008003d58                _lseek
 *fill*         0x0000000008003d72        0x2 
 .text._sbrk    0x0000000008003d74       0x6c ./Core/Src/sysmem.o
                0x0000000008003d74                _sbrk
 .text.SystemInit
                0x0000000008003de0       0x24 ./Core/Src/system_stm32f7xx.o
                0x0000000008003de0                SystemInit
 .text.Reset_Handler
                0x0000000008003e04       0x50 ./Core/Startup/startup_stm32f722zetx.o
                0x0000000008003e04                Reset_Handler
 .text.Default_Handler
                0x0000000008003e54        0x2 ./Core/Startup/startup_stm32f722zetx.o
                0x0000000008003e54                RTC_Alarm_IRQHandler
                0x0000000008003e54                EXTI2_IRQHandler
                0x0000000008003e54                TIM8_CC_IRQHandler
                0x0000000008003e54                UART8_IRQHandler
                0x0000000008003e54                SPI4_IRQHandler
                0x0000000008003e54                TIM1_CC_IRQHandler
                0x0000000008003e54                DMA2_Stream5_IRQHandler
                0x0000000008003e54                DMA1_Stream5_IRQHandler
                0x0000000008003e54                PVD_IRQHandler
                0x0000000008003e54                TAMP_STAMP_IRQHandler
                0x0000000008003e54                EXTI3_IRQHandler
                0x0000000008003e54                TIM8_TRG_COM_TIM14_IRQHandler
                0x0000000008003e54                TIM1_UP_TIM10_IRQHandler
                0x0000000008003e54                TIM8_UP_TIM13_IRQHandler
                0x0000000008003e54                I2C3_ER_IRQHandler
                0x0000000008003e54                EXTI0_IRQHandler
                0x0000000008003e54                I2C2_EV_IRQHandler
                0x0000000008003e54                DMA1_Stream2_IRQHandler
                0x0000000008003e54                CAN1_RX0_IRQHandler
                0x0000000008003e54                FPU_IRQHandler
                0x0000000008003e54                OTG_HS_WKUP_IRQHandler
                0x0000000008003e54                DMA2_Stream2_IRQHandler
                0x0000000008003e54                SPI1_IRQHandler
                0x0000000008003e54                TIM6_DAC_IRQHandler
                0x0000000008003e54                TIM1_BRK_TIM9_IRQHandler
                0x0000000008003e54                DMA2_Stream3_IRQHandler
                0x0000000008003e54                SAI2_IRQHandler
                0x0000000008003e54                USART6_IRQHandler
                0x0000000008003e54                USART3_IRQHandler
                0x0000000008003e54                CAN1_RX1_IRQHandler
                0x0000000008003e54                UART5_IRQHandler
                0x0000000008003e54                DMA2_Stream0_IRQHandler
                0x0000000008003e54                TIM4_IRQHandler
                0x0000000008003e54                QUADSPI_IRQHandler
                0x0000000008003e54                I2C1_EV_IRQHandler
                0x0000000008003e54                DMA1_Stream6_IRQHandler
                0x0000000008003e54                DMA1_Stream1_IRQHandler
                0x0000000008003e54                UART4_IRQHandler
                0x0000000008003e54                RCC_IRQHandler
                0x0000000008003e54                TIM8_BRK_TIM12_IRQHandler
                0x0000000008003e54                Default_Handler
                0x0000000008003e54                ADC_IRQHandler
                0x0000000008003e54                DMA1_Stream7_IRQHandler
                0x0000000008003e54                SPI5_IRQHandler
                0x0000000008003e54                TIM7_IRQHandler
                0x0000000008003e54                SDMMC1_IRQHandler
                0x0000000008003e54                TIM5_IRQHandler
                0x0000000008003e54                DMA2_Stream7_IRQHandler
                0x0000000008003e54                I2C3_EV_IRQHandler
                0x0000000008003e54                EXTI9_5_IRQHandler
                0x0000000008003e54                RTC_WKUP_IRQHandler
                0x0000000008003e54                SPI2_IRQHandler
                0x0000000008003e54                OTG_HS_EP1_IN_IRQHandler
                0x0000000008003e54                DMA1_Stream0_IRQHandler
                0x0000000008003e54                CAN1_TX_IRQHandler
                0x0000000008003e54                EXTI4_IRQHandler
                0x0000000008003e54                RNG_IRQHandler
                0x0000000008003e54                OTG_HS_EP1_OUT_IRQHandler
                0x0000000008003e54                WWDG_IRQHandler
                0x0000000008003e54                TIM2_IRQHandler
                0x0000000008003e54                OTG_FS_WKUP_IRQHandler
                0x0000000008003e54                TIM1_TRG_COM_TIM11_IRQHandler
                0x0000000008003e54                OTG_HS_IRQHandler
                0x0000000008003e54                EXTI1_IRQHandler
                0x0000000008003e54                SDMMC2_IRQHandler
                0x0000000008003e54                UART7_IRQHandler
                0x0000000008003e54                USART2_IRQHandler
                0x0000000008003e54                I2C2_ER_IRQHandler
                0x0000000008003e54                DMA2_Stream1_IRQHandler
                0x0000000008003e54                CAN1_SCE_IRQHandler
                0x0000000008003e54                FLASH_IRQHandler
                0x0000000008003e54                DMA2_Stream4_IRQHandler
                0x0000000008003e54                USART1_IRQHandler
                0x0000000008003e54                OTG_FS_IRQHandler
                0x0000000008003e54                SPI3_IRQHandler
                0x0000000008003e54                DMA1_Stream4_IRQHandler
                0x0000000008003e54                I2C1_ER_IRQHandler
                0x0000000008003e54                FMC_IRQHandler
                0x0000000008003e54                LPTIM1_IRQHandler
                0x0000000008003e54                DMA2_Stream6_IRQHandler
                0x0000000008003e54                SAI1_IRQHandler
                0x0000000008003e54                DMA1_Stream3_IRQHandler
 .text.HAL_Init
                0x0000000008003e56       0x1a ./Drivers/STM32F7xx_HAL_Driver/Src/stm32f7xx_hal.o
                0x0000000008003e56                HAL_Init
 .text.HAL_InitTick
                0x0000000008003e70       0x60 ./Drivers/STM32F7xx_HAL_Driver/Src/stm32f7xx_hal.o
                0x0000000008003e70                HAL_InitTick
 .text.HAL_IncTick
                0x0000000008003ed0       0x28 ./Drivers/STM32F7xx_HAL_Driver/Src/stm32f7xx_hal.o
                0x0000000008003ed0                HAL_IncTick
 .text.HAL_GetTick
                0x0000000008003ef8       0x18 ./Drivers/STM32F7xx_HAL_Driver/Src/stm32f7xx_hal.o
                0x0000000008003ef8                HAL_GetTick
 .text.HAL_Delay
                0x0000000008003f10       0x48 ./Drivers/STM32F7xx_HAL_Driver/Src/stm32f7xx_hal.o
                0x0000000008003f10                HAL_Delay
 .text.HAL_ADC_Init
                0x0000000008003f58       0x88 ./Drivers/STM32F7xx_HAL_Driver/Src/stm32f7xx_hal_adc.o
                0x0000000008003f58                HAL_ADC_Init
 .text.HAL_ADC_Start
                0x0000000008003fe0      0x19c ./Drivers/STM32F7xx_HAL_Driver/Src/stm32f7xx_hal_adc.o
                0x0000000008003fe0                HAL_ADC_Start
 .text.HAL_ADC_PollForConversion
                0x000000000800417c      0x116 ./Drivers/STM32F7xx_HAL_Driver/Src/stm32f7xx_hal_adc.o
                0x000000000800417c                HAL_ADC_PollForConversion
 .text.HAL_ADC_GetValue
                0x0000000008004292       0x1a ./Drivers/STM32F7xx_HAL_Driver/Src/stm32f7xx_hal_adc.o
                0x0000000008004292                HAL_ADC_GetValue
 .text.HAL_ADC_ConfigChannel
                0x00000000080042ac      0x2ac ./Drivers/STM32F7xx_HAL_Driver/Src/stm32f7xx_hal_adc.o
                0x00000000080042ac                HAL_ADC_ConfigChannel
 .text.ADC_Init
                0x0000000008004558      0x1f4 ./Drivers/STM32F7xx_HAL_Driver/Src/stm32f7xx_hal_adc.o
 .text.__NVIC_SetPriorityGrouping
                0x000000000800474c       0x48 ./Drivers/STM32F7xx_HAL_Driver/Src/stm32f7xx_hal_cortex.o
 .text.__NVIC_GetPriorityGrouping
                0x0000000008004794       0x1c ./Drivers/STM32F7xx_HAL_Driver/Src/stm32f7xx_hal_cortex.o
 .text.__NVIC_EnableIRQ
                0x00000000080047b0       0x3c ./Drivers/STM32F7xx_HAL_Driver/Src/stm32f7xx_hal_cortex.o
 .text.__NVIC_SetPriority
                0x00000000080047ec       0x54 ./Drivers/STM32F7xx_HAL_Driver/Src/stm32f7xx_hal_cortex.o
 .text.NVIC_EncodePriority
                0x0000000008004840       0x66 ./Drivers/STM32F7xx_HAL_Driver/Src/stm32f7xx_hal_cortex.o
 *fill*         0x00000000080048a6        0x2 
 .text.SysTick_Config
                0x00000000080048a8       0x44 ./Drivers/STM32F7xx_HAL_Driver/Src/stm32f7xx_hal_cortex.o
 .text.HAL_NVIC_SetPriorityGrouping
                0x00000000080048ec       0x16 ./Drivers/STM32F7xx_HAL_Driver/Src/stm32f7xx_hal_cortex.o
                0x00000000080048ec                HAL_NVIC_SetPriorityGrouping
 .text.HAL_NVIC_SetPriority
                0x0000000008004902       0x38 ./Drivers/STM32F7xx_HAL_Driver/Src/stm32f7xx_hal_cortex.o
                0x0000000008004902                HAL_NVIC_SetPriority
 .text.HAL_NVIC_EnableIRQ
                0x000000000800493a       0x1c ./Drivers/STM32F7xx_HAL_Driver/Src/stm32f7xx_hal_cortex.o
                0x000000000800493a                HAL_NVIC_EnableIRQ
 .text.HAL_SYSTICK_Config
                0x0000000008004956       0x18 ./Drivers/STM32F7xx_HAL_Driver/Src/stm32f7xx_hal_cortex.o
                0x0000000008004956                HAL_SYSTICK_Config
 *fill*         0x000000000800496e        0x2 
 .text.HAL_GPIO_Init
                0x0000000008004970      0x338 ./Drivers/STM32F7xx_HAL_Driver/Src/stm32f7xx_hal_gpio.o
                0x0000000008004970                HAL_GPIO_Init
 .text.HAL_GPIO_ReadPin
                0x0000000008004ca8       0x30 ./Drivers/STM32F7xx_HAL_Driver/Src/stm32f7xx_hal_gpio.o
                0x0000000008004ca8                HAL_GPIO_ReadPin
 .text.HAL_GPIO_WritePin
                0x0000000008004cd8       0x32 ./Drivers/STM32F7xx_HAL_Driver/Src/stm32f7xx_hal_gpio.o
                0x0000000008004cd8                HAL_GPIO_WritePin
 *fill*         0x0000000008004d0a        0x2 
 .text.HAL_GPIO_EXTI_IRQHandler
                0x0000000008004d0c       0x30 ./Drivers/STM32F7xx_HAL_Driver/Src/stm32f7xx_hal_gpio.o
                0x0000000008004d0c                HAL_GPIO_EXTI_IRQHandler
 .text.HAL_GPIO_EXTI_Callback
                0x0000000008004d3c       0x16 ./Drivers/STM32F7xx_HAL_Driver/Src/stm32f7xx_hal_gpio.o
                0x0000000008004d3c                HAL_GPIO_EXTI_Callback
 *fill*         0x0000000008004d52        0x2 
 .text.HAL_I2C_Init
                0x0000000008004d54      0x120 ./Drivers/STM32F7xx_HAL_Driver/Src/stm32f7xx_hal_i2c.o
                0x0000000008004d54                HAL_I2C_Init
 .text.HAL_I2C_Master_Transmit
                0x0000000008004e74      0x1e8 ./Drivers/STM32F7xx_HAL_Driver/Src/stm32f7xx_hal_i2c.o
                0x0000000008004e74                HAL_I2C_Master_Transmit
 .text.HAL_I2C_IsDeviceReady
                0x000000000800505c      0x210 ./Drivers/STM32F7xx_HAL_Driver/Src/stm32f7xx_hal_i2c.o
                0x000000000800505c                HAL_I2C_IsDeviceReady
 .text.I2C_Flush_TXDR
                0x000000000800526c       0x48 ./Drivers/STM32F7xx_HAL_Driver/Src/stm32f7xx_hal_i2c.o
 .text.I2C_WaitOnFlagUntilTimeout
                0x00000000080052b4       0x80 ./Drivers/STM32F7xx_HAL_Driver/Src/stm32f7xx_hal_i2c.o
 .text.I2C_WaitOnTXISFlagUntilTimeout
                0x0000000008005334       0x80 ./Drivers/STM32F7xx_HAL_Driver/Src/stm32f7xx_hal_i2c.o
 .text.I2C_WaitOnSTOPFlagUntilTimeout
                0x00000000080053b4       0x78 ./Drivers/STM32F7xx_HAL_Driver/Src/stm32f7xx_hal_i2c.o
 .text.I2C_IsErrorOccurred
                0x000000000800542c      0x1d8 ./Drivers/STM32F7xx_HAL_Driver/Src/stm32f7xx_hal_i2c.o
 .text.I2C_TransferConfig
                0x0000000008005604       0x64 ./Drivers/STM32F7xx_HAL_Driver/Src/stm32f7xx_hal_i2c.o
 .text.HAL_I2CEx_ConfigAnalogFilter
                0x0000000008005668       0x96 ./Drivers/STM32F7xx_HAL_Driver/Src/stm32f7xx_hal_i2c_ex.o
                0x0000000008005668                HAL_I2CEx_ConfigAnalogFilter
 .text.HAL_I2CEx_ConfigDigitalFilter
                0x00000000080056fe       0x98 ./Drivers/STM32F7xx_HAL_Driver/Src/stm32f7xx_hal_i2c_ex.o
                0x00000000080056fe                HAL_I2CEx_ConfigDigitalFilter
 .text.HAL_PCD_Init
                0x0000000008005796      0x248 ./Drivers/STM32F7xx_HAL_Driver/Src/stm32f7xx_hal_pcd.o
                0x0000000008005796                HAL_PCD_Init
 *fill*         0x00000000080059de        0x2 
 .text.HAL_PCDEx_ActivateLPM
                0x00000000080059e0       0x48 ./Drivers/STM32F7xx_HAL_Driver/Src/stm32f7xx_hal_pcd_ex.o
                0x00000000080059e0                HAL_PCDEx_ActivateLPM
 .text.HAL_PWR_EnableBkUpAccess
                0x0000000008005a28       0x20 ./Drivers/STM32F7xx_HAL_Driver/Src/stm32f7xx_hal_pwr.o
                0x0000000008005a28                HAL_PWR_EnableBkUpAccess
 .text.HAL_PWR_DisableBkUpAccess
                0x0000000008005a48       0x20 ./Drivers/STM32F7xx_HAL_Driver/Src/stm32f7xx_hal_pwr.o
                0x0000000008005a48                HAL_PWR_DisableBkUpAccess
 .text.HAL_RCC_OscConfig
                0x0000000008005a68      0x548 ./Drivers/STM32F7xx_HAL_Driver/Src/stm32f7xx_hal_rcc.o
                0x0000000008005a68                HAL_RCC_OscConfig
 .text.HAL_RCC_ClockConfig
                0x0000000008005fb0      0x1d8 ./Drivers/STM32F7xx_HAL_Driver/Src/stm32f7xx_hal_rcc.o
                0x0000000008005fb0                HAL_RCC_ClockConfig
 .text.HAL_RCC_GetSysClockFreq
                0x0000000008006188      0x20c ./Drivers/STM32F7xx_HAL_Driver/Src/stm32f7xx_hal_rcc.o
                0x0000000008006188                HAL_RCC_GetSysClockFreq
 .text.HAL_RCC_GetHCLKFreq
                0x0000000008006394       0x18 ./Drivers/STM32F7xx_HAL_Driver/Src/stm32f7xx_hal_rcc.o
                0x0000000008006394                HAL_RCC_GetHCLKFreq
 .text.HAL_RCC_GetPCLK1Freq
                0x00000000080063ac       0x28 ./Drivers/STM32F7xx_HAL_Driver/Src/stm32f7xx_hal_rcc.o
                0x00000000080063ac                HAL_RCC_GetPCLK1Freq
 .text.HAL_RCC_GetPCLK2Freq
                0x00000000080063d4       0x28 ./Drivers/STM32F7xx_HAL_Driver/Src/stm32f7xx_hal_rcc.o
                0x00000000080063d4                HAL_RCC_GetPCLK2Freq
 .text.HAL_RCCEx_PeriphCLKConfig
                0x00000000080063fc      0x694 ./Drivers/STM32F7xx_HAL_Driver/Src/stm32f7xx_hal_rcc_ex.o
                0x00000000080063fc                HAL_RCCEx_PeriphCLKConfig
 .text.HAL_RTC_Init
                0x0000000008006a90      0x124 ./Drivers/STM32F7xx_HAL_Driver/Src/stm32f7xx_hal_rtc.o
                0x0000000008006a90                HAL_RTC_Init
 .text.HAL_RTC_WaitForSynchro
                0x0000000008006bb4       0x50 ./Drivers/STM32F7xx_HAL_Driver/Src/stm32f7xx_hal_rtc.o
                0x0000000008006bb4                HAL_RTC_WaitForSynchro
 .text.RTC_EnterInitMode
                0x0000000008006c04       0x58 ./Drivers/STM32F7xx_HAL_Driver/Src/stm32f7xx_hal_rtc.o
                0x0000000008006c04                RTC_EnterInitMode
 .text.HAL_RTCEx_SetWakeUpTimer
                0x0000000008006c5c       0xea ./Drivers/STM32F7xx_HAL_Driver/Src/stm32f7xx_hal_rtc_ex.o
                0x0000000008006c5c                HAL_RTCEx_SetWakeUpTimer
 .text.HAL_RTCEx_BKUPWrite
                0x0000000008006d46       0x34 ./Drivers/STM32F7xx_HAL_Driver/Src/stm32f7xx_hal_rtc_ex.o
                0x0000000008006d46                HAL_RTCEx_BKUPWrite
 .text.HAL_RTCEx_BKUPRead
                0x0000000008006d7a       0x30 ./Drivers/STM32F7xx_HAL_Driver/Src/stm32f7xx_hal_rtc_ex.o
                0x0000000008006d7a                HAL_RTCEx_BKUPRead
 .text.HAL_TIM_Base_Init
                0x0000000008006daa       0xae ./Drivers/STM32F7xx_HAL_Driver/Src/stm32f7xx_hal_tim.o
                0x0000000008006daa                HAL_TIM_Base_Init
 .text.HAL_TIM_Base_Start
                0x0000000008006e58       0xe0 ./Drivers/STM32F7xx_HAL_Driver/Src/stm32f7xx_hal_tim.o
                0x0000000008006e58                HAL_TIM_Base_Start
 .text.HAL_TIM_Base_Stop
                0x0000000008006f38       0x4e ./Drivers/STM32F7xx_HAL_Driver/Src/stm32f7xx_hal_tim.o
                0x0000000008006f38                HAL_TIM_Base_Stop
 *fill*         0x0000000008006f86        0x2 
 .text.HAL_TIM_Base_Start_IT
                0x0000000008006f88       0xf0 ./Drivers/STM32F7xx_HAL_Driver/Src/stm32f7xx_hal_tim.o
                0x0000000008006f88                HAL_TIM_Base_Start_IT
 .text.HAL_TIM_PWM_Init
                0x0000000008007078       0xae ./Drivers/STM32F7xx_HAL_Driver/Src/stm32f7xx_hal_tim.o
                0x0000000008007078                HAL_TIM_PWM_Init
 *fill*         0x0000000008007126        0x2 
 .text.HAL_TIM_PWM_Start
                0x0000000008007128      0x1f4 ./Drivers/STM32F7xx_HAL_Driver/Src/stm32f7xx_hal_tim.o
                0x0000000008007128                HAL_TIM_PWM_Start
 .text.HAL_TIM_IRQHandler
                0x000000000800731c      0x23e ./Drivers/STM32F7xx_HAL_Driver/Src/stm32f7xx_hal_tim.o
                0x000000000800731c                HAL_TIM_IRQHandler
 *fill*         0x000000000800755a        0x2 
 .text.HAL_TIM_PWM_ConfigChannel
                0x000000000800755c      0x228 ./Drivers/STM32F7xx_HAL_Driver/Src/stm32f7xx_hal_tim.o
                0x000000000800755c                HAL_TIM_PWM_ConfigChannel
 .text.HAL_TIM_ConfigClockSource
                0x0000000008007784      0x194 ./Drivers/STM32F7xx_HAL_Driver/Src/stm32f7xx_hal_tim.o
                0x0000000008007784                HAL_TIM_ConfigClockSource
 .text.HAL_TIM_PeriodElapsedCallback
                0x0000000008007918       0x14 ./Drivers/STM32F7xx_HAL_Driver/Src/stm32f7xx_hal_tim.o
                0x0000000008007918                HAL_TIM_PeriodElapsedCallback
 .text.HAL_TIM_OC_DelayElapsedCallback
                0x000000000800792c       0x14 ./Drivers/STM32F7xx_HAL_Driver/Src/stm32f7xx_hal_tim.o
                0x000000000800792c                HAL_TIM_OC_DelayElapsedCallback
 .text.HAL_TIM_IC_CaptureCallback
                0x0000000008007940       0x14 ./Drivers/STM32F7xx_HAL_Driver/Src/stm32f7xx_hal_tim.o
                0x0000000008007940                HAL_TIM_IC_CaptureCallback
 .text.HAL_TIM_PWM_PulseFinishedCallback
                0x0000000008007954       0x14 ./Drivers/STM32F7xx_HAL_Driver/Src/stm32f7xx_hal_tim.o
                0x0000000008007954                HAL_TIM_PWM_PulseFinishedCallback
 .text.HAL_TIM_TriggerCallback
                0x0000000008007968       0x14 ./Drivers/STM32F7xx_HAL_Driver/Src/stm32f7xx_hal_tim.o
                0x0000000008007968                HAL_TIM_TriggerCallback
 .text.TIM_Base_SetConfig
                0x000000000800797c      0x140 ./Drivers/STM32F7xx_HAL_Driver/Src/stm32f7xx_hal_tim.o
                0x000000000800797c                TIM_Base_SetConfig
 .text.TIM_OC1_SetConfig
                0x0000000008007abc       0xe4 ./Drivers/STM32F7xx_HAL_Driver/Src/stm32f7xx_hal_tim.o
 .text.TIM_OC2_SetConfig
                0x0000000008007ba0       0xf0 ./Drivers/STM32F7xx_HAL_Driver/Src/stm32f7xx_hal_tim.o
                0x0000000008007ba0                TIM_OC2_SetConfig
 .text.TIM_OC3_SetConfig
                0x0000000008007c90       0xec ./Drivers/STM32F7xx_HAL_Driver/Src/stm32f7xx_hal_tim.o
 .text.TIM_OC4_SetConfig
                0x0000000008007d7c       0xb0 ./Drivers/STM32F7xx_HAL_Driver/Src/stm32f7xx_hal_tim.o
 .text.TIM_OC5_SetConfig
                0x0000000008007e2c       0xa4 ./Drivers/STM32F7xx_HAL_Driver/Src/stm32f7xx_hal_tim.o
 .text.TIM_OC6_SetConfig
                0x0000000008007ed0       0xa8 ./Drivers/STM32F7xx_HAL_Driver/Src/stm32f7xx_hal_tim.o
 .text.TIM_TI1_ConfigInputStage
                0x0000000008007f78       0x5e ./Drivers/STM32F7xx_HAL_Driver/Src/stm32f7xx_hal_tim.o
 .text.TIM_TI2_ConfigInputStage
                0x0000000008007fd6       0x60 ./Drivers/STM32F7xx_HAL_Driver/Src/stm32f7xx_hal_tim.o
 .text.TIM_ITRx_SetConfig
                0x0000000008008036       0x36 ./Drivers/STM32F7xx_HAL_Driver/Src/stm32f7xx_hal_tim.o
 .text.TIM_ETR_SetConfig
                0x000000000800806c       0x40 ./Drivers/STM32F7xx_HAL_Driver/Src/stm32f7xx_hal_tim.o
                0x000000000800806c                TIM_ETR_SetConfig
 .text.TIM_CCxChannelCmd
                0x00000000080080ac       0x4a ./Drivers/STM32F7xx_HAL_Driver/Src/stm32f7xx_hal_tim.o
                0x00000000080080ac                TIM_CCxChannelCmd
 *fill*         0x00000000080080f6        0x2 
 .text.HAL_TIMEx_MasterConfigSynchronization
                0x00000000080080f8      0x11c ./Drivers/STM32F7xx_HAL_Driver/Src/stm32f7xx_hal_tim_ex.o
                0x00000000080080f8                HAL_TIMEx_MasterConfigSynchronization
 .text.HAL_TIMEx_CommutCallback
                0x0000000008008214       0x14 ./Drivers/STM32F7xx_HAL_Driver/Src/stm32f7xx_hal_tim_ex.o
                0x0000000008008214                HAL_TIMEx_CommutCallback
 .text.HAL_TIMEx_BreakCallback
                0x0000000008008228       0x14 ./Drivers/STM32F7xx_HAL_Driver/Src/stm32f7xx_hal_tim_ex.o
                0x0000000008008228                HAL_TIMEx_BreakCallback
 .text.HAL_TIMEx_Break2Callback
                0x000000000800823c       0x14 ./Drivers/STM32F7xx_HAL_Driver/Src/stm32f7xx_hal_tim_ex.o
                0x000000000800823c                HAL_TIMEx_Break2Callback
 .text.HAL_UART_Init
                0x0000000008008250       0x9c ./Drivers/STM32F7xx_HAL_Driver/Src/stm32f7xx_hal_uart.o
                0x0000000008008250                HAL_UART_Init
 .text.HAL_UART_Transmit
                0x00000000080082ec      0x126 ./Drivers/STM32F7xx_HAL_Driver/Src/stm32f7xx_hal_uart.o
                0x00000000080082ec                HAL_UART_Transmit
 *fill*         0x0000000008008412        0x2 
 .text.UART_SetConfig
                0x0000000008008414      0x4c8 ./Drivers/STM32F7xx_HAL_Driver/Src/stm32f7xx_hal_uart.o
                0x0000000008008414                UART_SetConfig
 .text.UART_AdvFeatureConfig
                0x00000000080088dc      0x144 ./Drivers/STM32F7xx_HAL_Driver/Src/stm32f7xx_hal_uart.o
                0x00000000080088dc                UART_AdvFeatureConfig
 .text.UART_CheckIdleState
                0x0000000008008a20       0x66 ./Drivers/STM32F7xx_HAL_Driver/Src/stm32f7xx_hal_uart.o
                0x0000000008008a20                UART_CheckIdleState
 .text.UART_WaitOnFlagUntilTimeout
                0x0000000008008a86      0x188 ./Drivers/STM32F7xx_HAL_Driver/Src/stm32f7xx_hal_uart.o
                0x0000000008008a86                UART_WaitOnFlagUntilTimeout
 *fill*         0x0000000008008c0e        0x2 
 .text.USB_CoreInit
                0x0000000008008c10      0x110 ./Drivers/STM32F7xx_HAL_Driver/Src/stm32f7xx_ll_usb.o
                0x0000000008008c10                USB_CoreInit
 .text.USB_DisableGlobalInt
                0x0000000008008d20       0x22 ./Drivers/STM32F7xx_HAL_Driver/Src/stm32f7xx_ll_usb.o
                0x0000000008008d20                USB_DisableGlobalInt
 .text.USB_SetCurrentMode
                0x0000000008008d42       0x98 ./Drivers/STM32F7xx_HAL_Driver/Src/stm32f7xx_ll_usb.o
                0x0000000008008d42                USB_SetCurrentMode
 *fill*         0x0000000008008dda        0x2 
 .text.USB_DevInit
                0x0000000008008ddc      0x2dc ./Drivers/STM32F7xx_HAL_Driver/Src/stm32f7xx_ll_usb.o
                0x0000000008008ddc                USB_DevInit
 .text.USB_FlushTxFifo
                0x00000000080090b8       0x64 ./Drivers/STM32F7xx_HAL_Driver/Src/stm32f7xx_ll_usb.o
                0x00000000080090b8                USB_FlushTxFifo
 .text.USB_FlushRxFifo
                0x000000000800911c       0x5c ./Drivers/STM32F7xx_HAL_Driver/Src/stm32f7xx_ll_usb.o
                0x000000000800911c                USB_FlushRxFifo
 .text.USB_SetDevSpeed
                0x0000000008009178       0x32 ./Drivers/STM32F7xx_HAL_Driver/Src/stm32f7xx_ll_usb.o
                0x0000000008009178                USB_SetDevSpeed
 .text.USB_DevDisconnect
                0x00000000080091aa       0x42 ./Drivers/STM32F7xx_HAL_Driver/Src/stm32f7xx_ll_usb.o
                0x00000000080091aa                USB_DevDisconnect
 .text.USB_GetMode
                0x00000000080091ec       0x1c ./Drivers/STM32F7xx_HAL_Driver/Src/stm32f7xx_ll_usb.o
                0x00000000080091ec                USB_GetMode
 .text.USB_CoreReset
                0x0000000008009208       0x64 ./Drivers/STM32F7xx_HAL_Driver/Src/stm32f7xx_ll_usb.o
 .text.__errno  0x000000000800926c        0xc d:/stm32cubeide_1.9.0/stm32cubeide/plugins/com.st.stm32cube.ide.mcu.externaltools.gnu-tools-for-stm32.10.3-2021.10.win32_1.0.0.202111181127/tools/bin/../lib/gcc/arm-none-eabi/10.3.1/../../../../arm-none-eabi/lib/thumb/v7e-m+fp/hard\libc_nano.a(lib_a-errno.o)
                0x000000000800926c                __errno
 .text.__libc_init_array
                0x0000000008009278       0x48 d:/stm32cubeide_1.9.0/stm32cubeide/plugins/com.st.stm32cube.ide.mcu.externaltools.gnu-tools-for-stm32.10.3-2021.10.win32_1.0.0.202111181127/tools/bin/../lib/gcc/arm-none-eabi/10.3.1/../../../../arm-none-eabi/lib/thumb/v7e-m+fp/hard\libc_nano.a(lib_a-init.o)
                0x0000000008009278                __libc_init_array
 .text.localtime
                0x00000000080092c0       0x3c d:/stm32cubeide_1.9.0/stm32cubeide/plugins/com.st.stm32cube.ide.mcu.externaltools.gnu-tools-for-stm32.10.3-2021.10.win32_1.0.0.202111181127/tools/bin/../lib/gcc/arm-none-eabi/10.3.1/../../../../arm-none-eabi/lib/thumb/v7e-m+fp/hard\libc_nano.a(lib_a-lcltime.o)
                0x00000000080092c0                localtime
 .text.localtime_r
                0x00000000080092fc      0x1e8 d:/stm32cubeide_1.9.0/stm32cubeide/plugins/com.st.stm32cube.ide.mcu.externaltools.gnu-tools-for-stm32.10.3-2021.10.win32_1.0.0.202111181127/tools/bin/../lib/gcc/arm-none-eabi/10.3.1/../../../../arm-none-eabi/lib/thumb/v7e-m+fp/hard\libc_nano.a(lib_a-lcltime_r.o)
                0x00000000080092fc                localtime_r
 .text.malloc   0x00000000080094e4       0x10 d:/stm32cubeide_1.9.0/stm32cubeide/plugins/com.st.stm32cube.ide.mcu.externaltools.gnu-tools-for-stm32.10.3-2021.10.win32_1.0.0.202111181127/tools/bin/../lib/gcc/arm-none-eabi/10.3.1/../../../../arm-none-eabi/lib/thumb/v7e-m+fp/hard\libc_nano.a(lib_a-malloc.o)
                0x00000000080094e4                malloc
 .text.free     0x00000000080094f4       0x10 d:/stm32cubeide_1.9.0/stm32cubeide/plugins/com.st.stm32cube.ide.mcu.externaltools.gnu-tools-for-stm32.10.3-2021.10.win32_1.0.0.202111181127/tools/bin/../lib/gcc/arm-none-eabi/10.3.1/../../../../arm-none-eabi/lib/thumb/v7e-m+fp/hard\libc_nano.a(lib_a-malloc.o)
                0x00000000080094f4                free
 .text.memset   0x0000000008009504       0x10 d:/stm32cubeide_1.9.0/stm32cubeide/plugins/com.st.stm32cube.ide.mcu.externaltools.gnu-tools-for-stm32.10.3-2021.10.win32_1.0.0.202111181127/tools/bin/../lib/gcc/arm-none-eabi/10.3.1/../../../../arm-none-eabi/lib/thumb/v7e-m+fp/hard\libc_nano.a(lib_a-memset.o)
                0x0000000008009504                memset
 .text.validate_structure
                0x0000000008009514      0x1b0 d:/stm32cubeide_1.9.0/stm32cubeide/plugins/com.st.stm32cube.ide.mcu.externaltools.gnu-tools-for-stm32.10.3-2021.10.win32_1.0.0.202111181127/tools/bin/../lib/gcc/arm-none-eabi/10.3.1/../../../../arm-none-eabi/lib/thumb/v7e-m+fp/hard\libc_nano.a(lib_a-mktime.o)
 .text.mktime   0x00000000080096c4      0x334 d:/stm32cubeide_1.9.0/stm32cubeide/plugins/com.st.stm32cube.ide.mcu.externaltools.gnu-tools-for-stm32.10.3-2021.10.win32_1.0.0.202111181127/tools/bin/../lib/gcc/arm-none-eabi/10.3.1/../../../../arm-none-eabi/lib/thumb/v7e-m+fp/hard\libc_nano.a(lib_a-mktime.o)
                0x00000000080096c4                mktime
 .text._free_r  0x00000000080099f8       0x98 d:/stm32cubeide_1.9.0/stm32cubeide/plugins/com.st.stm32cube.ide.mcu.externaltools.gnu-tools-for-stm32.10.3-2021.10.win32_1.0.0.202111181127/tools/bin/../lib/gcc/arm-none-eabi/10.3.1/../../../../arm-none-eabi/lib/thumb/v7e-m+fp/hard\libc_nano.a(lib_a-nano-freer.o)
                0x00000000080099f8                _free_r
 .text.sbrk_aligned
                0x0000000008009a90       0x40 d:/stm32cubeide_1.9.0/stm32cubeide/plugins/com.st.stm32cube.ide.mcu.externaltools.gnu-tools-for-stm32.10.3-2021.10.win32_1.0.0.202111181127/tools/bin/../lib/gcc/arm-none-eabi/10.3.1/../../../../arm-none-eabi/lib/thumb/v7e-m+fp/hard\libc_nano.a(lib_a-nano-mallocr.o)
 .text._malloc_r
                0x0000000008009ad0       0xe8 d:/stm32cubeide_1.9.0/stm32cubeide/plugins/com.st.stm32cube.ide.mcu.externaltools.gnu-tools-for-stm32.10.3-2021.10.win32_1.0.0.202111181127/tools/bin/../lib/gcc/arm-none-eabi/10.3.1/../../../../arm-none-eabi/lib/thumb/v7e-m+fp/hard\libc_nano.a(lib_a-nano-mallocr.o)
                0x0000000008009ad0                _malloc_r
 .text._sbrk_r  0x0000000008009bb8       0x20 d:/stm32cubeide_1.9.0/stm32cubeide/plugins/com.st.stm32cube.ide.mcu.externaltools.gnu-tools-for-stm32.10.3-2021.10.win32_1.0.0.202111181127/tools/bin/../lib/gcc/arm-none-eabi/10.3.1/../../../../arm-none-eabi/lib/thumb/v7e-m+fp/hard\libc_nano.a(lib_a-sbrkr.o)
                0x0000000008009bb8                _sbrk_r
 .text.snprintf
                0x0000000008009bd8       0x68 d:/stm32cubeide_1.9.0/stm32cubeide/plugins/com.st.stm32cube.ide.mcu.externaltools.gnu-tools-for-stm32.10.3-2021.10.win32_1.0.0.202111181127/tools/bin/../lib/gcc/arm-none-eabi/10.3.1/../../../../arm-none-eabi/lib/thumb/v7e-m+fp/hard\libc_nano.a(lib_a-snprintf.o)
                0x0000000008009bd8                sniprintf
                0x0000000008009bd8                snprintf
 .text.sprintf  0x0000000008009c40       0x40 d:/stm32cubeide_1.9.0/stm32cubeide/plugins/com.st.stm32cube.ide.mcu.externaltools.gnu-tools-for-stm32.10.3-2021.10.win32_1.0.0.202111181127/tools/bin/../lib/gcc/arm-none-eabi/10.3.1/../../../../arm-none-eabi/lib/thumb/v7e-m+fp/hard\libc_nano.a(lib_a-sprintf.o)
                0x0000000008009c40                siprintf
                0x0000000008009c40                sprintf
 .text.__tzcalc_limits
                0x0000000008009c80      0x154 d:/stm32cubeide_1.9.0/stm32cubeide/plugins/com.st.stm32cube.ide.mcu.externaltools.gnu-tools-for-stm32.10.3-2021.10.win32_1.0.0.202111181127/tools/bin/../lib/gcc/arm-none-eabi/10.3.1/../../../../arm-none-eabi/lib/thumb/v7e-m+fp/hard\libc_nano.a(lib_a-tzcalc_limits.o)
                0x0000000008009c80                __tzcalc_limits
 .text.__tz_lock
                0x0000000008009dd4        0xc d:/stm32cubeide_1.9.0/stm32cubeide/plugins/com.st.stm32cube.ide.mcu.externaltools.gnu-tools-for-stm32.10.3-2021.10.win32_1.0.0.202111181127/tools/bin/../lib/gcc/arm-none-eabi/10.3.1/../../../../arm-none-eabi/lib/thumb/v7e-m+fp/hard\libc_nano.a(lib_a-tzlock.o)
                0x0000000008009dd4                __tz_lock
 .text.__tz_unlock
                0x0000000008009de0        0xc d:/stm32cubeide_1.9.0/stm32cubeide/plugins/com.st.stm32cube.ide.mcu.externaltools.gnu-tools-for-stm32.10.3-2021.10.win32_1.0.0.202111181127/tools/bin/../lib/gcc/arm-none-eabi/10.3.1/../../../../arm-none-eabi/lib/thumb/v7e-m+fp/hard\libc_nano.a(lib_a-tzlock.o)
                0x0000000008009de0                __tz_unlock
 .text._tzset_unlocked
                0x0000000008009dec        0xc d:/stm32cubeide_1.9.0/stm32cubeide/plugins/com.st.stm32cube.ide.mcu.externaltools.gnu-tools-for-stm32.10.3-2021.10.win32_1.0.0.202111181127/tools/bin/../lib/gcc/arm-none-eabi/10.3.1/../../../../arm-none-eabi/lib/thumb/v7e-m+fp/hard\libc_nano.a(lib_a-tzset.o)
                0x0000000008009dec                _tzset_unlocked
 .text._tzset_unlocked_r
                0x0000000008009df8      0x300 d:/stm32cubeide_1.9.0/stm32cubeide/plugins/com.st.stm32cube.ide.mcu.externaltools.gnu-tools-for-stm32.10.3-2021.10.win32_1.0.0.202111181127/tools/bin/../lib/gcc/arm-none-eabi/10.3.1/../../../../arm-none-eabi/lib/thumb/v7e-m+fp/hard\libc_nano.a(lib_a-tzset_r.o)
                0x0000000008009df8                _tzset_unlocked_r
 .text.__assert_func
                0x000000000800a0f8       0x3c d:/stm32cubeide_1.9.0/stm32cubeide/plugins/com.st.stm32cube.ide.mcu.externaltools.gnu-tools-for-stm32.10.3-2021.10.win32_1.0.0.202111181127/tools/bin/../lib/gcc/arm-none-eabi/10.3.1/../../../../arm-none-eabi/lib/thumb/v7e-m+fp/hard\libc_nano.a(lib_a-assert.o)
                0x000000000800a0f8                __assert_func
 .text.div      0x000000000800a134       0x28 d:/stm32cubeide_1.9.0/stm32cubeide/plugins/com.st.stm32cube.ide.mcu.externaltools.gnu-tools-for-stm32.10.3-2021.10.win32_1.0.0.202111181127/tools/bin/../lib/gcc/arm-none-eabi/10.3.1/../../../../arm-none-eabi/lib/thumb/v7e-m+fp/hard\libc_nano.a(lib_a-div.o)
                0x000000000800a134                div
 .text.fprintf  0x000000000800a15c       0x24 d:/stm32cubeide_1.9.0/stm32cubeide/plugins/com.st.stm32cube.ide.mcu.externaltools.gnu-tools-for-stm32.10.3-2021.10.win32_1.0.0.202111181127/tools/bin/../lib/gcc/arm-none-eabi/10.3.1/../../../../arm-none-eabi/lib/thumb/v7e-m+fp/hard\libc_nano.a(lib_a-fprintf.o)
                0x000000000800a15c                fiprintf
                0x000000000800a15c                fprintf
 .text._findenv_r
                0x000000000800a180       0x78 d:/stm32cubeide_1.9.0/stm32cubeide/plugins/com.st.stm32cube.ide.mcu.externaltools.gnu-tools-for-stm32.10.3-2021.10.win32_1.0.0.202111181127/tools/bin/../lib/gcc/arm-none-eabi/10.3.1/../../../../arm-none-eabi/lib/thumb/v7e-m+fp/hard\libc_nano.a(lib_a-getenv_r.o)
                0x000000000800a180                _findenv_r
 .text._getenv_r
                0x000000000800a1f8        0xe d:/stm32cubeide_1.9.0/stm32cubeide/plugins/com.st.stm32cube.ide.mcu.externaltools.gnu-tools-for-stm32.10.3-2021.10.win32_1.0.0.202111181127/tools/bin/../lib/gcc/arm-none-eabi/10.3.1/../../../../arm-none-eabi/lib/thumb/v7e-m+fp/hard\libc_nano.a(lib_a-getenv_r.o)
                0x000000000800a1f8                _getenv_r
 *fill*         0x000000000800a206        0x2 
 .text.__gettzinfo
                0x000000000800a208        0x8 d:/stm32cubeide_1.9.0/stm32cubeide/plugins/com.st.stm32cube.ide.mcu.externaltools.gnu-tools-for-stm32.10.3-2021.10.win32_1.0.0.202111181127/tools/bin/../lib/gcc/arm-none-eabi/10.3.1/../../../../arm-none-eabi/lib/thumb/v7e-m+fp/hard\libc_nano.a(lib_a-gettzinfo.o)
                0x000000000800a208                __gettzinfo
 .text.gmtime_r
                0x000000000800a210      0x158 d:/stm32cubeide_1.9.0/stm32cubeide/plugins/com.st.stm32cube.ide.mcu.externaltools.gnu-tools-for-stm32.10.3-2021.10.win32_1.0.0.202111181127/tools/bin/../lib/gcc/arm-none-eabi/10.3.1/../../../../arm-none-eabi/lib/thumb/v7e-m+fp/hard\libc_nano.a(lib_a-gmtime_r.o)
                0x000000000800a210                gmtime_r
 .text.__retarget_lock_init_recursive
                0x000000000800a368        0x2 d:/stm32cubeide_1.9.0/stm32cubeide/plugins/com.st.stm32cube.ide.mcu.externaltools.gnu-tools-for-stm32.10.3-2021.10.win32_1.0.0.202111181127/tools/bin/../lib/gcc/arm-none-eabi/10.3.1/../../../../arm-none-eabi/lib/thumb/v7e-m+fp/hard\libc_nano.a(lib_a-lock.o)
                0x000000000800a368                __retarget_lock_init_recursive
 .text.__retarget_lock_acquire
                0x000000000800a36a        0x2 d:/stm32cubeide_1.9.0/stm32cubeide/plugins/com.st.stm32cube.ide.mcu.externaltools.gnu-tools-for-stm32.10.3-2021.10.win32_1.0.0.202111181127/tools/bin/../lib/gcc/arm-none-eabi/10.3.1/../../../../arm-none-eabi/lib/thumb/v7e-m+fp/hard\libc_nano.a(lib_a-lock.o)
                0x000000000800a36a                __retarget_lock_acquire
 .text.__retarget_lock_acquire_recursive
                0x000000000800a36c        0x2 d:/stm32cubeide_1.9.0/stm32cubeide/plugins/com.st.stm32cube.ide.mcu.externaltools.gnu-tools-for-stm32.10.3-2021.10.win32_1.0.0.202111181127/tools/bin/../lib/gcc/arm-none-eabi/10.3.1/../../../../arm-none-eabi/lib/thumb/v7e-m+fp/hard\libc_nano.a(lib_a-lock.o)
                0x000000000800a36c                __retarget_lock_acquire_recursive
 .text.__retarget_lock_release
                0x000000000800a36e        0x2 d:/stm32cubeide_1.9.0/stm32cubeide/plugins/com.st.stm32cube.ide.mcu.externaltools.gnu-tools-for-stm32.10.3-2021.10.win32_1.0.0.202111181127/tools/bin/../lib/gcc/arm-none-eabi/10.3.1/../../../../arm-none-eabi/lib/thumb/v7e-m+fp/hard\libc_nano.a(lib_a-lock.o)
                0x000000000800a36e                __retarget_lock_release
 .text.__retarget_lock_release_recursive
                0x000000000800a370        0x2 d:/stm32cubeide_1.9.0/stm32cubeide/plugins/com.st.stm32cube.ide.mcu.externaltools.gnu-tools-for-stm32.10.3-2021.10.win32_1.0.0.202111181127/tools/bin/../lib/gcc/arm-none-eabi/10.3.1/../../../../arm-none-eabi/lib/thumb/v7e-m+fp/hard\libc_nano.a(lib_a-lock.o)
                0x000000000800a370                __retarget_lock_release_recursive
 *fill*         0x000000000800a372        0x2 
 .text.__malloc_lock
                0x000000000800a374        0xc d:/stm32cubeide_1.9.0/stm32cubeide/plugins/com.st.stm32cube.ide.mcu.externaltools.gnu-tools-for-stm32.10.3-2021.10.win32_1.0.0.202111181127/tools/bin/../lib/gcc/arm-none-eabi/10.3.1/../../../../arm-none-eabi/lib/thumb/v7e-m+fp/hard\libc_nano.a(lib_a-mlock.o)
                0x000000000800a374                __malloc_lock
 .text.__malloc_unlock
                0x000000000800a380        0xc d:/stm32cubeide_1.9.0/stm32cubeide/plugins/com.st.stm32cube.ide.mcu.externaltools.gnu-tools-for-stm32.10.3-2021.10.win32_1.0.0.202111181127/tools/bin/../lib/gcc/arm-none-eabi/10.3.1/../../../../arm-none-eabi/lib/thumb/v7e-m+fp/hard\libc_nano.a(lib_a-mlock.o)
                0x000000000800a380                __malloc_unlock
 .text.__ssputs_r
                0x000000000800a38c       0xb6 d:/stm32cubeide_1.9.0/stm32cubeide/plugins/com.st.stm32cube.ide.mcu.externaltools.gnu-tools-for-stm32.10.3-2021.10.win32_1.0.0.202111181127/tools/bin/../lib/gcc/arm-none-eabi/10.3.1/../../../../arm-none-eabi/lib/thumb/v7e-m+fp/hard\libc_nano.a(lib_a-nano-svfprintf.o)
                0x000000000800a38c                __ssputs_r
 *fill*         0x000000000800a442        0x2 
 .text._svfprintf_r
                0x000000000800a444      0x200 d:/stm32cubeide_1.9.0/stm32cubeide/plugins/com.st.stm32cube.ide.mcu.externaltools.gnu-tools-for-stm32.10.3-2021.10.win32_1.0.0.202111181127/tools/bin/../lib/gcc/arm-none-eabi/10.3.1/../../../../arm-none-eabi/lib/thumb/v7e-m+fp/hard\libc_nano.a(lib_a-nano-svfprintf.o)
                0x000000000800a444                _svfiprintf_r
                0x000000000800a444                _svfprintf_r
 .text.__sfputc_r
                0x000000000800a644       0x2e d:/stm32cubeide_1.9.0/stm32cubeide/plugins/com.st.stm32cube.ide.mcu.externaltools.gnu-tools-for-stm32.10.3-2021.10.win32_1.0.0.202111181127/tools/bin/../lib/gcc/arm-none-eabi/10.3.1/../../../../arm-none-eabi/lib/thumb/v7e-m+fp/hard\libc_nano.a(lib_a-nano-vfprintf.o)
 .text.__sfputs_r
                0x000000000800a672       0x24 d:/stm32cubeide_1.9.0/stm32cubeide/plugins/com.st.stm32cube.ide.mcu.externaltools.gnu-tools-for-stm32.10.3-2021.10.win32_1.0.0.202111181127/tools/bin/../lib/gcc/arm-none-eabi/10.3.1/../../../../arm-none-eabi/lib/thumb/v7e-m+fp/hard\libc_nano.a(lib_a-nano-vfprintf.o)
                0x000000000800a672                __sfputs_r
 *fill*         0x000000000800a696        0x2 
 .text._vfprintf_r
                0x000000000800a698      0x260 d:/stm32cubeide_1.9.0/stm32cubeide/plugins/com.st.stm32cube.ide.mcu.externaltools.gnu-tools-for-stm32.10.3-2021.10.win32_1.0.0.202111181127/tools/bin/../lib/gcc/arm-none-eabi/10.3.1/../../../../arm-none-eabi/lib/thumb/v7e-m+fp/hard\libc_nano.a(lib_a-nano-vfprintf.o)
                0x000000000800a698                _vfprintf_r
                0x000000000800a698                _vfiprintf_r
 .text._printf_common
                0x000000000800a8f8       0xda d:/stm32cubeide_1.9.0/stm32cubeide/plugins/com.st.stm32cube.ide.mcu.externaltools.gnu-tools-for-stm32.10.3-2021.10.win32_1.0.0.202111181127/tools/bin/../lib/gcc/arm-none-eabi/10.3.1/../../../../arm-none-eabi/lib/thumb/v7e-m+fp/hard\libc_nano.a(lib_a-nano-vfprintf_i.o)
                0x000000000800a8f8                _printf_common
 *fill*         0x000000000800a9d2        0x2 
 .text._printf_i
                0x000000000800a9d4      0x24c d:/stm32cubeide_1.9.0/stm32cubeide/plugins/com.st.stm32cube.ide.mcu.externaltools.gnu-tools-for-stm32.10.3-2021.10.win32_1.0.0.202111181127/tools/bin/../lib/gcc/arm-none-eabi/10.3.1/../../../../arm-none-eabi/lib/thumb/v7e-m+fp/hard\libc_nano.a(lib_a-nano-vfprintf_i.o)
                0x000000000800a9d4                _printf_i
 .text.sscanf   0x000000000800ac20       0x58 d:/stm32cubeide_1.9.0/stm32cubeide/plugins/com.st.stm32cube.ide.mcu.externaltools.gnu-tools-for-stm32.10.3-2021.10.win32_1.0.0.202111181127/tools/bin/../lib/gcc/arm-none-eabi/10.3.1/../../../../arm-none-eabi/lib/thumb/v7e-m+fp/hard\libc_nano.a(lib_a-sscanf.o)
                0x000000000800ac20                siscanf
                0x000000000800ac20                sscanf
 .text.__sread  0x000000000800ac78       0x22 d:/stm32cubeide_1.9.0/stm32cubeide/plugins/com.st.stm32cube.ide.mcu.externaltools.gnu-tools-for-stm32.10.3-2021.10.win32_1.0.0.202111181127/tools/bin/../lib/gcc/arm-none-eabi/10.3.1/../../../../arm-none-eabi/lib/thumb/v7e-m+fp/hard\libc_nano.a(lib_a-stdio.o)
                0x000000000800ac78                __sread
 .text.__seofread
                0x000000000800ac9a        0x4 d:/stm32cubeide_1.9.0/stm32cubeide/plugins/com.st.stm32cube.ide.mcu.externaltools.gnu-tools-for-stm32.10.3-2021.10.win32_1.0.0.202111181127/tools/bin/../lib/gcc/arm-none-eabi/10.3.1/../../../../arm-none-eabi/lib/thumb/v7e-m+fp/hard\libc_nano.a(lib_a-stdio.o)
                0x000000000800ac9a                __seofread
 .text.__swrite
                0x000000000800ac9e       0x38 d:/stm32cubeide_1.9.0/stm32cubeide/plugins/com.st.stm32cube.ide.mcu.externaltools.gnu-tools-for-stm32.10.3-2021.10.win32_1.0.0.202111181127/tools/bin/../lib/gcc/arm-none-eabi/10.3.1/../../../../arm-none-eabi/lib/thumb/v7e-m+fp/hard\libc_nano.a(lib_a-stdio.o)
                0x000000000800ac9e                __swrite
 .text.__sseek  0x000000000800acd6       0x24 d:/stm32cubeide_1.9.0/stm32cubeide/plugins/com.st.stm32cube.ide.mcu.externaltools.gnu-tools-for-stm32.10.3-2021.10.win32_1.0.0.202111181127/tools/bin/../lib/gcc/arm-none-eabi/10.3.1/../../../../arm-none-eabi/lib/thumb/v7e-m+fp/hard\libc_nano.a(lib_a-stdio.o)
                0x000000000800acd6                __sseek
 .text.__sclose
                0x000000000800acfa        0x8 d:/stm32cubeide_1.9.0/stm32cubeide/plugins/com.st.stm32cube.ide.mcu.externaltools.gnu-tools-for-stm32.10.3-2021.10.win32_1.0.0.202111181127/tools/bin/../lib/gcc/arm-none-eabi/10.3.1/../../../../arm-none-eabi/lib/thumb/v7e-m+fp/hard\libc_nano.a(lib_a-stdio.o)
                0x000000000800acfa                __sclose
 .text.strcpy   0x000000000800ad02       0x10 d:/stm32cubeide_1.9.0/stm32cubeide/plugins/com.st.stm32cube.ide.mcu.externaltools.gnu-tools-for-stm32.10.3-2021.10.win32_1.0.0.202111181127/tools/bin/../lib/gcc/arm-none-eabi/10.3.1/../../../../arm-none-eabi/lib/thumb/v7e-m+fp/hard\libc_nano.a(lib_a-strcpy.o)
                0x000000000800ad02                strcpy
 .text.strncmp  0x000000000800ad12       0x28 d:/stm32cubeide_1.9.0/stm32cubeide/plugins/com.st.stm32cube.ide.mcu.externaltools.gnu-tools-for-stm32.10.3-2021.10.win32_1.0.0.202111181127/tools/bin/../lib/gcc/arm-none-eabi/10.3.1/../../../../arm-none-eabi/lib/thumb/v7e-m+fp/hard\libc_nano.a(lib_a-strncmp.o)
                0x000000000800ad12                strncmp
 *fill*         0x000000000800ad3a        0x2 
 .text._strtoul_l.constprop.0
                0x000000000800ad3c       0xe4 d:/stm32cubeide_1.9.0/stm32cubeide/plugins/com.st.stm32cube.ide.mcu.externaltools.gnu-tools-for-stm32.10.3-2021.10.win32_1.0.0.202111181127/tools/bin/../lib/gcc/arm-none-eabi/10.3.1/../../../../arm-none-eabi/lib/thumb/v7e-m+fp/hard\libc_nano.a(lib_a-strtoul.o)
 .text._strtoul_r
                0x000000000800ae20        0x4 d:/stm32cubeide_1.9.0/stm32cubeide/plugins/com.st.stm32cube.ide.mcu.externaltools.gnu-tools-for-stm32.10.3-2021.10.win32_1.0.0.202111181127/tools/bin/../lib/gcc/arm-none-eabi/10.3.1/../../../../arm-none-eabi/lib/thumb/v7e-m+fp/hard\libc_nano.a(lib_a-strtoul.o)
                0x000000000800ae20                _strtoul_r
 .text.strtoul  0x000000000800ae24       0x14 d:/stm32cubeide_1.9.0/stm32cubeide/plugins/com.st.stm32cube.ide.mcu.externaltools.gnu-tools-for-stm32.10.3-2021.10.win32_1.0.0.202111181127/tools/bin/../lib/gcc/arm-none-eabi/10.3.1/../../../../arm-none-eabi/lib/thumb/v7e-m+fp/hard\libc_nano.a(lib_a-strtoul.o)
                0x000000000800ae24                strtoul
 .text.__swbuf_r
                0x000000000800ae38       0xa4 d:/stm32cubeide_1.9.0/stm32cubeide/plugins/com.st.stm32cube.ide.mcu.externaltools.gnu-tools-for-stm32.10.3-2021.10.win32_1.0.0.202111181127/tools/bin/../lib/gcc/arm-none-eabi/10.3.1/../../../../arm-none-eabi/lib/thumb/v7e-m+fp/hard\libc_nano.a(lib_a-wbuf.o)
                0x000000000800ae38                __swbuf_r
 .text._write_r
                0x000000000800aedc       0x24 d:/stm32cubeide_1.9.0/stm32cubeide/plugins/com.st.stm32cube.ide.mcu.externaltools.gnu-tools-for-stm32.10.3-2021.10.win32_1.0.0.202111181127/tools/bin/../lib/gcc/arm-none-eabi/10.3.1/../../../../arm-none-eabi/lib/thumb/v7e-m+fp/hard\libc_nano.a(lib_a-writer.o)
                0x000000000800aedc                _write_r
 .text.__swsetup_r
                0x000000000800af00       0xdc d:/stm32cubeide_1.9.0/stm32cubeide/plugins/com.st.stm32cube.ide.mcu.externaltools.gnu-tools-for-stm32.10.3-2021.10.win32_1.0.0.202111181127/tools/bin/../lib/gcc/arm-none-eabi/10.3.1/../../../../arm-none-eabi/lib/thumb/v7e-m+fp/hard\libc_nano.a(lib_a-wsetup.o)
                0x000000000800af00                __swsetup_r
 .text.abort    0x000000000800afdc        0xe d:/stm32cubeide_1.9.0/stm32cubeide/plugins/com.st.stm32cube.ide.mcu.externaltools.gnu-tools-for-stm32.10.3-2021.10.win32_1.0.0.202111181127/tools/bin/../lib/gcc/arm-none-eabi/10.3.1/../../../../arm-none-eabi/lib/thumb/v7e-m+fp/hard\libc_nano.a(lib_a-abort.o)
                0x000000000800afdc                abort
 *fill*         0x000000000800afea        0x2 
 .text._close_r
                0x000000000800afec       0x20 d:/stm32cubeide_1.9.0/stm32cubeide/plugins/com.st.stm32cube.ide.mcu.externaltools.gnu-tools-for-stm32.10.3-2021.10.win32_1.0.0.202111181127/tools/bin/../lib/gcc/arm-none-eabi/10.3.1/../../../../arm-none-eabi/lib/thumb/v7e-m+fp/hard\libc_nano.a(lib_a-closer.o)
                0x000000000800afec                _close_r
 .text.__env_lock
                0x000000000800b00c        0xc d:/stm32cubeide_1.9.0/stm32cubeide/plugins/com.st.stm32cube.ide.mcu.externaltools.gnu-tools-for-stm32.10.3-2021.10.win32_1.0.0.202111181127/tools/bin/../lib/gcc/arm-none-eabi/10.3.1/../../../../arm-none-eabi/lib/thumb/v7e-m+fp/hard\libc_nano.a(lib_a-envlock.o)
                0x000000000800b00c                __env_lock
 .text.__env_unlock
                0x000000000800b018        0xc d:/stm32cubeide_1.9.0/stm32cubeide/plugins/com.st.stm32cube.ide.mcu.externaltools.gnu-tools-for-stm32.10.3-2021.10.win32_1.0.0.202111181127/tools/bin/../lib/gcc/arm-none-eabi/10.3.1/../../../../arm-none-eabi/lib/thumb/v7e-m+fp/hard\libc_nano.a(lib_a-envlock.o)
                0x000000000800b018                __env_unlock
 .text.__sflush_r
                0x000000000800b024      0x10c d:/stm32cubeide_1.9.0/stm32cubeide/plugins/com.st.stm32cube.ide.mcu.externaltools.gnu-tools-for-stm32.10.3-2021.10.win32_1.0.0.202111181127/tools/bin/../lib/gcc/arm-none-eabi/10.3.1/../../../../arm-none-eabi/lib/thumb/v7e-m+fp/hard\libc_nano.a(lib_a-fflush.o)
                0x000000000800b024                __sflush_r
 .text._fflush_r
                0x000000000800b130       0x78 d:/stm32cubeide_1.9.0/stm32cubeide/plugins/com.st.stm32cube.ide.mcu.externaltools.gnu-tools-for-stm32.10.3-2021.10.win32_1.0.0.202111181127/tools/bin/../lib/gcc/arm-none-eabi/10.3.1/../../../../arm-none-eabi/lib/thumb/v7e-m+fp/hard\libc_nano.a(lib_a-fflush.o)
                0x000000000800b130                _fflush_r
 .text.std      0x000000000800b1a8       0x48 d:/stm32cubeide_1.9.0/stm32cubeide/plugins/com.st.stm32cube.ide.mcu.externaltools.gnu-tools-for-stm32.10.3-2021.10.win32_1.0.0.202111181127/tools/bin/../lib/gcc/arm-none-eabi/10.3.1/../../../../arm-none-eabi/lib/thumb/v7e-m+fp/hard\libc_nano.a(lib_a-findfp.o)
 .text._cleanup_r
                0x000000000800b1f0        0xc d:/stm32cubeide_1.9.0/stm32cubeide/plugins/com.st.stm32cube.ide.mcu.externaltools.gnu-tools-for-stm32.10.3-2021.10.win32_1.0.0.202111181127/tools/bin/../lib/gcc/arm-none-eabi/10.3.1/../../../../arm-none-eabi/lib/thumb/v7e-m+fp/hard\libc_nano.a(lib_a-findfp.o)
                0x000000000800b1f0                _cleanup_r
 .text.__sfmoreglue
                0x000000000800b1fc       0x2c d:/stm32cubeide_1.9.0/stm32cubeide/plugins/com.st.stm32cube.ide.mcu.externaltools.gnu-tools-for-stm32.10.3-2021.10.win32_1.0.0.202111181127/tools/bin/../lib/gcc/arm-none-eabi/10.3.1/../../../../arm-none-eabi/lib/thumb/v7e-m+fp/hard\libc_nano.a(lib_a-findfp.o)
                0x000000000800b1fc                __sfmoreglue
 .text.__sfp_lock_acquire
                0x000000000800b228        0xc d:/stm32cubeide_1.9.0/stm32cubeide/plugins/com.st.stm32cube.ide.mcu.externaltools.gnu-tools-for-stm32.10.3-2021.10.win32_1.0.0.202111181127/tools/bin/../lib/gcc/arm-none-eabi/10.3.1/../../../../arm-none-eabi/lib/thumb/v7e-m+fp/hard\libc_nano.a(lib_a-findfp.o)
                0x000000000800b228                __sfp_lock_acquire
 .text.__sfp_lock_release
                0x000000000800b234        0xc d:/stm32cubeide_1.9.0/stm32cubeide/plugins/com.st.stm32cube.ide.mcu.externaltools.gnu-tools-for-stm32.10.3-2021.10.win32_1.0.0.202111181127/tools/bin/../lib/gcc/arm-none-eabi/10.3.1/../../../../arm-none-eabi/lib/thumb/v7e-m+fp/hard\libc_nano.a(lib_a-findfp.o)
                0x000000000800b234                __sfp_lock_release
 .text.__sinit_lock_acquire
                0x000000000800b240        0xc d:/stm32cubeide_1.9.0/stm32cubeide/plugins/com.st.stm32cube.ide.mcu.externaltools.gnu-tools-for-stm32.10.3-2021.10.win32_1.0.0.202111181127/tools/bin/../lib/gcc/arm-none-eabi/10.3.1/../../../../arm-none-eabi/lib/thumb/v7e-m+fp/hard\libc_nano.a(lib_a-findfp.o)
                0x000000000800b240                __sinit_lock_acquire
 .text.__sinit_lock_release
                0x000000000800b24c        0xc d:/stm32cubeide_1.9.0/stm32cubeide/plugins/com.st.stm32cube.ide.mcu.externaltools.gnu-tools-for-stm32.10.3-2021.10.win32_1.0.0.202111181127/tools/bin/../lib/gcc/arm-none-eabi/10.3.1/../../../../arm-none-eabi/lib/thumb/v7e-m+fp/hard\libc_nano.a(lib_a-findfp.o)
                0x000000000800b24c                __sinit_lock_release
 .text.__sinit  0x000000000800b258       0x70 d:/stm32cubeide_1.9.0/stm32cubeide/plugins/com.st.stm32cube.ide.mcu.externaltools.gnu-tools-for-stm32.10.3-2021.10.win32_1.0.0.202111181127/tools/bin/../lib/gcc/arm-none-eabi/10.3.1/../../../../arm-none-eabi/lib/thumb/v7e-m+fp/hard\libc_nano.a(lib_a-findfp.o)
                0x000000000800b258                __sinit
 .text.__sfp    0x000000000800b2c8       0x8c d:/stm32cubeide_1.9.0/stm32cubeide/plugins/com.st.stm32cube.ide.mcu.externaltools.gnu-tools-for-stm32.10.3-2021.10.win32_1.0.0.202111181127/tools/bin/../lib/gcc/arm-none-eabi/10.3.1/../../../../arm-none-eabi/lib/thumb/v7e-m+fp/hard\libc_nano.a(lib_a-findfp.o)
                0x000000000800b2c8                __sfp
 .text._fwalk_reent
                0x000000000800b354       0x3e d:/stm32cubeide_1.9.0/stm32cubeide/plugins/com.st.stm32cube.ide.mcu.externaltools.gnu-tools-for-stm32.10.3-2021.10.win32_1.0.0.202111181127/tools/bin/../lib/gcc/arm-none-eabi/10.3.1/../../../../arm-none-eabi/lib/thumb/v7e-m+fp/hard\libc_nano.a(lib_a-fwalk.o)
                0x000000000800b354                _fwalk_reent
 *fill*         0x000000000800b392        0x2 
 .text._lseek_r
                0x000000000800b394       0x24 d:/stm32cubeide_1.9.0/stm32cubeide/plugins/com.st.stm32cube.ide.mcu.externaltools.gnu-tools-for-stm32.10.3-2021.10.win32_1.0.0.202111181127/tools/bin/../lib/gcc/arm-none-eabi/10.3.1/../../../../arm-none-eabi/lib/thumb/v7e-m+fp/hard\libc_nano.a(lib_a-lseekr.o)
                0x000000000800b394                _lseek_r
 .text.__swhatbuf_r
                0x000000000800b3b8       0x4a d:/stm32cubeide_1.9.0/stm32cubeide/plugins/com.st.stm32cube.ide.mcu.externaltools.gnu-tools-for-stm32.10.3-2021.10.win32_1.0.0.202111181127/tools/bin/../lib/gcc/arm-none-eabi/10.3.1/../../../../arm-none-eabi/lib/thumb/v7e-m+fp/hard\libc_nano.a(lib_a-makebuf.o)
                0x000000000800b3b8                __swhatbuf_r
 *fill*         0x000000000800b402        0x2 
 .text.__smakebuf_r
                0x000000000800b404       0x80 d:/stm32cubeide_1.9.0/stm32cubeide/plugins/com.st.stm32cube.ide.mcu.externaltools.gnu-tools-for-stm32.10.3-2021.10.win32_1.0.0.202111181127/tools/bin/../lib/gcc/arm-none-eabi/10.3.1/../../../../arm-none-eabi/lib/thumb/v7e-m+fp/hard\libc_nano.a(lib_a-makebuf.o)
                0x000000000800b404                __smakebuf_r
 .text.memcpy   0x000000000800b484       0x1c d:/stm32cubeide_1.9.0/stm32cubeide/plugins/com.st.stm32cube.ide.mcu.externaltools.gnu-tools-for-stm32.10.3-2021.10.win32_1.0.0.202111181127/tools/bin/../lib/gcc/arm-none-eabi/10.3.1/../../../../arm-none-eabi/lib/thumb/v7e-m+fp/hard\libc_nano.a(lib_a-memcpy-stub.o)
                0x000000000800b484                memcpy
 .text.memmove  0x000000000800b4a0       0x34 d:/stm32cubeide_1.9.0/stm32cubeide/plugins/com.st.stm32cube.ide.mcu.externaltools.gnu-tools-for-stm32.10.3-2021.10.win32_1.0.0.202111181127/tools/bin/../lib/gcc/arm-none-eabi/10.3.1/../../../../arm-none-eabi/lib/thumb/v7e-m+fp/hard\libc_nano.a(lib_a-memmove.o)
                0x000000000800b4a0                memmove
 .text._realloc_r
                0x000000000800b4d4       0x5e d:/stm32cubeide_1.9.0/stm32cubeide/plugins/com.st.stm32cube.ide.mcu.externaltools.gnu-tools-for-stm32.10.3-2021.10.win32_1.0.0.202111181127/tools/bin/../lib/gcc/arm-none-eabi/10.3.1/../../../../arm-none-eabi/lib/thumb/v7e-m+fp/hard\libc_nano.a(lib_a-nano-reallocr.o)
                0x000000000800b4d4                _realloc_r
 .text._sungetc_r
                0x000000000800b532       0x7a d:/stm32cubeide_1.9.0/stm32cubeide/plugins/com.st.stm32cube.ide.mcu.externaltools.gnu-tools-for-stm32.10.3-2021.10.win32_1.0.0.202111181127/tools/bin/../lib/gcc/arm-none-eabi/10.3.1/../../../../arm-none-eabi/lib/thumb/v7e-m+fp/hard\libc_nano.a(lib_a-nano-svfscanf.o)
                0x000000000800b532                _sungetc_r
 .text.__ssrefill_r
                0x000000000800b5ac       0x3a d:/stm32cubeide_1.9.0/stm32cubeide/plugins/com.st.stm32cube.ide.mcu.externaltools.gnu-tools-for-stm32.10.3-2021.10.win32_1.0.0.202111181127/tools/bin/../lib/gcc/arm-none-eabi/10.3.1/../../../../arm-none-eabi/lib/thumb/v7e-m+fp/hard\libc_nano.a(lib_a-nano-svfscanf.o)
                0x000000000800b5ac                __ssrefill_r
 *fill*         0x000000000800b5e6        0x2 
 .text.__ssvfscanf_r
                0x000000000800b5e8      0x2f0 d:/stm32cubeide_1.9.0/stm32cubeide/plugins/com.st.stm32cube.ide.mcu.externaltools.gnu-tools-for-stm32.10.3-2021.10.win32_1.0.0.202111181127/tools/bin/../lib/gcc/arm-none-eabi/10.3.1/../../../../arm-none-eabi/lib/thumb/v7e-m+fp/hard\libc_nano.a(lib_a-nano-svfscanf.o)
                0x000000000800b5e8                __ssvfiscanf_r
                0x000000000800b5e8                __ssvfscanf_r
 .text._scanf_chars
                0x000000000800b8d8       0xb4 d:/stm32cubeide_1.9.0/stm32cubeide/plugins/com.st.stm32cube.ide.mcu.externaltools.gnu-tools-for-stm32.10.3-2021.10.win32_1.0.0.202111181127/tools/bin/../lib/gcc/arm-none-eabi/10.3.1/../../../../arm-none-eabi/lib/thumb/v7e-m+fp/hard\libc_nano.a(lib_a-nano-vfscanf_i.o)
                0x000000000800b8d8                _scanf_chars
 .text._scanf_i
                0x000000000800b98c      0x1f0 d:/stm32cubeide_1.9.0/stm32cubeide/plugins/com.st.stm32cube.ide.mcu.externaltools.gnu-tools-for-stm32.10.3-2021.10.win32_1.0.0.202111181127/tools/bin/../lib/gcc/arm-none-eabi/10.3.1/../../../../arm-none-eabi/lib/thumb/v7e-m+fp/hard\libc_nano.a(lib_a-nano-vfscanf_i.o)
                0x000000000800b98c                _scanf_i
 .text._read_r  0x000000000800bb7c       0x24 d:/stm32cubeide_1.9.0/stm32cubeide/plugins/com.st.stm32cube.ide.mcu.externaltools.gnu-tools-for-stm32.10.3-2021.10.win32_1.0.0.202111181127/tools/bin/../lib/gcc/arm-none-eabi/10.3.1/../../../../arm-none-eabi/lib/thumb/v7e-m+fp/hard\libc_nano.a(lib_a-readr.o)
                0x000000000800bb7c                _read_r
 .text.__sccl   0x000000000800bba0       0x70 d:/stm32cubeide_1.9.0/stm32cubeide/plugins/com.st.stm32cube.ide.mcu.externaltools.gnu-tools-for-stm32.10.3-2021.10.win32_1.0.0.202111181127/tools/bin/../lib/gcc/arm-none-eabi/10.3.1/../../../../arm-none-eabi/lib/thumb/v7e-m+fp/hard\libc_nano.a(lib_a-sccl.o)
                0x000000000800bba0                __sccl
 .text._raise_r
                0x000000000800bc10       0x50 d:/stm32cubeide_1.9.0/stm32cubeide/plugins/com.st.stm32cube.ide.mcu.externaltools.gnu-tools-for-stm32.10.3-2021.10.win32_1.0.0.202111181127/tools/bin/../lib/gcc/arm-none-eabi/10.3.1/../../../../arm-none-eabi/lib/thumb/v7e-m+fp/hard\libc_nano.a(lib_a-signal.o)
                0x000000000800bc10                _raise_r
 .text.raise    0x000000000800bc60       0x10 d:/stm32cubeide_1.9.0/stm32cubeide/plugins/com.st.stm32cube.ide.mcu.externaltools.gnu-tools-for-stm32.10.3-2021.10.win32_1.0.0.202111181127/tools/bin/../lib/gcc/arm-none-eabi/10.3.1/../../../../arm-none-eabi/lib/thumb/v7e-m+fp/hard\libc_nano.a(lib_a-signal.o)
                0x000000000800bc60                raise
 .text._kill_r  0x000000000800bc70       0x24 d:/stm32cubeide_1.9.0/stm32cubeide/plugins/com.st.stm32cube.ide.mcu.externaltools.gnu-tools-for-stm32.10.3-2021.10.win32_1.0.0.202111181127/tools/bin/../lib/gcc/arm-none-eabi/10.3.1/../../../../arm-none-eabi/lib/thumb/v7e-m+fp/hard\libc_nano.a(lib_a-signalr.o)
                0x000000000800bc70                _kill_r
 .text._getpid_r
                0x000000000800bc94        0x4 d:/stm32cubeide_1.9.0/stm32cubeide/plugins/com.st.stm32cube.ide.mcu.externaltools.gnu-tools-for-stm32.10.3-2021.10.win32_1.0.0.202111181127/tools/bin/../lib/gcc/arm-none-eabi/10.3.1/../../../../arm-none-eabi/lib/thumb/v7e-m+fp/hard\libc_nano.a(lib_a-signalr.o)
                0x000000000800bc94                _getpid_r
 .text._strtol_l.constprop.0
                0x000000000800bc98      0x104 d:/stm32cubeide_1.9.0/stm32cubeide/plugins/com.st.stm32cube.ide.mcu.externaltools.gnu-tools-for-stm32.10.3-2021.10.win32_1.0.0.202111181127/tools/bin/../lib/gcc/arm-none-eabi/10.3.1/../../../../arm-none-eabi/lib/thumb/v7e-m+fp/hard\libc_nano.a(lib_a-strtol.o)
 .text._strtol_r
                0x000000000800bd9c        0x4 d:/stm32cubeide_1.9.0/stm32cubeide/plugins/com.st.stm32cube.ide.mcu.externaltools.gnu-tools-for-stm32.10.3-2021.10.win32_1.0.0.202111181127/tools/bin/../lib/gcc/arm-none-eabi/10.3.1/../../../../arm-none-eabi/lib/thumb/v7e-m+fp/hard\libc_nano.a(lib_a-strtol.o)
                0x000000000800bd9c                _strtol_r
 .text.__submore
                0x000000000800bda0       0x74 d:/stm32cubeide_1.9.0/stm32cubeide/plugins/com.st.stm32cube.ide.mcu.externaltools.gnu-tools-for-stm32.10.3-2021.10.win32_1.0.0.202111181127/tools/bin/../lib/gcc/arm-none-eabi/10.3.1/../../../../arm-none-eabi/lib/thumb/v7e-m+fp/hard\libc_nano.a(lib_a-ungetc.o)
                0x000000000800bda0                __submore
 .text._fstat_r
                0x000000000800be14       0x24 d:/stm32cubeide_1.9.0/stm32cubeide/plugins/com.st.stm32cube.ide.mcu.externaltools.gnu-tools-for-stm32.10.3-2021.10.win32_1.0.0.202111181127/tools/bin/../lib/gcc/arm-none-eabi/10.3.1/../../../../arm-none-eabi/lib/thumb/v7e-m+fp/hard\libc_nano.a(lib_a-fstatr.o)
                0x000000000800be14                _fstat_r
 .text._isatty_r
                0x000000000800be38       0x20 d:/stm32cubeide_1.9.0/stm32cubeide/plugins/com.st.stm32cube.ide.mcu.externaltools.gnu-tools-for-stm32.10.3-2021.10.win32_1.0.0.202111181127/tools/bin/../lib/gcc/arm-none-eabi/10.3.1/../../../../arm-none-eabi/lib/thumb/v7e-m+fp/hard\libc_nano.a(lib_a-isattyr.o)
                0x000000000800be38                _isatty_r
 .text._malloc_usable_size_r
                0x000000000800be58       0x10 d:/stm32cubeide_1.9.0/stm32cubeide/plugins/com.st.stm32cube.ide.mcu.externaltools.gnu-tools-for-stm32.10.3-2021.10.win32_1.0.0.202111181127/tools/bin/../lib/gcc/arm-none-eabi/10.3.1/../../../../arm-none-eabi/lib/thumb/v7e-m+fp/hard\libc_nano.a(lib_a-nano-msizer.o)
                0x000000000800be58                _malloc_usable_size_r
 *(.glue_7)
 .glue_7        0x000000000800be68        0x0 linker stubs
 *(.glue_7t)
 .glue_7t       0x000000000800be68        0x0 linker stubs
 *(.eh_frame)
 .eh_frame      0x000000000800be68        0x0 d:/stm32cubeide_1.9.0/stm32cubeide/plugins/com.st.stm32cube.ide.mcu.externaltools.gnu-tools-for-stm32.10.3-2021.10.win32_1.0.0.202111181127/tools/bin/../lib/gcc/arm-none-eabi/10.3.1/thumb/v7e-m+fp/hard/crtbegin.o
 *(.init)
 .init          0x000000000800be68        0x4 d:/stm32cubeide_1.9.0/stm32cubeide/plugins/com.st.stm32cube.ide.mcu.externaltools.gnu-tools-for-stm32.10.3-2021.10.win32_1.0.0.202111181127/tools/bin/../lib/gcc/arm-none-eabi/10.3.1/thumb/v7e-m+fp/hard/crti.o
                0x000000000800be68                _init