../Core/Src/main.c:101:5:main	8	static
../Core/Src/main.c:175:6:SystemClock_Config	88	static
../Core/Src/main.c:226:13:MX_ADC3_Init	24	static
../Core/Src/main.c:278:13:MX_I2C1_Init	8	static
../Core/Src/main.c:326:13:MX_RTC_Init	8	static
../Core/Src/main.c:368:13:MX_TIM3_Init	40	static
../Core/Src/main.c:413:13:MX_TIM4_Init	48	static
../Core/Src/main.c:462:13:MX_TIM6_Init	24	static
../Core/Src/main.c:500:13:MX_USART3_UART_Init	8	static
../Core/Src/main.c:535:13:MX_USART6_UART_Init	8	static
../Core/Src/main.c:570:13:MX_USB_OTG_FS_PCD_Init	8	static
../Core/Src/main.c:605:13:MX_GPIO_Init	56	static
../Core/Src/main.c:690:6:Error_Handler	4	static,ignoring_inline_asm
