../Core/Src/main.c:109:5:main	8	static
../Core/Src/main.c:181:6:SystemClock_Config	88	static
../Core/Src/main.c:232:13:MX_ADC3_Init	24	static
../Core/Src/main.c:284:13:MX_I2C1_Init	8	static
../Core/Src/main.c:332:13:MX_RTC_Init	8	static
../Core/Src/main.c:374:13:MX_TIM3_Init	40	static
../Core/Src/main.c:419:13:MX_TIM4_Init	48	static
../Core/Src/main.c:468:13:MX_TIM6_Init	24	static
../Core/Src/main.c:506:13:MX_USART3_UART_Init	8	static
../Core/Src/main.c:541:13:MX_USART6_UART_Init	8	static
../Core/Src/main.c:576:13:MX_USB_OTG_FS_PCD_Init	8	static
../Core/Src/main.c:611:13:MX_GPIO_Init	56	static
../Core/Src/main.c:686:6:Error_Handler	4	static,ignoring_inline_asm
