../Core/Lib/Src/ds1302.c:45:6:delayUS	24	static
../Core/Lib/Src/ds1302.c:58:13:set_rst	8	static
../Core/Lib/Src/ds1302.c:69:13:set_clk	8	static
../Core/Lib/Src/ds1302.c:80:13:reset_clk	8	static
../Core/Lib/Src/ds1302.c:91:13:reset_rst	8	static
../Core/Lib/Src/ds1302.c:101:13:set_clk_cycle	8	static
../Core/Lib/Src/ds1302.c:114:13:set_data	8	static
../Core/Lib/Src/ds1302.c:124:13:reset_data	8	static
../Core/Lib/Src/ds1302.c:134:13:set_idle_state	8	static
../Core/Lib/Src/ds1302.c:147:6:ds1302_init	32	static
../Core/Lib/Src/ds1302.c:170:13:set_read_mode	32	static
../Core/Lib/Src/ds1302.c:185:13:set_write_mode	32	static
../Core/Lib/Src/ds1302.c:200:13:write_cmd	24	static
../Core/Lib/Src/ds1302.c:220:13:write_data	24	static
../Core/Lib/Src/ds1302.c:235:22:read_data_pin	8	static
../Core/Lib/Src/ds1302.c:246:16:read_data	24	static
../Core/Lib/Src/ds1302.c:284:6:ds1302_get_time	32	static
../Core/Lib/Src/ds1302.c:309:6:ds1302_set_time	24	static
../Core/Lib/Src/ds1302.c:353:6:ds1302_write_ram	16	static
../Core/Lib/Src/ds1302.c:372:9:ds1302_read_ram	16	static
../Core/Lib/Src/ds1302.c:386:6:ds1302_clear_ram	16	static
../Core/Lib/Src/ds1302.c:400:13:ds1302_get_clock_system	8	static
../Core/Lib/Src/ds1302.c:411:13:ds1302_get_clock_period	8	static
../Core/Lib/Src/ds1302.c:425:13:read_burst	24	static
../Core/Lib/Src/ds1302.c:465:13:write_burst	24	static
../Core/Lib/Src/ds1302.c:489:6:ds1302_write_ram_burst	16	static
../Core/Lib/Src/ds1302.c:508:6:ds1302_read_ram_burst	16	static
