../Core/Lib/Src/lcd_menu.c:37:6:opening	8	static
../Core/Lib/Src/lcd_menu.c:58:6:startToggle	4	static
../Core/Lib/Src/lcd_menu.c:61:6:printCalender	96	static
../Core/Lib/Src/lcd_menu.c:81:6:printDefault	24	static
../Core/Lib/Src/lcd_menu.c:99:6:printClock	40	static
../Core/Lib/Src/lcd_menu.c:116:6:printDht	96	static
../Core/Lib/Src/lcd_menu.c:129:6:print_Set_time	40	static
../Core/Lib/Src/lcd_menu.c:145:6:toggleScreen	8	static
../Core/Lib/Src/lcd_menu.c:149:6:menuSelect	40	static
../Core/Lib/Src/lcd_menu.c:178:6:timer_cancle_lcd	8	static
../Core/Lib/Src/lcd_menu.c:192:6:timer_lcd	8	static
../Core/Lib/Src/lcd_menu.c:206:6:n_timer_show	32	static
../Core/Lib/Src/lcd_menu.c:219:6:n_alarm_show	8	static
../Core/Lib/Src/lcd_menu.c:227:6:n_modify_show	8	static
../Core/Lib/Src/lcd_menu.c:235:6:check_timer_lcd	32	static
../Core/Lib/Src/lcd_menu.c:248:6:check_alarm_change_lcd	32	static
../Core/Lib/Src/lcd_menu.c:271:6:check_alarm_lcd	8	static
../Core/Lib/Src/lcd_menu.c:280:6:alarm_lcd	8	static
../Core/Lib/Src/lcd_menu.c:295:6:check_modify_lcd	8	static
