../Core/Lib/Src/lcd_menu.c:36:6:opening	16	static
../Core/Lib/Src/lcd_menu.c:53:6:startToggle	4	static
../Core/Lib/Src/lcd_menu.c:56:6:printCalender	96	static
../Core/Lib/Src/lcd_menu.c:76:6:printDefault	24	static
../Core/Lib/Src/lcd_menu.c:94:6:printClock	40	static
../Core/Lib/Src/lcd_menu.c:111:6:printDht	96	static
../Core/Lib/Src/lcd_menu.c:124:6:print_Set_time	40	static
../Core/Lib/Src/lcd_menu.c:140:6:toggleScreen	8	static
../Core/Lib/Src/lcd_menu.c:144:6:menuSelect	40	static
../Core/Lib/Src/lcd_menu.c:173:6:timer_cancle_lcd	8	static
../Core/Lib/Src/lcd_menu.c:187:6:timer_lcd	8	static
../Core/Lib/Src/lcd_menu.c:201:6:n_timer_show	32	static
../Core/Lib/Src/lcd_menu.c:214:6:n_alarm_show	8	static
../Core/Lib/Src/lcd_menu.c:222:6:n_modify_show	8	static
../Core/Lib/Src/lcd_menu.c:230:6:check_timer_lcd	32	static
../Core/Lib/Src/lcd_menu.c:243:6:check_alarm_change_lcd	32	static
../Core/Lib/Src/lcd_menu.c:266:6:check_alarm_lcd	8	static
../Core/Lib/Src/lcd_menu.c:275:6:alarm_lcd	8	static
../Core/Lib/Src/lcd_menu.c:290:6:check_modify_lcd	8	static
