../Core/Lib/Src/lcd_menu.c:45:6:opening	16	static
../Core/Lib/Src/lcd_menu.c:67:6:printCalender	96	static
../Core/Lib/Src/lcd_menu.c:95:6:printDefault	24	static
../Core/Lib/Src/lcd_menu.c:118:6:printClock	40	static
../Core/Lib/Src/lcd_menu.c:136:6:printDht	96	static
../Core/Lib/Src/lcd_menu.c:150:6:print_Set_time	40	static
../Core/Lib/Src/lcd_menu.c:168:6:toggleScreen	8	static
../Core/Lib/Src/lcd_menu.c:173:6:menuSelect	40	static
../Core/Lib/Src/lcd_menu.c:222:6:timer_cancle_lcd	8	static
../Core/Lib/Src/lcd_menu.c:236:6:timer_lcd	8	static
../Core/Lib/Src/lcd_menu.c:250:6:n_timer_show	32	static
../Core/Lib/Src/lcd_menu.c:263:6:n_alarm_show	8	static
../Core/Lib/Src/lcd_menu.c:271:6:n_modify_show	8	static
../Core/Lib/Src/lcd_menu.c:279:6:check_timer_lcd	32	static
../Core/Lib/Src/lcd_menu.c:292:6:check_alarm_change_lcd	32	static
../Core/Lib/Src/lcd_menu.c:315:6:check_alarm_lcd	8	static
../Core/Lib/Src/lcd_menu.c:324:6:alarm_lcd	8	static
../Core/Lib/Src/lcd_menu.c:339:6:check_modify_lcd	8	static
