../Core/Lib/Src/subContorl.c:24:6:handleButtonPress	16	static
../Core/Lib/Src/subContorl.c:48:6:processTimerMinute	8	static
../Core/Lib/Src/subContorl.c:55:6:processTimerSecond	8	static
../Core/Lib/Src/subContorl.c:62:6:processTimerReview	8	static
../Core/Lib/Src/subContorl.c:75:6:processAlarmChangeCheck	8	static
../Core/Lib/Src/subContorl.c:84:6:processAlarmHour	24	static
../Core/Lib/Src/subContorl.c:96:6:processAlarmMinute	24	static
../Core/Lib/Src/subContorl.c:108:6:processAlarmReview	8	static
../Core/Lib/Src/subContorl.c:113:6:processAlarmFinalization	16	static
../Core/Lib/Src/subContorl.c:125:6:processModifyCalender	16	static
../Core/Lib/Src/subContorl.c:129:6:processModifyCheck	16	static
../Core/Lib/Src/subContorl.c:134:6:processModifyFinalization	24	static
../Core/Lib/Src/subContorl.c:142:6:timer_Process	8	static
../Core/Lib/Src/subContorl.c:156:6:alarm_Process	8	static
../Core/Lib/Src/subContorl.c:178:6:modify_Process	8	static
