../Core/Lib/Src/timer_mode.c:41:5:getMode	4	static
../Core/Lib/Src/timer_mode.c:44:6:setMode	16	static
../Core/Lib/Src/timer_mode.c:49:5:getTimerState	4	static
../Core/Lib/Src/timer_mode.c:52:6:setTimerState	16	static
../Core/Lib/Src/timer_mode.c:56:5:getAlarmState	4	static
../Core/Lib/Src/timer_mode.c:59:6:setAlarmState	16	static
../Core/Lib/Src/timer_mode.c:64:5:getTimerCompleted	4	static
../Core/Lib/Src/timer_mode.c:67:6:setTimerCompleted	16	static
../Core/Lib/Src/timer_mode.c:71:5:getAlarmCompleted	4	static
../Core/Lib/Src/timer_mode.c:74:6:setAlarmCompleted	16	static
../Core/Lib/Src/timer_mode.c:78:6:setCompleted	16	static
../Core/Lib/Src/timer_mode.c:88:5:getnHour	4	static
../Core/Lib/Src/timer_mode.c:92:6:setnHour	16	static
../Core/Lib/Src/timer_mode.c:99:5:getnMinute	4	static
../Core/Lib/Src/timer_mode.c:102:6:setnMinute	16	static
../Core/Lib/Src/timer_mode.c:106:5:getnSecond	4	static
../Core/Lib/Src/timer_mode.c:109:6:setnSecond	16	static
../Core/Lib/Src/timer_mode.c:113:5:getnYear	4	static
../Core/Lib/Src/timer_mode.c:117:6:setnYear	16	static
../Core/Lib/Src/timer_mode.c:121:5:getnMonth	4	static
../Core/Lib/Src/timer_mode.c:124:6:setnMonth	16	static
../Core/Lib/Src/timer_mode.c:127:5:getnDay	4	static
../Core/Lib/Src/timer_mode.c:130:6:setnDay	16	static
../Core/Lib/Src/timer_mode.c:134:5:getPos	4	static
../Core/Lib/Src/timer_mode.c:137:6:setPos	16	static
