../Core/Lib/Src/timer_mode.c:38:5:getMode	4	static
../Core/Lib/Src/timer_mode.c:41:6:setMode	16	static
../Core/Lib/Src/timer_mode.c:46:5:getTimerState	4	static
../Core/Lib/Src/timer_mode.c:49:6:setTimerState	16	static
../Core/Lib/Src/timer_mode.c:53:5:getAlarmState	4	static
../Core/Lib/Src/timer_mode.c:56:6:setAlarmState	16	static
../Core/Lib/Src/timer_mode.c:61:5:getTimerCompleted	4	static
../Core/Lib/Src/timer_mode.c:64:6:setTimerCompleted	16	static
../Core/Lib/Src/timer_mode.c:68:5:getAlarmCompleted	4	static
../Core/Lib/Src/timer_mode.c:71:6:setAlarmCompleted	16	static
../Core/Lib/Src/timer_mode.c:76:6:setCompleted	16	static
../Core/Lib/Src/timer_mode.c:87:5:getnHour	4	static
../Core/Lib/Src/timer_mode.c:91:6:setnHour	16	static
../Core/Lib/Src/timer_mode.c:98:5:getnMinute	4	static
../Core/Lib/Src/timer_mode.c:101:6:setnMinute	16	static
../Core/Lib/Src/timer_mode.c:105:5:getnSecond	4	static
../Core/Lib/Src/timer_mode.c:108:6:setnSecond	16	static
../Core/Lib/Src/timer_mode.c:113:5:getnYear	4	static
../Core/Lib/Src/timer_mode.c:117:6:setnYear	16	static
../Core/Lib/Src/timer_mode.c:122:5:getnMonth	4	static
../Core/Lib/Src/timer_mode.c:125:6:setnMonth	16	static
../Core/Lib/Src/timer_mode.c:130:5:getnDay	4	static
../Core/Lib/Src/timer_mode.c:133:6:setnDay	16	static
../Core/Lib/Src/timer_mode.c:137:5:getPos	4	static
../Core/Lib/Src/timer_mode.c:141:6:setPos	16	static
